::1 - - [20/Jul/2014:06:25:08 -0400] "OPTIONS * HTTP/1.0" 200 126 "-" "Apache/2.2.22 (Debian) (internal dummy connection)"
::1 - - [20/Jul/2014:06:25:08 -0400] "OPTIONS * HTTP/1.0" 200 126 "-" "Apache/2.2.22 (Debian) (internal dummy connection)"
::1 - - [20/Jul/2014:06:25:08 -0400] "OPTIONS * HTTP/1.0" 200 126 "-" "Apache/2.2.22 (Debian) (internal dummy connection)"
::1 - - [20/Jul/2014:06:25:08 -0400] "OPTIONS * HTTP/1.0" 200 126 "-" "Apache/2.2.22 (Debian) (internal dummy connection)"
::1 - - [20/Jul/2014:06:25:08 -0400] "OPTIONS * HTTP/1.0" 200 126 "-" "Apache/2.2.22 (Debian) (internal dummy connection)"
::1 - - [20/Jul/2014:06:25:08 -0400] "OPTIONS * HTTP/1.0" 200 126 "-" "Apache/2.2.22 (Debian) (internal dummy connection)"
::1 - - [20/Jul/2014:06:25:08 -0400] "OPTIONS * HTTP/1.0" 200 126 "-" "Apache/2.2.22 (Debian) (internal dummy connection)"
202.46.57.63 - - [20/Jul/2014:11:06:25 +0000] "GET / HTTP/1.1" 500 37960 "-" "Mozilla/4.0 (compatible; MSIE 7.0; Windows NT 6.0)"
119.63.193.130 - - [20/Jul/2014:11:07:35 +0000] "GET / HTTP/1.1" 500 37960 "-" "Mozilla/4.0 (compatible; MSIE 7.0; Windows NT 6.0)"
124.160.193.67 - - [20/Jul/2014:11:47:41 +0000] "GET /manager/html HTTP/1.1" 500 13873 "-" "Mozilla/5.0 (Windows NT 5.1; rv:5.0) Gecko/20100101 Firefox/5.0"
24.14.114.217 - - [20/Jul/2014:12:43:33 +0000] "\x80w\x01\x03\x01" 500 37648 "-" "-"
24.14.114.217 - - [20/Jul/2014:12:43:34 +0000] "GET /HNAP1/ HTTP/1.1" 500 12750 "http://66.228.40.92/" "Opera/9.60 (Windows NT 5.1; U; de) Presto/2.1.1"
202.46.60.65 - - [20/Jul/2014:13:10:52 +0000] "GET / HTTP/1.1" 500 37960 "-" "Mozilla/4.0 (compatible; MSIE 7.0; Windows NT 6.0)"
119.63.193.130 - - [20/Jul/2014:13:12:14 +0000] "GET / HTTP/1.1" 500 37960 "-" "Mozilla/4.0 (compatible; MSIE 7.0; Windows NT 6.0)"
31.168.189.1 - - [20/Jul/2014:13:13:33 +0000] "GET /upload/Gangnam%20Style!.JPG HTTP/1.1" 500 89859 "-" "Mozilla/4.0"
31.168.189.1 - - [20/Jul/2014:13:13:35 +0000] "GET /upload/Gangnam%20Style!.JPG HTTP/1.1" 500 90088 "-" "Mozilla/4.0"
31.168.189.1 - - [20/Jul/2014:14:16:56 +0000] "GET /upload/Gangnam%20Style!.JPG HTTP/1.1" 500 89859 "-" "Mozilla/4.0"
31.168.189.1 - - [20/Jul/2014:14:16:57 +0000] "GET /upload/Gangnam%20Style!.JPG HTTP/1.1" 500 90088 "-" "Mozilla/4.0"
31.168.189.1 - - [20/Jul/2014:14:56:07 +0000] "GET /upload/Gangnam%20Style!.JPG HTTP/1.1" 500 89859 "-" "Mozilla/4.0"
31.168.189.1 - - [20/Jul/2014:14:56:08 +0000] "GET /upload/Gangnam%20Style!.JPG HTTP/1.1" 500 90088 "-" "Mozilla/4.0"
192.81.131.15 - - [20/Jul/2014:14:57:13 +0000] "GET / HTTP/1.0" 500 6000 "-" "research-scanner/1.0 (www.internetscanningproject.org)"
202.46.55.52 - - [20/Jul/2014:15:04:26 +0000] "GET / HTTP/1.1" 500 37960 "-" "Mozilla/4.0 (compatible; MSIE 7.0; Windows NT 6.0)"
119.63.193.132 - - [20/Jul/2014:15:05:32 +0000] "GET / HTTP/1.1" 500 37960 "-" "Mozilla/4.0 (compatible; MSIE 7.0; Windows NT 6.0)"
66.249.83.90 - - [20/Jul/2014:15:13:51 +0000] "GET / HTTP/1.1" 500 12716 "-" "Mozilla/5.0 (Windows NT 6.1; rv:6.0) Gecko/20110814 Firefox/6.0 Google favicon"
31.168.189.1 - - [20/Jul/2014:16:25:24 +0000] "GET /upload/Gangnam%20Style!.JPG HTTP/1.1" 500 89859 "-" "Mozilla/4.0"
31.168.189.1 - - [20/Jul/2014:16:25:25 +0000] "GET /upload/Gangnam%20Style!.JPG HTTP/1.1" 500 90085 "-" "Mozilla/4.0"
91.250.15.69 - - [20/Jul/2014:16:27:53 +0000] "GET / HTTP/1.0" 500 37960 "-" "Mozilla/4.0 (compatible; MSIE 6.0; Windows NT 5.1)"
202.46.51.51 - - [20/Jul/2014:17:11:30 +0000] "GET / HTTP/1.1" 500 37960 "-" "Mozilla/4.0 (compatible; MSIE 7.0; Windows NT 6.0)"
119.63.193.130 - - [20/Jul/2014:17:12:55 +0000] "GET / HTTP/1.1" 500 37960 "-" "Mozilla/4.0 (compatible; MSIE 7.0; Windows NT 6.0)"
54.81.14.244 - - [20/Jul/2014:18:00:52 +0000] "HEAD / HTTP/1.1" 500 203 "-" "Cloud mapping experiment. Contact research@pdrlabs.net"
31.168.189.1 - - [20/Jul/2014:18:10:49 +0000] "GET /upload/Gangnam%20Style!.JPG HTTP/1.1" 500 89859 "-" "Mozilla/4.0"
31.168.189.1 - - [20/Jul/2014:18:10:50 +0000] "GET /upload/Gangnam%20Style!.JPG HTTP/1.1" 500 90088 "-" "Mozilla/4.0"
100.43.81.140 - - [20/Jul/2014:18:49:48 +0000] "GET /robots.txt HTTP/1.1" 200 300 "-" "Mozilla/5.0 (compatible; YandexBot/3.0; +http://yandex.com/bots)"
31.168.189.1 - - [20/Jul/2014:18:58:20 +0000] "GET /upload/Gangnam%20Style!.JPG HTTP/1.1" 500 89859 "-" "Mozilla/4.0"
31.168.189.1 - - [20/Jul/2014:18:58:21 +0000] "GET /upload/Gangnam%20Style!.JPG HTTP/1.1" 500 90088 "-" "Mozilla/4.0"
202.46.63.79 - - [20/Jul/2014:19:07:59 +0000] "GET / HTTP/1.1" 500 37960 "-" "Mozilla/4.0 (compatible; MSIE 7.0; Windows NT 6.0)"
119.63.193.196 - - [20/Jul/2014:19:09:12 +0000] "GET / HTTP/1.1" 500 37960 "-" "Mozilla/4.0 (compatible; MSIE 7.0; Windows NT 6.0)"
66.249.66.175 - - [20/Jul/2014:19:28:45 +0000] "GET /robots.txt HTTP/1.1" 200 344 "-" "Mozilla/5.0 (compatible; Googlebot/2.1; +http://www.google.com/bot.html)"
66.249.66.175 - - [20/Jul/2014:19:28:45 +0000] "GET /forum.html HTTP/1.1" 500 13941 "-" "Mozilla/5.0 (iPhone; CPU iPhone OS 6_0 like Mac OS X) AppleWebKit/536.26 (KHTML, like Gecko) Version/6.0 Mobile/10A5376e Safari/8536.25 (compatible; Googlebot/2.1; +http://www.google.com/bot.html)"
31.168.189.1 - - [20/Jul/2014:20:04:07 +0000] "GET /upload/Gangnam%20Style!.JPG HTTP/1.1" 500 89859 "-" "Mozilla/4.0"
31.168.189.1 - - [20/Jul/2014:20:04:09 +0000] "GET /upload/Gangnam%20Style!.JPG HTTP/1.1" 500 90088 "-" "Mozilla/4.0"
202.46.54.46 - - [20/Jul/2014:21:07:24 +0000] "GET / HTTP/1.1" 500 37960 "-" "Mozilla/4.0 (compatible; MSIE 7.0; Windows NT 6.0)"
119.63.193.195 - - [20/Jul/2014:21:08:35 +0000] "GET / HTTP/1.1" 500 37960 "-" "Mozilla/4.0 (compatible; MSIE 7.0; Windows NT 6.0)"
66.249.66.175 - - [20/Jul/2014:21:28:34 +0000] "GET / HTTP/1.1" 500 12679 "-" "Mozilla/5.0 (compatible; Googlebot/2.1; +http://www.google.com/bot.html)"
31.168.189.1 - - [20/Jul/2014:21:29:19 +0000] "GET /upload/Gangnam%20Style!.JPG HTTP/1.1" 500 89859 "-" "Mozilla/4.0"
31.168.189.1 - - [20/Jul/2014:21:29:20 +0000] "GET /upload/Gangnam%20Style!.JPG HTTP/1.1" 500 90088 "-" "Mozilla/4.0"
100.43.81.140 - - [20/Jul/2014:22:28:56 +0000] "GET / HTTP/1.1" 500 12732 "-" "Mozilla/5.0 (compatible; YandexBot/3.0; +http://yandex.com/bots)"
202.46.63.121 - - [20/Jul/2014:22:47:38 +0000] "GET / HTTP/1.1" 500 37960 "-" "Mozilla/4.0 (compatible; MSIE 7.0; Windows NT 6.0)"
119.63.193.131 - - [20/Jul/2014:22:47:57 +0000] "GET / HTTP/1.1" 500 37960 "-" "Mozilla/4.0 (compatible; MSIE 7.0; Windows NT 6.0)"
162.242.223.43 - - [20/Jul/2014:22:54:18 +0000] "HEAD / HTTP/1.0" 500 203 "-" "-"
173.230.156.31 - - [21/Jul/2014:00:13:44 +0000] "GET / HTTP/1.0" 500 6000 "-" "research-scanner/1.0 (www.internetscanningproject.org)"
66.249.66.175 - - [21/Jul/2014:00:42:04 +0000] "GET /forum.html HTTP/1.1" 500 13918 "-" "Mozilla/5.0 (iPhone; CPU iPhone OS 6_0 like Mac OS X) AppleWebKit/536.26 (KHTML, like Gecko) Version/6.0 Mobile/10A5376e Safari/8536.25 (compatible; Googlebot/2.1; +http://www.google.com/bot.html)"
202.46.62.209 - - [21/Jul/2014:01:10:00 +0000] "GET / HTTP/1.1" 500 37960 "-" "Mozilla/4.0 (compatible; MSIE 7.0; Windows NT 6.0)"
119.63.193.130 - - [21/Jul/2014:01:11:21 +0000] "GET / HTTP/1.1" 500 37960 "-" "Mozilla/4.0 (compatible; MSIE 7.0; Windows NT 6.0)"
115.29.177.30 - - [21/Jul/2014:01:15:44 +0000] "GET /phpmyadmin/main.php HTTP/1.0" 500 89154 "-" "-"
115.29.177.30 - - [21/Jul/2014:01:15:45 +0000] "GET /phpMyAdmin/main.php HTTP/1.0" 500 89154 "-" "-"
115.29.177.30 - - [21/Jul/2014:01:15:46 +0000] "GET /pma/main.php HTTP/1.0" 500 88993 "-" "-"
115.29.177.30 - - [21/Jul/2014:01:15:47 +0000] "GET /mysql/main.php HTTP/1.0" 500 89039 "-" "-"
115.29.177.30 - - [21/Jul/2014:01:15:48 +0000] "GET /sql/main.php HTTP/1.0" 500 88993 "-" "-"
115.29.177.30 - - [21/Jul/2014:01:15:49 +0000] "GET /PMA/main.php HTTP/1.0" 500 88993 "-" "-"
115.29.177.30 - - [21/Jul/2014:01:15:50 +0000] "GET /admin/main.php HTTP/1.0" 500 89039 "-" "-"
115.29.177.30 - - [21/Jul/2014:01:15:51 +0000] "GET /dbadmin/main.php HTTP/1.0" 500 89085 "-" "-"
115.29.177.30 - - [21/Jul/2014:01:15:52 +0000] "GET /myadmin/main.php HTTP/1.0" 500 89085 "-" "-"
115.29.177.30 - - [21/Jul/2014:01:15:53 +0000] "GET /db/main.php HTTP/1.0" 500 88970 "-" "-"
115.29.177.30 - - [21/Jul/2014:01:15:54 +0000] "GET /sqlmanager/main.php HTTP/1.0" 500 89154 "-" "-"
115.29.177.30 - - [21/Jul/2014:01:15:55 +0000] "GET /phpmyadmin2/main.php HTTP/1.0" 500 89177 "-" "-"
115.29.177.30 - - [21/Jul/2014:01:15:56 +0000] "GET /phpMyAdmin2/main.php HTTP/1.0" 500 89177 "-" "-"
115.29.177.30 - - [21/Jul/2014:01:15:57 +0000] "GET /phpMyAdmin-2/main.php HTTP/1.0" 500 89200 "-" "-"
115.29.177.30 - - [21/Jul/2014:01:15:58 +0000] "GET /php-my-admin/main.php HTTP/1.0" 500 89200 "-" "-"
115.29.177.30 - - [21/Jul/2014:01:15:59 +0000] "GET /phpMyAdmin-3.5.8-rc1/main.php HTTP/1.0" 500 89384 "-" "-"
115.29.177.30 - - [21/Jul/2014:01:16:00 +0000] "GET /phpMyAdmin-4.0.0-rc1/main.php HTTP/1.0" 500 89384 "-" "-"
115.29.177.30 - - [21/Jul/2014:01:16:01 +0000] "GET /phpMyAdmin-3.5.7-1/main.php HTTP/1.0" 500 89338 "-" "-"
115.29.177.30 - - [21/Jul/2014:01:16:02 +0000] "GET /phpMyAdmin-3.5.7/main.php HTTP/1.0" 500 89292 "-" "-"
115.29.177.30 - - [21/Jul/2014:01:16:03 +0000] "GET /phpMyAdmin-3.5.6/main.php HTTP/1.0" 500 89292 "-" "-"
115.29.177.30 - - [21/Jul/2014:01:16:04 +0000] "GET /phpMyAdmin-3.5.5/main.php HTTP/1.0" 500 89292 "-" "-"
115.29.177.30 - - [21/Jul/2014:01:16:05 +0000] "GET /phpMyAdmin-3.5.4/main.php HTTP/1.0" 500 89292 "-" "-"
115.29.177.30 - - [21/Jul/2014:01:16:06 +0000] "GET /phpMyAdmin-3.5.3/main.php HTTP/1.0" 500 89292 "-" "-"
115.29.177.30 - - [21/Jul/2014:01:16:07 +0000] "GET /phpMyAdmin-3.5.2.2/main.php HTTP/1.0" 500 89338 "-" "-"
115.29.177.30 - - [21/Jul/2014:01:16:08 +0000] "GET /phpMyAdmin-3.4.11.1/main.php HTTP/1.0" 500 89361 "-" "-"
115.29.177.30 - - [21/Jul/2014:01:16:09 +0000] "GET /phpMyAdmin-3.4.11.1-1/main.php HTTP/1.0" 500 89407 "-" "-"
115.29.177.30 - - [21/Jul/2014:01:16:10 +0000] "GET /phpMyAdmin-3.5.2.1/main.php HTTP/1.0" 500 89338 "-" "-"
115.29.177.30 - - [21/Jul/2014:01:16:11 +0000] "GET /phpMyAdmin-3.5.2/main.php HTTP/1.0" 500 89292 "-" "-"
115.29.177.30 - - [21/Jul/2014:01:16:11 +0000] "GET /phpMyAdmin-3.5.1/main.php HTTP/1.0" 500 89292 "-" "-"
115.29.177.30 - - [21/Jul/2014:01:16:12 +0000] "GET /phpMyAdmin-3.4.11/main.php HTTP/1.0" 500 89315 "-" "-"
115.29.177.30 - - [21/Jul/2014:01:16:13 +0000] "GET /phpMyAdmin-3.5.0/main.php HTTP/1.0" 500 89292 "-" "-"
115.29.177.30 - - [21/Jul/2014:01:16:14 +0000] "GET /phpMyAdmin-3.4.10.2/main.php HTTP/1.0" 500 89361 "-" "-"
115.29.177.30 - - [21/Jul/2014:01:16:15 +0000] "GET /phpMyAdmin-3.4.10.1/main.php HTTP/1.0" 500 89361 "-" "-"
115.29.177.30 - - [21/Jul/2014:01:16:16 +0000] "GET /phpMyAdmin-3.4.10/main.php HTTP/1.0" 500 89315 "-" "-"
115.29.177.30 - - [21/Jul/2014:01:16:17 +0000] "GET /phpMyAdmin-3.4.9/main.php HTTP/1.0" 500 89292 "-" "-"
115.29.177.30 - - [21/Jul/2014:01:16:18 +0000] "GET /phpMyAdmin-3.4.8/main.php HTTP/1.0" 500 89292 "-" "-"
115.29.177.30 - - [21/Jul/2014:01:16:19 +0000] "GET /phpMyAdmin-3.4.7.1/main.php HTTP/1.0" 500 89338 "-" "-"
115.29.177.30 - - [21/Jul/2014:01:16:20 +0000] "GET /phpMyAdmin-3.3.10.5/main.php HTTP/1.0" 500 89361 "-" "-"
115.29.177.30 - - [21/Jul/2014:01:16:21 +0000] "GET /phpMyAdmin-3.4.7/main.php HTTP/1.0" 500 89292 "-" "-"
115.29.177.30 - - [21/Jul/2014:01:16:22 +0000] "GET /phpMyAdmin-3.4.6/main.php HTTP/1.0" 500 89292 "-" "-"
115.29.177.30 - - [21/Jul/2014:01:16:23 +0000] "GET /phpMyAdmin-3.4.5/main.php HTTP/1.0" 500 89292 "-" "-"
115.29.177.30 - - [21/Jul/2014:01:16:24 +0000] "GET /phpMyAdmin-3.4.4/main.php HTTP/1.0" 500 89292 "-" "-"
115.29.177.30 - - [21/Jul/2014:01:16:25 +0000] "GET /phpMyAdmin-3.3.10.4/main.php HTTP/1.0" 500 89361 "-" "-"
115.29.177.30 - - [21/Jul/2014:01:16:26 +0000] "GET /phpMyAdmin-3.4.3.2/main.php HTTP/1.0" 500 89338 "-" "-"
115.29.177.30 - - [21/Jul/2014:01:16:27 +0000] "GET /phpMyAdmin-3.3.10.3/main.php HTTP/1.0" 500 89361 "-" "-"
115.29.177.30 - - [21/Jul/2014:01:16:28 +0000] "GET /phpMyAdmin-3.4.3.1/main.php HTTP/1.0" 500 89338 "-" "-"
115.29.177.30 - - [21/Jul/2014:01:16:29 +0000] "GET /phpMyAdmin-3.3.10.2/main.php HTTP/1.0" 500 89361 "-" "-"
115.29.177.30 - - [21/Jul/2014:01:16:30 +0000] "GET /phpMyAdmin-3.4.3/main.php HTTP/1.0" 500 89292 "-" "-"
115.29.177.30 - - [21/Jul/2014:01:16:31 +0000] "GET /phpMyAdmin-3.4.2/main.php HTTP/1.0" 500 89292 "-" "-"
115.29.177.30 - - [21/Jul/2014:01:16:32 +0000] "GET /phpMyAdmin-3.4.1/main.php HTTP/1.0" 500 89292 "-" "-"
115.29.177.30 - - [21/Jul/2014:01:16:33 +0000] "GET /phpMyAdmin-3.3.10.1/main.php HTTP/1.0" 500 89361 "-" "-"
115.29.177.30 - - [21/Jul/2014:01:16:34 +0000] "GET /phpMyAdmin-3.4.0/main.php HTTP/1.0" 500 89292 "-" "-"
115.29.177.30 - - [21/Jul/2014:01:16:35 +0000] "GET /phpMyAdmin-3.3.10/main.php HTTP/1.0" 500 89315 "-" "-"
115.29.177.30 - - [21/Jul/2014:01:16:36 +0000] "GET /phpMyAdmin-2.1.0/main.php HTTP/1.0" 500 89292 "-" "-"
115.29.177.30 - - [21/Jul/2014:01:16:37 +0000] "GET /phpMyAdmin-2.0.5/main.php HTTP/1.0" 500 89292 "-" "-"
115.29.177.30 - - [21/Jul/2014:01:16:38 +0000] "GET /phpMyAdmin-1.3.0/main.php HTTP/1.0" 500 89292 "-" "-"
115.29.177.30 - - [21/Jul/2014:01:16:39 +0000] "GET /phpMyAdmin-1.1.0/\t main.php HTTP/1.0" 500 76291 "-" "-"
115.29.177.30 - - [21/Jul/2014:01:16:39 +0000] "GET /phpMyAdmin-3.3.9.2/ main.php HTTP/1.0" 500 76321 "-" "-"
115.29.177.30 - - [21/Jul/2014:01:16:40 +0000] "GET /phpMyAdmin-2.11.11.3/ main.php HTTP/1.0" 500 76351 "-" "-"
115.29.177.30 - - [21/Jul/2014:01:16:41 +0000] "GET /phpMyAdmin-3.3.9.1/ main.php HTTP/1.0" 500 76321 "-" "-"
115.29.177.30 - - [21/Jul/2014:01:16:42 +0000] "GET /phpMyAdmin-2.11.11.2/ main.php HTTP/1.0" 500 76351 "-" "-"
115.29.177.30 - - [21/Jul/2014:01:16:43 +0000] "GET /phpMyAdmin-3.3.9/main.php HTTP/1.0" 500 89292 "-" "-"
115.29.177.30 - - [21/Jul/2014:01:16:44 +0000] "GET /phpMyAdmin-3.3.8.1/main.php HTTP/1.0" 500 89338 "-" "-"
115.29.177.30 - - [21/Jul/2014:01:16:48 +0000] "GET /phpMyAdmin-2.11.11.1/main.php HTTP/1.0" 500 89384 "-" "-"
115.29.177.30 - - [21/Jul/2014:01:16:49 +0000] "GET /phpMyAdmin-3.3.8/main.php HTTP/1.0" 500 89292 "-" "-"
115.29.177.30 - - [21/Jul/2014:01:16:50 +0000] "GET /phpMyAdmin-3.3.7/main.php HTTP/1.0" 500 89292 "-" "-"
115.29.177.30 - - [21/Jul/2014:01:16:51 +0000] "GET /phpMyAdmin-2.11.11/main.php HTTP/1.0" 500 89338 "-" "-"
115.29.177.30 - - [21/Jul/2014:01:16:52 +0000] "GET /phpMyAdmin-3.3.6/main.php HTTP/1.0" 500 89292 "-" "-"
115.29.177.30 - - [21/Jul/2014:01:16:53 +0000] "GET /phpMyAdmin-3.3.5.1/main.php HTTP/1.0" 500 89338 "-" "-"
115.29.177.30 - - [21/Jul/2014:01:16:54 +0000] "GET /phpMyAdmin-2.11.10.1/main.php HTTP/1.0" 500 89384 "-" "-"
115.29.177.30 - - [21/Jul/2014:01:16:55 +0000] "GET /phpMyAdmin-2.2.3/main.php HTTP/1.0" 500 89292 "-" "-"
115.29.177.30 - - [21/Jul/2014:01:16:56 +0000] "GET /phpMyAdmin-2.2.6/main.php HTTP/1.0" 500 89292 "-" "-"
115.29.177.30 - - [21/Jul/2014:01:16:57 +0000] "GET /phpMyAdmin-2.5.1/main.php HTTP/1.0" 500 89292 "-" "-"
115.29.177.30 - - [21/Jul/2014:01:16:58 +0000] "GET /phpMyAdmin-2.5.4/main.php HTTP/1.0" 500 89292 "-" "-"
115.29.177.30 - - [21/Jul/2014:01:16:59 +0000] "GET /phpMyAdmin-2.5.5-rc1/main.php HTTP/1.0" 500 89384 "-" "-"
115.29.177.30 - - [21/Jul/2014:01:17:00 +0000] "GET /phpMyAdmin-2.5.5-rc2/main.php HTTP/1.0" 500 89384 "-" "-"
115.29.177.30 - - [21/Jul/2014:01:17:01 +0000] "GET /phpMyAdmin-2.5.5/main.php HTTP/1.0" 500 89292 "-" "-"
115.29.177.30 - - [21/Jul/2014:01:17:02 +0000] "GET /phpMyAdmin-2.5.5-pl1/main.php HTTP/1.0" 500 89384 "-" "-"
115.29.177.30 - - [21/Jul/2014:01:17:03 +0000] "GET /phpMyAdmin-2.5.6-rc1/main.php HTTP/1.0" 500 89384 "-" "-"
115.29.177.30 - - [21/Jul/2014:01:17:04 +0000] "GET /phpMyAdmin-2.5.6-rc2/main.php HTTP/1.0" 500 89384 "-" "-"
115.29.177.30 - - [21/Jul/2014:01:17:05 +0000] "GET /phpMyAdmin-2.5.6/main.php HTTP/1.0" 500 89292 "-" "-"
115.29.177.30 - - [21/Jul/2014:01:17:06 +0000] "GET /phpMyAdmin-2.5.7/main.php HTTP/1.0" 500 89292 "-" "-"
115.29.177.30 - - [21/Jul/2014:01:17:07 +0000] "GET /phpMyAdmin-2.5.7-pl1/main.php HTTP/1.0" 500 89384 "-" "-"
115.29.177.30 - - [21/Jul/2014:01:17:08 +0000] "GET /phpMyAdmin-2.6.0-alpha/main.php HTTP/1.0" 500 89430 "-" "-"
115.29.177.30 - - [21/Jul/2014:01:17:09 +0000] "GET /phpMyAdmin-2.6.0-alpha2/main.php HTTP/1.0" 500 89453 "-" "-"
115.29.177.30 - - [21/Jul/2014:01:17:10 +0000] "GET /phpMyAdmin-2.6.0-beta1/main.php HTTP/1.0" 500 89430 "-" "-"
115.29.177.30 - - [21/Jul/2014:01:17:11 +0000] "GET /phpMyAdmin-2.6.0-beta2/main.php HTTP/1.0" 500 89430 "-" "-"
115.29.177.30 - - [21/Jul/2014:01:17:12 +0000] "GET /phpMyAdmin-2.6.0-rc1/main.php HTTP/1.0" 500 89384 "-" "-"
115.29.177.30 - - [21/Jul/2014:01:17:13 +0000] "GET /phpMyAdmin-2.6.0-rc2/ main.php HTTP/1.0" 500 76351 "-" "-"
115.29.177.30 - - [21/Jul/2014:01:17:14 +0000] "GET /phpMyAdmin-2.6.0-rc3/main.php HTTP/1.0" 500 89384 "-" "-"
115.29.177.30 - - [21/Jul/2014:01:17:15 +0000] "GET /phpMyAdmin-2.6.0/main.php HTTP/1.0" 500 89292 "-" "-"
115.29.177.30 - - [21/Jul/2014:01:17:16 +0000] "GET /phpMyAdmin-2.6.0-pl1/main.php HTTP/1.0" 500 89384 "-" "-"
115.29.177.30 - - [21/Jul/2014:01:17:17 +0000] "GET /phpMyAdmin-2.6.0-pl2/main.php HTTP/1.0" 500 89384 "-" "-"
115.29.177.30 - - [21/Jul/2014:01:17:18 +0000] "GET /phpMyAdmin-2.6.0-pl3/main.php HTTP/1.0" 500 89384 "-" "-"
115.29.177.30 - - [21/Jul/2014:01:17:18 +0000] "GET /phpMyAdmin-2.6.1-rc1/main.php HTTP/1.0" 500 89384 "-" "-"
115.29.177.30 - - [21/Jul/2014:01:17:19 +0000] "GET /phpMyAdmin-2.6.1-rc2/main.php HTTP/1.0" 500 89384 "-" "-"
115.29.177.30 - - [21/Jul/2014:01:17:20 +0000] "GET /phpMyAdmin-2.6.1/main.php HTTP/1.0" 500 89292 "-" "-"
115.29.177.30 - - [21/Jul/2014:01:17:21 +0000] "GET /phpMyAdmin-2.6.1-pl1/main.php HTTP/1.0" 500 89384 "-" "-"
115.29.177.30 - - [21/Jul/2014:01:17:22 +0000] "GET /phpMyAdmin-2.6.1-pl2/main.php HTTP/1.0" 500 89384 "-" "-"
115.29.177.30 - - [21/Jul/2014:01:17:23 +0000] "GET /phpMyAdmin-2.6.1-pl3/main.php HTTP/1.0" 500 89384 "-" "-"
115.29.177.30 - - [21/Jul/2014:01:17:24 +0000] "GET /phpMyAdmin-2.6.2-rc1/main.php HTTP/1.0" 500 89384 "-" "-"
115.29.177.30 - - [21/Jul/2014:01:17:25 +0000] "GET /phpMyAdmin-2.6.2-beta1/main.php HTTP/1.0" 500 89430 "-" "-"
115.29.177.30 - - [21/Jul/2014:01:17:26 +0000] "GET /phpMyAdmin-2.6.2-rc1/main.php HTTP/1.0" 500 89384 "-" "-"
115.29.177.30 - - [21/Jul/2014:01:17:27 +0000] "GET /phpMyAdmin-2.6.2/main.php HTTP/1.0" 500 89292 "-" "-"
115.29.177.30 - - [21/Jul/2014:01:17:28 +0000] "GET /phpMyAdmin-2.6.2-pl1/main.php HTTP/1.0" 500 89384 "-" "-"
115.29.177.30 - - [21/Jul/2014:01:17:29 +0000] "GET /phpMyAdmin-2.6.3/main.php HTTP/1.0" 500 89292 "-" "-"
115.29.177.30 - - [21/Jul/2014:01:17:30 +0000] "GET /phpMyAdmin-2.6.3-rc1/main.php HTTP/1.0" 500 89384 "-" "-"
115.29.177.30 - - [21/Jul/2014:01:17:31 +0000] "GET /phpMyAdmin-2.6.3/main.php HTTP/1.0" 500 89292 "-" "-"
115.29.177.30 - - [21/Jul/2014:01:17:32 +0000] "GET /phpMyAdmin-2.6.3-pl1/  main.php HTTP/1.0" 500 76351 "-" "-"
115.29.177.30 - - [21/Jul/2014:01:17:33 +0000] "GET /phpMyAdmin-2.6.4-rc1/main.php HTTP/1.0" 500 89384 "-" "-"
115.29.177.30 - - [21/Jul/2014:01:17:34 +0000] "GET /phpMyAdmin-2.6.4-pl1/main.php HTTP/1.0" 500 89384 "-" "-"
115.29.177.30 - - [21/Jul/2014:01:17:35 +0000] "GET /phpMyAdmin-2.6.4-pl2/main.php HTTP/1.0" 500 89384 "-" "-"
115.29.177.30 - - [21/Jul/2014:01:17:36 +0000] "GET /phpMyAdmin-2.6.4-pl3/main.php HTTP/1.0" 500 89384 "-" "-"
115.29.177.30 - - [21/Jul/2014:01:17:37 +0000] "GET /phpMyAdmin-2.6.4-pl4/main.php HTTP/1.0" 500 89384 "-" "-"
115.29.177.30 - - [21/Jul/2014:01:17:38 +0000] "GET /phpMyAdmin-2.6.4/main.php HTTP/1.0" 500 89292 "-" "-"
115.29.177.30 - - [21/Jul/2014:01:17:39 +0000] "GET /phpMyAdmin-2.7.0-beta1/main.php HTTP/1.0" 500 89430 "-" "-"
115.29.177.30 - - [21/Jul/2014:01:17:40 +0000] "GET /phpMyAdmin-2.7.0-rc1/main.php HTTP/1.0" 500 89384 "-" "-"
115.29.177.30 - - [21/Jul/2014:01:17:41 +0000] "GET /phpMyAdmin-2.7.0-pl1/main.php HTTP/1.0" 500 89384 "-" "-"
115.29.177.30 - - [21/Jul/2014:01:17:42 +0000] "GET /phpMyAdmin-2.7.0-pl2/main.php HTTP/1.0" 500 89384 "-" "-"
115.29.177.30 - - [21/Jul/2014:01:17:43 +0000] "GET /phpMyAdmin-2.7.0/main.php HTTP/1.0" 500 89292 "-" "-"
115.29.177.30 - - [21/Jul/2014:01:17:44 +0000] "GET /phpMyAdmin-2.8.0-beta1/main.php HTTP/1.0" 500 89430 "-" "-"
115.29.177.30 - - [21/Jul/2014:01:17:45 +0000] "GET /phpMyAdmin-2.8.0-rc1/main.php HTTP/1.0" 500 89384 "-" "-"
115.29.177.30 - - [21/Jul/2014:01:17:45 +0000] "GET /phpMyAdmin-2.8.0-rc2/main.php HTTP/1.0" 500 89384 "-" "-"
115.29.177.30 - - [21/Jul/2014:01:17:46 +0000] "GET /phpMyAdmin-2.8.0/main.php HTTP/1.0" 500 89292 "-" "-"
115.29.177.30 - - [21/Jul/2014:01:17:47 +0000] "GET /phpMyAdmin-2.8.0/main.php HTTP/1.0" 500 89292 "-" "-"
146.0.72.182 - - [21/Jul/2014:01:31:21 +0000] "GET /wp-login.php HTTP/1.1" 500 13908 "-" "Mozilla/5.0 (Windows NT 6.0; WOW64) AppleWebKit/537.1 (KHTML, like Gecko) Chrome/24.0.1309.0 Safari/537.17"
146.0.72.182 - - [21/Jul/2014:01:31:21 +0000] "GET /administrator/ HTTP/1.1" 500 12838 "-" "Mozilla/5.0 (Windows NT 6.0; WOW64) AppleWebKit/537.1 (KHTML, like Gecko) Chrome/24.0.1309.0 Safari/537.17"
146.0.72.182 - - [21/Jul/2014:01:31:22 +0000] "GET /admin.php HTTP/1.1" 500 13891 "-" "Mozilla/5.0 (Windows NT 6.0; WOW64) AppleWebKit/537.1 (KHTML, like Gecko) Chrome/24.0.1309.0 Safari/537.17"
107.178.200.195 - - [21/Jul/2014:03:03:18 +0000] "GET / HTTP/1.1" 500 12613 "-" "AppEngine-Google; (+http://code.google.com/appengine; appid: s~pagerockdotcom)"
202.46.62.34 - - [21/Jul/2014:03:04:48 +0000] "GET / HTTP/1.1" 500 37960 "-" "Mozilla/4.0 (compatible; MSIE 7.0; Windows NT 6.0)"
119.63.193.131 - - [21/Jul/2014:03:05:55 +0000] "GET / HTTP/1.1" 500 37960 "-" "Mozilla/4.0 (compatible; MSIE 7.0; Windows NT 6.0)"
115.29.177.30 - - [21/Jul/2014:04:31:57 +0000] "GET /phpmyadmin/main.php HTTP/1.0" 500 37960 "-" "-"
115.29.177.30 - - [21/Jul/2014:04:32:04 +0000] "GET /phpMyAdmin/main.php HTTP/1.0" 500 89154 "-" "-"
115.29.177.30 - - [21/Jul/2014:04:32:07 +0000] "GET /pma/main.php HTTP/1.0" 500 88993 "-" "-"
115.29.177.30 - - [21/Jul/2014:04:32:09 +0000] "GET /mysql/main.php HTTP/1.0" 500 89039 "-" "-"
115.29.177.30 - - [21/Jul/2014:04:32:15 +0000] "GET /sql/main.php HTTP/1.0" 500 88993 "-" "-"
115.29.177.30 - - [21/Jul/2014:04:32:23 +0000] "GET /PMA/main.php HTTP/1.0" 500 88993 "-" "-"
115.29.177.30 - - [21/Jul/2014:04:32:25 +0000] "GET /admin/main.php HTTP/1.0" 500 89039 "-" "-"
115.29.177.30 - - [21/Jul/2014:04:32:37 +0000] "GET /dbadmin/main.php HTTP/1.0" 500 37960 "-" "-"
115.29.177.30 - - [21/Jul/2014:04:32:46 +0000] "GET /myadmin/main.php HTTP/1.0" 500 52560 "-" "-"
115.29.177.30 - - [21/Jul/2014:04:32:54 +0000] "GET /db/main.php HTTP/1.0" 500 88970 "-" "-"
115.29.177.30 - - [21/Jul/2014:04:32:57 +0000] "GET /sqlmanager/main.php HTTP/1.0" 500 89154 "-" "-"
115.29.177.30 - - [21/Jul/2014:04:32:59 +0000] "GET /phpmyadmin2/main.php HTTP/1.0" 500 89177 "-" "-"
115.29.177.30 - - [21/Jul/2014:04:33:00 +0000] "GET /phpMyAdmin2/main.php HTTP/1.0" 500 89177 "-" "-"
115.29.177.30 - - [21/Jul/2014:04:33:03 +0000] "GET /phpMyAdmin-2/main.php HTTP/1.0" 500 89200 "-" "-"
115.29.177.30 - - [21/Jul/2014:04:33:08 +0000] "GET /php-my-admin/main.php HTTP/1.0" 500 89200 "-" "-"
115.29.177.30 - - [21/Jul/2014:04:33:12 +0000] "GET /phpMyAdmin-3.5.8-rc1/main.php HTTP/1.0" 500 89384 "-" "-"
115.29.177.30 - - [21/Jul/2014:04:33:24 +0000] "GET /phpMyAdmin-4.0.0-rc1/main.php HTTP/1.0" 500 89384 "-" "-"
115.29.177.30 - - [21/Jul/2014:04:33:45 +0000] "GET /phpMyAdmin-3.5.7-1/main.php HTTP/1.0" 500 89338 "-" "-"
115.29.177.30 - - [21/Jul/2014:04:33:48 +0000] "GET /phpMyAdmin-3.5.7/main.php HTTP/1.0" 500 89292 "-" "-"
115.29.177.30 - - [21/Jul/2014:04:33:53 +0000] "GET /phpMyAdmin-3.5.6/main.php HTTP/1.0" 500 89292 "-" "-"
115.29.177.30 - - [21/Jul/2014:04:33:57 +0000] "GET /phpMyAdmin-3.5.5/main.php HTTP/1.0" 500 89292 "-" "-"
115.29.177.30 - - [21/Jul/2014:04:33:58 +0000] "GET /phpMyAdmin-3.5.4/main.php HTTP/1.0" 500 89292 "-" "-"
115.29.177.30 - - [21/Jul/2014:04:34:00 +0000] "GET /phpMyAdmin-3.5.3/main.php HTTP/1.0" 500 89292 "-" "-"
115.29.177.30 - - [21/Jul/2014:04:34:02 +0000] "GET /phpMyAdmin-3.5.2.2/main.php HTTP/1.0" 500 89338 "-" "-"
115.29.177.30 - - [21/Jul/2014:04:34:04 +0000] "GET /phpMyAdmin-3.4.11.1/main.php HTTP/1.0" 500 89361 "-" "-"
66.249.83.90 - - [21/Jul/2014:04:36:14 +0000] "GET / HTTP/1.1" 500 12736 "-" "Mozilla/5.0 (Windows NT 6.1; rv:6.0) Gecko/20110814 Firefox/6.0 Google favicon"
202.46.62.29 - - [21/Jul/2014:05:10:31 +0000] "GET / HTTP/1.1" 500 37960 "-" "Mozilla/4.0 (compatible; MSIE 7.0; Windows NT 6.0)"
119.63.193.194 - - [21/Jul/2014:05:11:53 +0000] "GET / HTTP/1.1" 500 37960 "-" "Mozilla/4.0 (compatible; MSIE 7.0; Windows NT 6.0)"
66.249.66.175 - - [21/Jul/2014:06:43:02 +0000] "GET /forum.html HTTP/1.1" 500 13943 "-" "Mozilla/5.0 (iPhone; CPU iPhone OS 6_0 like Mac OS X) AppleWebKit/536.26 (KHTML, like Gecko) Version/6.0 Mobile/10A5376e Safari/8536.25 (compatible; Googlebot/2.1; +http://www.google.com/bot.html)"
202.46.62.34 - - [21/Jul/2014:07:08:42 +0000] "GET / HTTP/1.1" 500 37960 "-" "Mozilla/4.0 (compatible; MSIE 7.0; Windows NT 6.0)"
119.63.193.130 - - [21/Jul/2014:07:10:00 +0000] "GET / HTTP/1.1" 500 37960 "-" "Mozilla/4.0 (compatible; MSIE 7.0; Windows NT 6.0)"
114.232.139.10 - - [21/Jul/2014:08:00:51 +0000] "GET http://hotel.qunar.com/render/hoteldiv.jsp?&__jscallback=XQScript_4 HTTP/1.1" 500 14078 "http://hotel.qunar.com/" "Mozilla/5.0 (Windows NT 6.1; WOW64) AppleWebKit/537.36 (KHTML, like Gecko) Chrome/35.0.1916.114 Safari/537.36"
54.224.36.13 - - [21/Jul/2014:08:37:50 +0000] "HEAD / HTTP/1.1" 500 203 "-" "Cloud mapping experiment. Contact research@pdrlabs.net"
202.46.49.14 - - [21/Jul/2014:09:05:14 +0000] "GET / HTTP/1.1" 500 37960 "-" "Mozilla/4.0 (compatible; MSIE 7.0; Windows NT 6.0)"
119.63.193.131 - - [21/Jul/2014:09:06:23 +0000] "GET / HTTP/1.1" 500 37960 "-" "Mozilla/4.0 (compatible; MSIE 7.0; Windows NT 6.0)"
31.168.189.1 - - [21/Jul/2014:10:51:10 +0000] "GET /upload/Gangnam%20Style!.JPG HTTP/1.1" 500 89859 "-" "Mozilla/4.0"
31.168.189.1 - - [21/Jul/2014:10:51:11 +0000] "GET /upload/Gangnam%20Style!.JPG HTTP/1.1" 500 90088 "-" "Mozilla/4.0"
202.46.54.120 - - [21/Jul/2014:11:05:33 +0000] "GET / HTTP/1.1" 500 37960 "-" "Mozilla/4.0 (compatible; MSIE 7.0; Windows NT 6.0)"
119.63.193.196 - - [21/Jul/2014:11:06:43 +0000] "GET / HTTP/1.1" 500 37960 "-" "Mozilla/4.0 (compatible; MSIE 7.0; Windows NT 6.0)"
112.198.77.176 - - [21/Jul/2014:11:47:27 +0000] "GET /upload/Gangnam%20Style!.JPG HTTP/1.1" 500 68620 "-" "Mozilla/4.0"
112.198.77.176 - - [21/Jul/2014:11:47:29 +0000] "GET /upload/Gangnam%20Style!.JPG HTTP/1.1" 500 90085 "-" "Mozilla/4.0"
72.201.90.29 - - [21/Jul/2014:12:12:21 +0000] "\x80w\x01\x03\x01" 500 37648 "-" "-"
72.201.90.29 - - [21/Jul/2014:12:12:21 +0000] "GET /HNAP1/ HTTP/1.1" 500 12762 "http://66.228.40.92/" "Opera/9.60 (Windows NT 5.1; U; de) Presto/2.1.1"
31.168.189.1 - - [21/Jul/2014:12:13:36 +0000] "GET /upload/Gangnam%20Style!.JPG HTTP/1.1" 500 89859 "-" "Mozilla/4.0"
31.168.189.1 - - [21/Jul/2014:12:13:37 +0000] "GET /upload/Gangnam%20Style!.JPG HTTP/1.1" 500 90088 "-" "Mozilla/4.0"
66.249.66.71 - - [21/Jul/2014:12:38:25 +0000] "GET /robots.txt HTTP/1.1" 200 344 "-" "Mozilla/5.0 (compatible; Googlebot/2.1; +http://www.google.com/bot.html)"
66.249.66.71 - - [21/Jul/2014:12:38:25 +0000] "GET / HTTP/1.1" 500 12681 "-" "Mozilla/5.0 (compatible; Googlebot/2.1; +http://www.google.com/bot.html)"
202.46.63.77 - - [21/Jul/2014:12:44:55 +0000] "GET / HTTP/1.1" 500 37960 "-" "Mozilla/4.0 (compatible; MSIE 7.0; Windows NT 6.0)"
119.63.193.131 - - [21/Jul/2014:12:45:11 +0000] "GET / HTTP/1.1" 500 37960 "-" "Mozilla/4.0 (compatible; MSIE 7.0; Windows NT 6.0)"
70.71.183.174 - - [21/Jul/2014:12:58:28 +0000] "\x80w\x01\x03\x01" 500 37648 "-" "-"
70.71.183.174 - - [21/Jul/2014:12:58:29 +0000] "GET /HNAP1/ HTTP/1.1" 500 12839 "http://66.228.40.92/" "Mozilla/5.0 (compatible; SnapPreviewBot; en-US; rv:1.8.0.9) Gecko/20061206 Firefox/1.5.0.9"
31.168.189.1 - - [21/Jul/2014:13:23:27 +0000] "GET /upload/Gangnam%20Style!.JPG HTTP/1.1" 500 89859 "-" "Mozilla/4.0"
31.168.189.1 - - [21/Jul/2014:13:23:29 +0000] "GET /upload/Gangnam%20Style!.JPG HTTP/1.1" 500 90091 "-" "Mozilla/4.0"
112.198.77.107 - - [21/Jul/2014:13:46:03 +0000] "GET /upload/Gangnam%20Style!.JPG HTTP/1.1" 500 37960 "-" "Mozilla/4.0"
112.198.77.107 - - [21/Jul/2014:13:46:05 +0000] "GET /upload/Gangnam%20Style!.JPG HTTP/1.1" 500 90091 "-" "Mozilla/4.0"
31.168.189.1 - - [21/Jul/2014:14:06:23 +0000] "GET /upload/Gangnam%20Style!.JPG HTTP/1.1" 500 89859 "-" "Mozilla/4.0"
31.168.189.1 - - [21/Jul/2014:14:06:25 +0000] "GET /upload/Gangnam%20Style!.JPG HTTP/1.1" 500 90091 "-" "Mozilla/4.0"
91.188.124.225 - - [21/Jul/2014:14:12:41 +0000] "GET http://92.222.28.46/httptest.php HTTP/1.1" 500 13648 "-" "-"
91.188.124.225 - - [21/Jul/2014:14:12:41 +0000] "GET http://www.google.pl/search?q=polska+najlepsza HTTP/1.1" 500 13754 "-" "-"
31.168.189.1 - - [21/Jul/2014:14:20:00 +0000] "GET /upload/Gangnam%20Style!.JPG HTTP/1.1" 500 89859 "-" "Mozilla/4.0"
31.168.189.1 - - [21/Jul/2014:14:20:01 +0000] "GET /upload/Gangnam%20Style!.JPG HTTP/1.1" 500 90091 "-" "Mozilla/4.0"
31.168.189.1 - - [21/Jul/2014:15:03:38 +0000] "GET /upload/Gangnam%20Style!.JPG HTTP/1.1" 500 89859 "-" "Mozilla/4.0"
31.168.189.1 - - [21/Jul/2014:15:03:40 +0000] "GET /upload/Gangnam%20Style!.JPG HTTP/1.1" 500 90091 "-" "Mozilla/4.0"
202.46.60.66 - - [21/Jul/2014:15:03:49 +0000] "GET / HTTP/1.1" 500 37960 "-" "Mozilla/4.0 (compatible; MSIE 7.0; Windows NT 6.0)"
119.63.193.131 - - [21/Jul/2014:15:04:54 +0000] "GET / HTTP/1.1" 500 37960 "-" "Mozilla/4.0 (compatible; MSIE 7.0; Windows NT 6.0)"
46.229.170.197 - - [21/Jul/2014:15:05:16 +0000] "GET / HTTP/1.1" 500 76592 "-" "Mozilla/5.0 (X11; U; Linux x86_64; en-US; rv:1.9.2.8) Gecko/20100804 Gentoo Firefox/3.6.8"
46.229.170.197 - - [21/Jul/2014:15:05:58 +0000] "GET / HTTP/1.1" 500 76592 "-" "Mozilla/5.0 (X11; U; Linux x86_64; en-US; rv:1.9.2.8) Gecko/20100804 Gentoo Firefox/3.6.8"
46.229.170.197 - - [21/Jul/2014:15:07:00 +0000] "GET / HTTP/1.1" 500 76592 "-" "Mozilla/5.0 (X11; U; Linux x86_64; en-US; rv:1.9.2.8) Gecko/20100804 Gentoo Firefox/3.6.8"
66.249.66.175 - - [21/Jul/2014:15:09:43 +0000] "GET /robots.txt HTTP/1.1" 200 344 "-" "Mozilla/5.0 (compatible; Googlebot/2.1; +http://www.google.com/bot.html)"
66.249.66.175 - - [21/Jul/2014:15:09:43 +0000] "GET / HTTP/1.1" 500 12684 "-" "Mozilla/5.0 (compatible; Googlebot/2.1; +http://www.google.com/bot.html)"
31.168.189.1 - - [21/Jul/2014:15:17:39 +0000] "GET /upload/Gangnam%20Style!.JPG HTTP/1.1" 500 89859 "-" "Mozilla/4.0"
31.168.189.1 - - [21/Jul/2014:15:17:40 +0000] "GET /upload/Gangnam%20Style!.JPG HTTP/1.1" 500 90091 "-" "Mozilla/4.0"
31.168.189.1 - - [21/Jul/2014:16:01:59 +0000] "GET /upload/Gangnam%20Style!.JPG HTTP/1.1" 500 89859 "-" "Mozilla/4.0"
31.168.189.1 - - [21/Jul/2014:16:02:00 +0000] "GET /upload/Gangnam%20Style!.JPG HTTP/1.1" 500 90091 "-" "Mozilla/4.0"
207.46.13.38 - - [21/Jul/2014:16:11:03 +0000] "GET /robots.txt HTTP/1.1" 200 300 "-" "Mozilla/5.0 (compatible; bingbot/2.0; +http://www.bing.com/bingbot.htm)"
207.46.13.38 - - [21/Jul/2014:16:11:06 +0000] "GET / HTTP/1.1" 500 12760 "-" "Mozilla/5.0 (compatible; bingbot/2.0; +http://www.bing.com/bingbot.htm)"
31.168.189.1 - - [21/Jul/2014:16:14:36 +0000] "GET /upload/Gangnam%20Style!.JPG HTTP/1.1" 500 89859 "-" "Mozilla/4.0"
31.168.189.1 - - [21/Jul/2014:16:14:37 +0000] "GET /upload/Gangnam%20Style!.JPG HTTP/1.1" 500 90091 "-" "Mozilla/4.0"
31.168.189.1 - - [21/Jul/2014:16:58:29 +0000] "GET /upload/Gangnam%20Style!.JPG HTTP/1.1" 500 89859 "-" "Mozilla/4.0"
31.168.189.1 - - [21/Jul/2014:16:58:30 +0000] "GET /upload/Gangnam%20Style!.JPG HTTP/1.1" 500 90091 "-" "Mozilla/4.0"
222.186.56.7 - - [21/Jul/2014:17:04:58 +0000] "GET /manager/html HTTP/1.1" 500 89809 "-" "Mozilla/3.0 (compatible; Indy Library)"
202.46.55.30 - - [21/Jul/2014:17:09:26 +0000] "GET / HTTP/1.1" 500 37960 "-" "Mozilla/4.0 (compatible; MSIE 7.0; Windows NT 6.0)"
119.63.193.130 - - [21/Jul/2014:17:10:46 +0000] "GET / HTTP/1.1" 500 37960 "-" "Mozilla/4.0 (compatible; MSIE 7.0; Windows NT 6.0)"
66.249.83.90 - - [21/Jul/2014:17:56:48 +0000] "GET / HTTP/1.1" 500 12732 "-" "Mozilla/5.0 (Windows NT 6.1; rv:6.0) Gecko/20110814 Firefox/6.0 Google favicon"
31.168.189.1 - - [21/Jul/2014:18:01:16 +0000] "GET /upload/Gangnam%20Style!.JPG HTTP/1.1" 500 89859 "-" "Mozilla/4.0"
31.168.189.1 - - [21/Jul/2014:18:01:17 +0000] "GET /upload/Gangnam%20Style!.JPG HTTP/1.1" 500 90091 "-" "Mozilla/4.0"
202.46.62.34 - - [21/Jul/2014:19:08:21 +0000] "GET / HTTP/1.1" 500 37960 "-" "Mozilla/4.0 (compatible; MSIE 7.0; Windows NT 6.0)"
119.63.193.196 - - [21/Jul/2014:19:09:38 +0000] "GET / HTTP/1.1" 500 37960 "-" "Mozilla/4.0 (compatible; MSIE 7.0; Windows NT 6.0)"
5.79.83.213 - - [21/Jul/2014:19:59:11 +0000] "GET // HTTP/1.1" 500 12663 "-" "Mozilla/4.0 (compatible; MSIE 6.0; Windows 98)"
5.79.83.213 - - [21/Jul/2014:19:59:11 +0000] "GET //horde/ HTTP/1.1" 500 12665 "-" "Mozilla/4.0 (compatible; MSIE 6.0; Windows 98)"
5.79.83.213 - - [21/Jul/2014:19:59:11 +0000] "GET //imp/ HTTP/1.1" 500 12661 "-" "Mozilla/4.0 (compatible; MSIE 6.0; Windows 98)"
5.79.83.213 - - [21/Jul/2014:19:59:12 +0000] "GET //horde/imp/ HTTP/1.1" 500 12664 "-" "Mozilla/4.0 (compatible; MSIE 6.0; Windows 98)"
5.79.83.213 - - [21/Jul/2014:19:59:12 +0000] "GET //webmail/ HTTP/1.1" 500 12664 "-" "Mozilla/4.0 (compatible; MSIE 6.0; Windows 98)"
5.79.83.213 - - [21/Jul/2014:19:59:12 +0000] "GET //mail/ HTTP/1.1" 500 12663 "-" "Mozilla/4.0 (compatible; MSIE 6.0; Windows 98)"
5.79.83.213 - - [21/Jul/2014:19:59:13 +0000] "GET //email/ HTTP/1.1" 500 12658 "-" "Mozilla/4.0 (compatible; MSIE 6.0; Windows 98)"
5.79.83.213 - - [21/Jul/2014:19:59:13 +0000] "GET //horde-webmail/ HTTP/1.1" 500 12670 "-" "Mozilla/4.0 (compatible; MSIE 6.0; Windows 98)"
5.79.83.213 - - [21/Jul/2014:19:59:13 +0000] "GET //horde/mimp/ HTTP/1.1" 500 12668 "-" "Mozilla/4.0 (compatible; MSIE 6.0; Windows 98)"
5.79.83.213 - - [21/Jul/2014:19:59:14 +0000] "GET //mimp/ HTTP/1.1" 500 12665 "-" "Mozilla/4.0 (compatible; MSIE 6.0; Windows 98)"
31.168.189.1 - - [21/Jul/2014:20:09:40 +0000] "GET /upload/Gangnam%20Style!.JPG HTTP/1.1" 500 89859 "-" "Mozilla/4.0"
31.168.189.1 - - [21/Jul/2014:20:09:42 +0000] "GET /upload/Gangnam%20Style!.JPG HTTP/1.1" 500 90091 "-" "Mozilla/4.0"
54.224.36.13 - - [21/Jul/2014:20:52:03 +0000] "HEAD / HTTP/1.1" 500 203 "-" "Cloud mapping experiment. Contact research@pdrlabs.net"
202.46.55.57 - - [21/Jul/2014:21:06:34 +0000] "GET / HTTP/1.1" 500 37960 "-" "Mozilla/4.0 (compatible; MSIE 7.0; Windows NT 6.0)"
119.63.193.196 - - [21/Jul/2014:21:07:45 +0000] "GET / HTTP/1.1" 500 37960 "-" "Mozilla/4.0 (compatible; MSIE 7.0; Windows NT 6.0)"
100.43.81.140 - - [21/Jul/2014:21:43:33 +0000] "GET /robots.txt HTTP/1.1" 200 300 "-" "Mozilla/5.0 (compatible; YandexBot/3.0; +http://yandex.com/bots)"
66.249.66.175 - - [21/Jul/2014:22:34:54 +0000] "GET / HTTP/1.1" 500 12693 "-" "Mozilla/5.0 (compatible; Googlebot/2.1; +http://www.google.com/bot.html)"
202.46.57.61 - - [21/Jul/2014:23:06:35 +0000] "GET / HTTP/1.1" 500 37960 "-" "Mozilla/4.0 (compatible; MSIE 7.0; Windows NT 6.0)"
119.63.193.195 - - [21/Jul/2014:23:07:45 +0000] "GET / HTTP/1.1" 500 37960 "-" "Mozilla/4.0 (compatible; MSIE 7.0; Windows NT 6.0)"
186.42.181.66 - - [21/Jul/2014:23:16:49 +0000] "GET /w00tw00t.at.blackhats.romanian.anti-sec:) HTTP/1.1" 500 13710 "-" "ZmEu"
186.42.181.66 - - [21/Jul/2014:23:16:51 +0000] "GET /phpMyAdmin/scripts/setup.php HTTP/1.1" 500 13687 "-" "ZmEu"
186.42.181.66 - - [21/Jul/2014:23:16:52 +0000] "GET /phpmyadmin/scripts/setup.php HTTP/1.1" 500 13681 "-" "ZmEu"
190.95.232.234 - - [21/Jul/2014:23:16:53 +0000] "GET /pma/scripts/setup.php HTTP/1.1" 500 13674 "-" "ZmEu"
100.43.81.140 - - [22/Jul/2014:00:11:05 +0000] "GET / HTTP/1.1" 500 12739 "-" "Mozilla/5.0 (compatible; YandexBot/3.0; +http://yandex.com/bots)"
202.46.50.158 - - [22/Jul/2014:01:08:57 +0000] "GET / HTTP/1.1" 500 37960 "-" "Mozilla/4.0 (compatible; MSIE 7.0; Windows NT 6.0)"
119.63.193.131 - - [22/Jul/2014:01:10:16 +0000] "GET / HTTP/1.1" 500 37960 "-" "Mozilla/4.0 (compatible; MSIE 7.0; Windows NT 6.0)"
54.76.227.69 - - [22/Jul/2014:02:00:03 +0000] "GET / HTTP/1.1" 500 76714 "-" "Mozilla/4.0 (compatible; MSIE 6.0; Windows NT 5.1; SV1; InfoPath.2)"
66.249.83.90 - - [22/Jul/2014:02:31:15 +0000] "GET / HTTP/1.1" 500 12738 "-" "Mozilla/5.0 (Windows NT 6.1; rv:6.0) Gecko/20110814 Firefox/6.0 Google favicon"
202.46.54.51 - - [22/Jul/2014:03:04:43 +0000] "GET / HTTP/1.1" 500 37960 "-" "Mozilla/4.0 (compatible; MSIE 7.0; Windows NT 6.0)"
119.63.193.194 - - [22/Jul/2014:03:05:50 +0000] "GET / HTTP/1.1" 500 37960 "-" "Mozilla/4.0 (compatible; MSIE 7.0; Windows NT 6.0)"
202.46.62.105 - - [22/Jul/2014:05:09:33 +0000] "GET / HTTP/1.1" 500 37960 "-" "Mozilla/4.0 (compatible; MSIE 7.0; Windows NT 6.0)"
119.63.193.132 - - [22/Jul/2014:05:10:54 +0000] "GET / HTTP/1.1" 500 37960 "-" "Mozilla/4.0 (compatible; MSIE 7.0; Windows NT 6.0)"
124.82.64.136 - - [22/Jul/2014:06:18:37 +0000] "GET /upload/Gangnam%20Style!.JPG HTTP/1.1" 500 37440 "-" "Mozilla/4.0"
124.82.64.136 - - [22/Jul/2014:06:18:40 +0000] "GET /upload/Gangnam%20Style!.JPG HTTP/1.1" 500 37440 "-" "Mozilla/4.0"
202.46.57.63 - - [22/Jul/2014:07:07:05 +0000] "GET / HTTP/1.1" 500 37960 "-" "Mozilla/4.0 (compatible; MSIE 7.0; Windows NT 6.0)"
119.63.193.195 - - [22/Jul/2014:07:08:19 +0000] "GET / HTTP/1.1" 500 37960 "-" "Mozilla/4.0 (compatible; MSIE 7.0; Windows NT 6.0)"
115.29.11.30 - - [22/Jul/2014:07:44:04 +0000] "GET http://hotel.qunar.com/render/hoteldiv.jsp?&__jscallback=XQScript_4 HTTP/1.1" 500 14073 "http://hotel.qunar.com/" "Mozilla/5.0 (Windows NT 6.1; WOW64) AppleWebKit/537.36 (KHTML, like Gecko) Chrome/35.0.1916.114 Safari/537.36"
31.168.189.1 - - [22/Jul/2014:08:37:47 +0000] "GET /upload/Gangnam%20Style!.JPG HTTP/1.1" 500 89859 "-" "Mozilla/4.0"
31.168.189.1 - - [22/Jul/2014:08:37:48 +0000] "GET /upload/Gangnam%20Style!.JPG HTTP/1.1" 500 90091 "-" "Mozilla/4.0"
54.224.36.13 - - [22/Jul/2014:08:57:14 +0000] "HEAD / HTTP/1.1" 500 203 "-" "Cloud mapping experiment. Contact research@pdrlabs.net"
202.46.52.32 - - [22/Jul/2014:09:06:43 +0000] "GET / HTTP/1.1" 500 37960 "-" "Mozilla/4.0 (compatible; MSIE 7.0; Windows NT 6.0)"
119.63.193.194 - - [22/Jul/2014:09:07:56 +0000] "GET / HTTP/1.1" 500 37960 "-" "Mozilla/4.0 (compatible; MSIE 7.0; Windows NT 6.0)"
31.168.189.1 - - [22/Jul/2014:09:34:01 +0000] "GET /upload/Gangnam%20Style!.JPG HTTP/1.1" 500 89859 "-" "Mozilla/4.0"
31.168.189.1 - - [22/Jul/2014:09:34:02 +0000] "GET /upload/Gangnam%20Style!.JPG HTTP/1.1" 500 90091 "-" "Mozilla/4.0"
31.168.189.1 - - [22/Jul/2014:10:31:44 +0000] "GET /upload/Gangnam%20Style!.JPG HTTP/1.1" 500 89859 "-" "Mozilla/4.0"
31.168.189.1 - - [22/Jul/2014:10:31:45 +0000] "GET /upload/Gangnam%20Style!.JPG HTTP/1.1" 500 90091 "-" "Mozilla/4.0"
202.46.60.15 - - [22/Jul/2014:11:05:26 +0000] "GET / HTTP/1.1" 500 37960 "-" "Mozilla/4.0 (compatible; MSIE 7.0; Windows NT 6.0)"
119.63.193.194 - - [22/Jul/2014:11:06:36 +0000] "GET / HTTP/1.1" 500 37960 "-" "Mozilla/4.0 (compatible; MSIE 7.0; Windows NT 6.0)"
31.168.189.1 - - [22/Jul/2014:11:38:30 +0000] "GET /upload/Gangnam%20Style!.JPG HTTP/1.1" 500 89859 "-" "Mozilla/4.0"
31.168.189.1 - - [22/Jul/2014:11:38:31 +0000] "GET /upload/Gangnam%20Style!.JPG HTTP/1.1" 500 90091 "-" "Mozilla/4.0"
183.60.48.25 - - [22/Jul/2014:11:48:56 +0000] "GET http://www.baidu.com/ HTTP/1.1" 500 46720 "-" "-"
31.168.189.1 - - [22/Jul/2014:12:13:49 +0000] "GET /upload/Gangnam%20Style!.JPG HTTP/1.1" 500 89859 "-" "Mozilla/4.0"
31.168.189.1 - - [22/Jul/2014:12:13:50 +0000] "GET /upload/Gangnam%20Style!.JPG HTTP/1.1" 500 90091 "-" "Mozilla/4.0"
31.168.189.1 - - [22/Jul/2014:12:48:12 +0000] "GET /upload/Gangnam%20Style!.JPG HTTP/1.1" 500 89859 "-" "Mozilla/4.0"
31.168.189.1 - - [22/Jul/2014:12:48:14 +0000] "GET /upload/Gangnam%20Style!.JPG HTTP/1.1" 500 90091 "-" "Mozilla/4.0"
202.46.63.125 - - [22/Jul/2014:13:10:09 +0000] "GET / HTTP/1.1" 500 37960 "-" "Mozilla/4.0 (compatible; MSIE 7.0; Windows NT 6.0)"
119.63.193.194 - - [22/Jul/2014:13:11:30 +0000] "GET / HTTP/1.1" 500 37960 "-" "Mozilla/4.0 (compatible; MSIE 7.0; Windows NT 6.0)"
31.168.189.1 - - [22/Jul/2014:14:11:40 +0000] "GET /upload/Gangnam%20Style!.JPG HTTP/1.1" 500 89859 "-" "Mozilla/4.0"
31.168.189.1 - - [22/Jul/2014:14:11:41 +0000] "GET /upload/Gangnam%20Style!.JPG HTTP/1.1" 500 90091 "-" "Mozilla/4.0"
31.168.189.1 - - [22/Jul/2014:14:31:56 +0000] "GET /upload/Gangnam%20Style!.JPG HTTP/1.1" 500 89859 "-" "Mozilla/4.0"
31.168.189.1 - - [22/Jul/2014:14:31:57 +0000] "GET /upload/Gangnam%20Style!.JPG HTTP/1.1" 500 90091 "-" "Mozilla/4.0"
80.251.231.211 - - [22/Jul/2014:15:30:54 +0000] "\x80w\x01\x03\x01" 500 37648 "-" "-"
80.251.231.211 - - [22/Jul/2014:15:30:54 +0000] "GET /HNAP1/ HTTP/1.1" 500 12753 "http://66.228.40.92/" "Opera/9.0 (Windows NT 5.1; U; en)"
199.30.20.18 - - [22/Jul/2014:15:42:39 +0000] "GET /robots.txt HTTP/1.1" 200 344 "-" "msnbot-media/1.1 (+http://search.msn.com/msnbot.htm)"
199.30.20.18 - - [22/Jul/2014:15:42:39 +0000] "GET /upload/Anna2.jpg HTTP/1.1" 500 13893 "-" "msnbot-media/1.1 (+http://search.msn.com/msnbot.htm)"
66.249.83.90 - - [22/Jul/2014:16:20:06 +0000] "GET / HTTP/1.1" 500 12726 "-" "Mozilla/5.0 (Windows NT 6.1; rv:6.0) Gecko/20110814 Firefox/6.0 Google favicon"
31.168.189.1 - - [22/Jul/2014:16:23:10 +0000] "GET /upload/Gangnam%20Style!.JPG HTTP/1.1" 500 89859 "-" "Mozilla/4.0"
31.168.189.1 - - [22/Jul/2014:16:23:11 +0000] "GET /upload/Gangnam%20Style!.JPG HTTP/1.1" 500 90091 "-" "Mozilla/4.0"
202.46.54.42 - - [22/Jul/2014:17:08:58 +0000] "GET / HTTP/1.1" 500 37960 "-" "Mozilla/4.0 (compatible; MSIE 7.0; Windows NT 6.0)"
119.63.193.195 - - [22/Jul/2014:17:10:20 +0000] "GET / HTTP/1.1" 500 37960 "-" "Mozilla/4.0 (compatible; MSIE 7.0; Windows NT 6.0)"
202.46.52.33 - - [22/Jul/2014:19:07:17 +0000] "GET / HTTP/1.1" 500 37960 "-" "Mozilla/4.0 (compatible; MSIE 7.0; Windows NT 6.0)"
119.63.193.130 - - [22/Jul/2014:19:08:32 +0000] "GET / HTTP/1.1" 500 37960 "-" "Mozilla/4.0 (compatible; MSIE 7.0; Windows NT 6.0)"
193.174.89.19 - - [22/Jul/2014:20:39:13 +0000] "GET / HTTP/1.1" 500 36088 "-" "Mozilla/5.0 (compatible; Muenster University of Applied Sciences; +http://fb02itsscan.fh-muenster.de)"
202.46.52.32 - - [22/Jul/2014:21:07:08 +0000] "GET / HTTP/1.1" 500 37960 "-" "Mozilla/4.0 (compatible; MSIE 7.0; Windows NT 6.0)"
119.63.193.195 - - [22/Jul/2014:21:08:22 +0000] "GET / HTTP/1.1" 500 37960 "-" "Mozilla/4.0 (compatible; MSIE 7.0; Windows NT 6.0)"
187.143.33.49 - - [22/Jul/2014:21:28:12 +0000] "GET /phpTest/zologize/axa.php HTTP/1.1" 500 89280 "-" "-"
187.143.33.49 - - [22/Jul/2014:21:28:12 +0000] "GET /phpMyAdmin/scripts/setup.php HTTP/1.1" 500 89280 "-" "-"
187.143.33.49 - - [22/Jul/2014:21:28:13 +0000] "GET /pma/scripts/setup.php HTTP/1.1" 500 89280 "-" "-"
187.143.33.49 - - [22/Jul/2014:21:28:13 +0000] "GET /myadmin/scripts/setup.php HTTP/1.1" 500 89280 "-" "-"
58.213.129.225 - - [22/Jul/2014:22:36:18 +0000] "GET /manager/html HTTP/1.1" 500 89815 "-" "Mozilla/3.0 (compatible; Indy Library)"
207.46.13.101 - - [22/Jul/2014:22:52:02 +0000] "GET /robots.txt HTTP/1.1" 200 300 "-" "Mozilla/5.0 (compatible; bingbot/2.0; +http://www.bing.com/bingbot.htm)"
207.46.13.101 - - [22/Jul/2014:22:52:05 +0000] "GET /blog.html HTTP/1.1" 500 13833 "-" "Mozilla/5.0 (compatible; bingbot/2.0; +http://www.bing.com/bingbot.htm)"
180.76.6.225 - - [22/Jul/2014:22:56:45 +0000] "GET / HTTP/1.1" 500 12827 "-" "Mozilla/5.0 (compatible; Baiduspider/2.0; +http://www.baidu.com/search/spider.html)"
202.46.62.90 - - [22/Jul/2014:23:06:57 +0000] "GET / HTTP/1.1" 500 37960 "-" "Mozilla/4.0 (compatible; MSIE 7.0; Windows NT 6.0)"
119.63.193.130 - - [22/Jul/2014:23:08:10 +0000] "GET / HTTP/1.1" 500 37960 "-" "Mozilla/4.0 (compatible; MSIE 7.0; Windows NT 6.0)"
202.46.63.65 - - [22/Jul/2014:23:11:45 +0000] "GET / HTTP/1.1" 500 76974 "-" "Mozilla/5.0 (Windows NT 6.1; WOW64; rv:22.0) Gecko/20100101 Firefox/22.0"
185.10.104.131 - - [22/Jul/2014:23:26:45 +0000] "GET / HTTP/1.1" 500 12765 "-" "Mozilla/5.0 (Windows NT 6.1; WOW64; rv:22.0) Gecko/20100101 Firefox/22.0"
54.224.36.13 - - [22/Jul/2014:23:46:18 +0000] "HEAD / HTTP/1.1" 500 203 "-" "Cloud mapping experiment. Contact research@pdrlabs.net"
66.249.66.71 - - [23/Jul/2014:00:12:20 +0000] "GET /robots.txt HTTP/1.1" 200 344 "-" "Mozilla/5.0 (compatible; Googlebot/2.1; +http://www.google.com/bot.html)"
66.249.66.71 - - [23/Jul/2014:00:12:20 +0000] "GET / HTTP/1.1" 500 12692 "-" "Mozilla/5.0 (compatible; Googlebot/2.1; +http://www.google.com/bot.html)"
202.46.63.123 - - [23/Jul/2014:00:46:13 +0000] "GET / HTTP/1.1" 500 37960 "-" "Mozilla/4.0 (compatible; MSIE 7.0; Windows NT 6.0)"
119.63.193.196 - - [23/Jul/2014:00:46:31 +0000] "GET / HTTP/1.1" 500 37960 "-" "Mozilla/4.0 (compatible; MSIE 7.0; Windows NT 6.0)"
2a00:1210:fffe:72::1 - - [23/Jul/2014:01:50:36 +0000] "GET / HTTP/1.1" 500 12738 "-" "Mozilla/4.0 (compatible; MSIE 6.0; Windows NT 5.1)"
202.46.56.48 - - [23/Jul/2014:03:04:05 +0000] "GET / HTTP/1.1" 500 37960 "-" "Mozilla/4.0 (compatible; MSIE 7.0; Windows NT 6.0)"
119.63.193.130 - - [23/Jul/2014:03:05:11 +0000] "GET / HTTP/1.1" 500 37960 "-" "Mozilla/4.0 (compatible; MSIE 7.0; Windows NT 6.0)"
66.249.83.90 - - [23/Jul/2014:03:19:15 +0000] "GET / HTTP/1.1" 500 12727 "-" "Mozilla/5.0 (Windows NT 6.1; rv:6.0) Gecko/20110814 Firefox/6.0 Google favicon"
66.249.66.175 - - [23/Jul/2014:04:34:48 +0000] "GET /robots.txt HTTP/1.1" 200 344 "-" "Mozilla/5.0 (compatible; Googlebot/2.1; +http://www.google.com/bot.html)"
66.249.66.175 - - [23/Jul/2014:04:34:48 +0000] "GET / HTTP/1.1" 500 12690 "-" "Mozilla/5.0 (compatible; Googlebot/2.1; +http://www.google.com/bot.html)"
119.63.193.132 - - [23/Jul/2014:05:09:54 +0000] "GET / HTTP/1.1" 500 37960 "-" "Mozilla/4.0 (compatible; MSIE 7.0; Windows NT 6.0)"
202.46.58.30 - - [23/Jul/2014:05:16:09 +0000] "GET / HTTP/1.1" 500 37960 "-" "Mozilla/4.0 (compatible; MSIE 7.0; Windows NT 6.0)"
202.46.54.178 - - [23/Jul/2014:07:08:25 +0000] "GET / HTTP/1.1" 500 37960 "-" "Mozilla/4.0 (compatible; MSIE 7.0; Windows NT 6.0)"
119.63.193.130 - - [23/Jul/2014:07:09:42 +0000] "GET / HTTP/1.1" 500 37960 "-" "Mozilla/4.0 (compatible; MSIE 7.0; Windows NT 6.0)"
115.29.8.95 - - [23/Jul/2014:07:56:20 +0000] "GET http://hotel.qunar.com/render/hoteldiv.jsp?&__jscallback=XQScript_4 HTTP/1.1" 500 14066 "http://hotel.qunar.com/" "Mozilla/5.0 (Windows NT 6.1; WOW64) AppleWebKit/537.36 (KHTML, like Gecko) Chrome/35.0.1916.114 Safari/537.36"
202.46.48.11 - - [23/Jul/2014:09:06:44 +0000] "GET / HTTP/1.1" 500 37960 "-" "Mozilla/4.0 (compatible; MSIE 7.0; Windows NT 6.0)"
119.63.193.132 - - [23/Jul/2014:09:07:57 +0000] "GET / HTTP/1.1" 500 37960 "-" "Mozilla/4.0 (compatible; MSIE 7.0; Windows NT 6.0)"
31.168.189.1 - - [23/Jul/2014:10:43:40 +0000] "GET /upload/Gangnam%20Style!.JPG HTTP/1.1" 500 89859 "-" "Mozilla/4.0"
31.168.189.1 - - [23/Jul/2014:10:43:42 +0000] "GET /upload/Gangnam%20Style!.JPG HTTP/1.1" 500 90091 "-" "Mozilla/4.0"
202.46.55.33 - - [23/Jul/2014:11:06:16 +0000] "GET / HTTP/1.1" 500 37960 "-" "Mozilla/4.0 (compatible; MSIE 7.0; Windows NT 6.0)"
119.63.193.132 - - [23/Jul/2014:11:07:27 +0000] "GET / HTTP/1.1" 500 37960 "-" "Mozilla/4.0 (compatible; MSIE 7.0; Windows NT 6.0)"
31.168.189.1 - - [23/Jul/2014:11:50:09 +0000] "GET /upload/Gangnam%20Style!.JPG HTTP/1.1" 500 89859 "-" "Mozilla/4.0"
31.168.189.1 - - [23/Jul/2014:11:50:10 +0000] "GET /upload/Gangnam%20Style!.JPG HTTP/1.1" 500 90091 "-" "Mozilla/4.0"
193.108.160.213 - - [23/Jul/2014:11:53:16 +0000] "GET /manager/html HTTP/1.1" 500 13606 "-" "-"
31.168.189.1 - - [23/Jul/2014:12:36:24 +0000] "GET /upload/Gangnam%20Style!.JPG HTTP/1.1" 500 89859 "-" "Mozilla/4.0"
31.168.189.1 - - [23/Jul/2014:12:36:26 +0000] "GET /upload/Gangnam%20Style!.JPG HTTP/1.1" 500 90091 "-" "Mozilla/4.0"
31.168.189.1 - - [23/Jul/2014:12:50:24 +0000] "GET /upload/Gangnam%20Style!.JPG HTTP/1.1" 500 89859 "-" "Mozilla/4.0"
31.168.189.1 - - [23/Jul/2014:12:50:25 +0000] "GET /upload/Gangnam%20Style!.JPG HTTP/1.1" 500 90091 "-" "Mozilla/4.0"
202.46.52.24 - - [23/Jul/2014:13:10:56 +0000] "GET / HTTP/1.1" 500 37960 "-" "Mozilla/4.0 (compatible; MSIE 7.0; Windows NT 6.0)"
119.63.193.195 - - [23/Jul/2014:13:12:18 +0000] "GET / HTTP/1.1" 500 37960 "-" "Mozilla/4.0 (compatible; MSIE 7.0; Windows NT 6.0)"
54.80.66.122 - - [23/Jul/2014:13:45:07 +0000] "HEAD / HTTP/1.1" 500 203 "-" "Cloud mapping experiment. Contact research@pdrlabs.net"
173.230.156.31 - - [23/Jul/2014:13:40:21 +0000] "GET / HTTP/1.0" 500 6000 "-" "research-scanner/1.0 (www.internetscanningproject.org)"
31.168.189.1 - - [23/Jul/2014:14:05:45 +0000] "GET /upload/Gangnam%20Style!.JPG HTTP/1.1" 500 89859 "-" "Mozilla/4.0"
31.168.189.1 - - [23/Jul/2014:14:05:46 +0000] "GET /upload/Gangnam%20Style!.JPG HTTP/1.1" 500 90091 "-" "Mozilla/4.0"
5.10.104.71 - - [23/Jul/2014:14:12:39 +0000] "GET /robots.txt HTTP/1.1" 200 344 "-" "Mozilla/5.0 (compatible; MSIE 9.0; Windows NT 6.1; WOW64; Trident/5.0; chromeframe/19.0.1084.52)"
5.10.107.132 - - [23/Jul/2014:14:12:44 +0000] "GET / HTTP/1.1" 500 12684 "-" "Mozilla/5.0 (compatible; MSIE 9.0; Windows NT 6.1; WOW64; Trident/5.0; chromeframe/19.0.1084.52)"
87.117.189.100 - - [23/Jul/2014:14:45:16 +0000] "GET / HTTP/1.1" 500 12671 "http://emilabraham.com" "Mozilla/4.0 (compatible; MSIE 6.0; Windows NT 5.1; SV1)"
202.46.62.19 - - [23/Jul/2014:15:03:59 +0000] "GET / HTTP/1.1" 500 37960 "-" "Mozilla/4.0 (compatible; MSIE 7.0; Windows NT 6.0)"
119.63.193.196 - - [23/Jul/2014:15:05:04 +0000] "GET / HTTP/1.1" 500 37960 "-" "Mozilla/4.0 (compatible; MSIE 7.0; Windows NT 6.0)"
31.168.189.1 - - [23/Jul/2014:15:16:13 +0000] "GET /upload/Gangnam%20Style!.JPG HTTP/1.1" 500 89859 "-" "Mozilla/4.0"
31.168.189.1 - - [23/Jul/2014:15:16:14 +0000] "GET /upload/Gangnam%20Style!.JPG HTTP/1.1" 500 90091 "-" "Mozilla/4.0"
