50.16.12.71 - - [21/Jun/2014:19:54:26 -0400] "HEAD / HTTP/1.1" 200 169 "-" "Cloud mapping experiment. Contact research@pdrlabs.net"
195.154.185.238 - - [21/Jun/2014:20:19:59 -0400] "GET /robots.txt HTTP/1.0" 404 495 "-" "Mozilla/5.0 (compatible; MJ12bot/v1.4.5; http://www.majestic12.co.uk/bot.php?+)"
195.154.185.238 - - [21/Jun/2014:20:23:45 -0400] "GET /index.php/Site/PageActions?action=print HTTP/1.0" 404 511 "-" "Mozilla/5.0 (compatible; MJ12bot/v1.4.5; http://www.majestic12.co.uk/bot.php?+)"
54.208.140.200 - - [21/Jun/2014:20:51:48 -0400] "HEAD / HTTP/1.0" 200 169 "-" "-"
114.45.97.47 - - [21/Jun/2014:21:33:44 -0400] "GET /phpTest/zologize/axa.php HTTP/1.1" 404 503 "-" "-"
114.45.97.47 - - [21/Jun/2014:21:33:45 -0400] "GET /phpMyAdmin/scripts/setup.php HTTP/1.1" 404 507 "-" "-"
114.45.97.47 - - [21/Jun/2014:21:33:45 -0400] "GET /pma/scripts/setup.php HTTP/1.1" 404 500 "-" "-"
114.45.97.47 - - [21/Jun/2014:21:33:46 -0400] "GET /myadmin/scripts/setup.php HTTP/1.1" 404 504 "-" "-"
54.198.163.156 - - [22/Jun/2014:08:01:30 -0400] "HEAD / HTTP/1.1" 200 169 "-" "Cloud mapping experiment. Contact research@pdrlabs.net"
124.120.93.145 - - [22/Jun/2014:10:12:59 -0400] "GET /phpTest/zologize/axa.php HTTP/1.1" 404 503 "-" "-"
124.122.249.80 - - [22/Jun/2014:10:13:00 -0400] "GET /phpMyAdmin/scripts/setup.php HTTP/1.1" 404 507 "-" "-"
124.122.249.80 - - [22/Jun/2014:10:13:01 -0400] "GET /pma/scripts/setup.php HTTP/1.1" 404 500 "-" "-"
124.122.249.80 - - [22/Jun/2014:10:13:03 -0400] "GET /myadmin/scripts/setup.php HTTP/1.1" 404 504 "-" "-"
78.46.172.174 - - [22/Jun/2014:10:47:07 -0400] "GET /robots.txt HTTP/1.0" 404 495 "-" "Mozilla/5.0 (compatible; MJ12bot/v1.4.5; http://www.majestic12.co.uk/bot.php?+)"
78.46.172.174 - - [22/Jun/2014:10:47:13 -0400] "GET /index.php/Ubuntu/RecentChanges?action=diff HTTP/1.0" 404 515 "-" "Mozilla/5.0 (compatible; MJ12bot/v1.4.5; http://www.majestic12.co.uk/bot.php?+)"
121.229.221.95 - - [22/Jun/2014:13:25:48 -0400] "GET http://hotel.qunar.com/render/hoteldiv.jsp?&__jscallback=XQScript_4 HTTP/1.1" 404 471 "http://hotel.qunar.com/" "Mozilla/5.0 (Windows NT 6.1; WOW64) AppleWebKit/537.36 (KHTML, like Gecko) Chrome/35.0.1916.114 Safari/537.36"
110.249.208.70 - - [22/Jun/2014:13:55:12 -0400] "GET http://www.daydaydata.com/proxy.txt HTTP/1.1" 404 494 "-" "-"
66.85.140.110 - - [22/Jun/2014:17:26:29 -0400] "GET / HTTP/1.0" 200 725 "-" "masscan/1.0 (https://github.com/robertdavidgraham/masscan)"
78.153.150.157 - - [22/Jun/2014:18:34:42 -0400] "GET / HTTP/1.1" 200 718 "-" "-"
95.110.192.243 - - [22/Jun/2014:18:39:18 -0400] "GET /include/shell.php?x=x HTTP/1.0" 404 496 "-" "DataCha0s/2.0"
155.33.170.196 - - [22/Jun/2014:18:54:38 -0400] "GET / HTTP/1.1" 200 711 "-" "Mozilla/5.0 (X11; Linux i686) AppleWebKit/537.36 (KHTML, like Gecko) Chrome/34.0.1847.137 Safari/537.36"
155.33.170.196 - - [22/Jun/2014:18:54:38 -0400] "GET /icons/blank.gif HTTP/1.1" 200 400 "http://66.228.40.92/" "Mozilla/5.0 (X11; Linux i686) AppleWebKit/537.36 (KHTML, like Gecko) Chrome/34.0.1847.137 Safari/537.36"
155.33.170.196 - - [22/Jun/2014:18:54:38 -0400] "GET /icons/text.gif HTTP/1.1" 200 481 "http://66.228.40.92/" "Mozilla/5.0 (X11; Linux i686) AppleWebKit/537.36 (KHTML, like Gecko) Chrome/34.0.1847.137 Safari/537.36"
155.33.170.196 - - [22/Jun/2014:18:54:38 -0400] "GET /icons/sound2.gif HTTP/1.1" 200 473 "http://66.228.40.92/" "Mozilla/5.0 (X11; Linux i686) AppleWebKit/537.36 (KHTML, like Gecko) Chrome/34.0.1847.137 Safari/537.36"
155.33.170.196 - - [22/Jun/2014:18:54:38 -0400] "GET /icons/image2.gif HTTP/1.1" 200 562 "http://66.228.40.92/" "Mozilla/5.0 (X11; Linux i686) AppleWebKit/537.36 (KHTML, like Gecko) Chrome/34.0.1847.137 Safari/537.36"
155.33.170.196 - - [22/Jun/2014:18:54:38 -0400] "GET /favicon.ico HTTP/1.1" 404 465 "-" "Mozilla/5.0 (X11; Linux i686) AppleWebKit/537.36 (KHTML, like Gecko) Chrome/34.0.1847.137 Safari/537.36"
155.33.170.196 - - [22/Jun/2014:18:55:07 -0400] "GET / HTTP/1.1" 200 513 "-" "Mozilla/5.0 (X11; Linux i686) AppleWebKit/537.36 (KHTML, like Gecko) Chrome/34.0.1847.137 Safari/537.36"
155.33.170.196 - - [22/Jun/2014:18:55:07 -0400] "GET /easteregg.css HTTP/1.1" 200 377 "http://66.228.40.92/" "Mozilla/5.0 (X11; Linux i686) AppleWebKit/537.36 (KHTML, like Gecko) Chrome/34.0.1847.137 Safari/537.36"
155.33.170.196 - - [22/Jun/2014:18:55:08 -0400] "GET /scarra.gif HTTP/1.1" 200 1409503 "http://66.228.40.92/" "Mozilla/5.0 (X11; Linux i686) AppleWebKit/537.36 (KHTML, like Gecko) Chrome/34.0.1847.137 Safari/537.36"
155.33.170.196 - - [22/Jun/2014:18:55:07 -0400] "GET /imgoingtokillyou.mp3 HTTP/1.1" 206 3947248 "http://66.228.40.92/" "Mozilla/5.0 (X11; Linux i686) AppleWebKit/537.36 (KHTML, like Gecko) Chrome/34.0.1847.137 Safari/537.36"
5.9.97.244 - - [22/Jun/2014:19:19:36 -0400] "GET /robots.txt HTTP/1.0" 404 495 "-" "Mozilla/5.0 (compatible; MJ12bot/v1.4.5; http://www.majestic12.co.uk/bot.php?+)"
5.9.97.244 - - [22/Jun/2014:19:19:41 -0400] "GET /index.php/Site/PageListTemplates?action=diff HTTP/1.0" 404 517 "-" "Mozilla/5.0 (compatible; MJ12bot/v1.4.5; http://www.majestic12.co.uk/bot.php?+)"
5.9.97.244 - - [22/Jun/2014:19:19:46 -0400] "GET /robots.txt HTTP/1.0" 404 495 "-" "Mozilla/5.0 (compatible; MJ12bot/v1.4.5; http://www.majestic12.co.uk/bot.php?+)"
5.9.97.244 - - [22/Jun/2014:19:19:52 -0400] "GET /index.php/Site/PageListTemplates?action=login HTTP/1.0" 404 517 "-" "Mozilla/5.0 (compatible; MJ12bot/v1.4.5; http://www.majestic12.co.uk/bot.php?+)"
5.9.97.244 - - [22/Jun/2014:19:19:59 -0400] "GET /robots.txt HTTP/1.0" 404 495 "-" "Mozilla/5.0 (compatible; MJ12bot/v1.4.5; http://www.majestic12.co.uk/bot.php?+)"
5.9.97.244 - - [22/Jun/2014:19:20:03 -0400] "GET /index.php/Site/RecentChanges?action=print HTTP/1.0" 404 513 "-" "Mozilla/5.0 (compatible; MJ12bot/v1.4.5; http://www.majestic12.co.uk/bot.php?+)"
5.9.97.244 - - [22/Jun/2014:19:20:09 -0400] "GET /index.php/Site/SideBar?action=diff HTTP/1.0" 404 476 "-" "Mozilla/5.0 (compatible; MJ12bot/v1.4.5; http://www.majestic12.co.uk/bot.php?+)"
66.85.144.237 - - [22/Jun/2014:21:54:50 -0400] "GET / HTTP/1.0" 200 585 "-" "masscan/1.0 (https://github.com/robertdavidgraham/masscan)"
155.33.170.196 - - [22/Jun/2014:23:01:18 -0400] "GET / HTTP/1.1" 304 172 "-" "Mozilla/5.0 (X11; Linux i686) AppleWebKit/537.36 (KHTML, like Gecko) Chrome/34.0.1847.137 Safari/537.36"
155.33.170.196 - - [22/Jun/2014:23:01:18 -0400] "GET /easteregg.css HTTP/1.1" 304 171 "http://66.228.40.92/" "Mozilla/5.0 (X11; Linux i686) AppleWebKit/537.36 (KHTML, like Gecko) Chrome/34.0.1847.137 Safari/537.36"
155.33.170.196 - - [22/Jun/2014:23:01:18 -0400] "GET /imgoingtokillyou.mp3 HTTP/1.1" 304 152 "http://66.228.40.92/" "Mozilla/5.0 (X11; Linux i686) AppleWebKit/537.36 (KHTML, like Gecko) Chrome/34.0.1847.137 Safari/537.36"
155.33.170.196 - - [22/Jun/2014:23:01:18 -0400] "GET /scarra.gif HTTP/1.1" 304 152 "http://66.228.40.92/" "Mozilla/5.0 (X11; Linux i686) AppleWebKit/537.36 (KHTML, like Gecko) Chrome/34.0.1847.137 Safari/537.36"
54.224.88.181 - - [22/Jun/2014:23:02:28 -0400] "HEAD / HTTP/1.1" 200 276 "-" "Cloud mapping experiment. Contact research@pdrlabs.net"
144.76.95.231 - - [23/Jun/2014:00:03:35 -0400] "GET /robots.txt HTTP/1.0" 404 495 "-" "Mozilla/5.0 (compatible; MJ12bot/v1.4.5; http://www.majestic12.co.uk/bot.php?+)"
144.76.95.231 - - [23/Jun/2014:00:03:39 -0400] "GET /index.php/Ubuntu/RecentChanges?action=print HTTP/1.0" 404 515 "-" "Mozilla/5.0 (compatible; MJ12bot/v1.4.5; http://www.majestic12.co.uk/bot.php?+)"
157.55.39.50 - - [23/Jun/2014:01:40:11 -0400] "GET /robots.txt HTTP/1.1" 404 492 "-" "Mozilla/5.0 (compatible; bingbot/2.0; +http://www.bing.com/bingbot.htm)"
179.111.221.39 - - [23/Jun/2014:04:31:01 -0400] "GET /phppath/php HTTP/1.0" 404 497 "-" "-"
199.80.59.175 - - [23/Jun/2014:05:45:22 -0400] "GET / HTTP/1.1" 200 585 "-" "Mozilla/4.0 (compatible; MSIE 5.5; Windows NT)"
222.190.118.224 - - [23/Jun/2014:08:20:34 -0400] "GET /manager/html HTTP/1.1" 404 464 "-" "-"
12.11.157.129 - - [23/Jun/2014:09:01:45 -0400] "GET / HTTP/1.1" 200 513 "-" "Mozilla/5.0 (Windows NT 6.1) AppleWebKit/537.36 (KHTML, like Gecko) Chrome/35.0.1916.153 Safari/537.36"
12.11.157.129 - - [23/Jun/2014:09:01:45 -0400] "GET /easteregg.css HTTP/1.1" 200 377 "http://emilabraham.com/" "Mozilla/5.0 (Windows NT 6.1) AppleWebKit/537.36 (KHTML, like Gecko) Chrome/35.0.1916.153 Safari/537.36"
12.11.157.129 - - [23/Jun/2014:09:01:46 -0400] "GET /scarra.gif HTTP/1.1" 200 1409503 "http://emilabraham.com/" "Mozilla/5.0 (Windows NT 6.1) AppleWebKit/537.36 (KHTML, like Gecko) Chrome/35.0.1916.153 Safari/537.36"
12.11.157.129 - - [23/Jun/2014:09:01:47 -0400] "GET /favicon.ico HTTP/1.1" 404 466 "-" "Mozilla/5.0 (Windows NT 6.1) AppleWebKit/537.36 (KHTML, like Gecko) Chrome/35.0.1916.153 Safari/537.36"
12.11.157.129 - - [23/Jun/2014:09:01:46 -0400] "GET /imgoingtokillyou.mp3 HTTP/1.1" 206 3187180 "http://emilabraham.com/" "Mozilla/5.0 (Windows NT 6.1) AppleWebKit/537.36 (KHTML, like Gecko) Chrome/35.0.1916.153 Safari/537.36"
12.11.157.129 - - [23/Jun/2014:09:09:37 -0400] "GET / HTTP/1.1" 200 513 "-" "Mozilla/5.0 (Windows NT 6.1) AppleWebKit/537.36 (KHTML, like Gecko) Chrome/35.0.1916.153 Safari/537.36"
12.11.157.129 - - [23/Jun/2014:09:09:37 -0400] "GET /easteregg.css HTTP/1.1" 200 377 "http://www.emilabraham.com/" "Mozilla/5.0 (Windows NT 6.1) AppleWebKit/537.36 (KHTML, like Gecko) Chrome/35.0.1916.153 Safari/537.36"
12.11.157.129 - - [23/Jun/2014:09:09:37 -0400] "GET /scarra.gif HTTP/1.1" 200 1409503 "http://www.emilabraham.com/" "Mozilla/5.0 (Windows NT 6.1) AppleWebKit/537.36 (KHTML, like Gecko) Chrome/35.0.1916.153 Safari/537.36"
12.11.157.129 - - [23/Jun/2014:09:09:37 -0400] "GET /imgoingtokillyou.mp3 HTTP/1.1" 206 4035440 "http://www.emilabraham.com/" "Mozilla/5.0 (Windows NT 6.1) AppleWebKit/537.36 (KHTML, like Gecko) Chrome/35.0.1916.153 Safari/537.36"
109.66.54.93 - - [23/Jun/2014:09:21:35 -0400] "GET /upload/Gangnam%20Style!.JPG HTTP/1.1" 404 507 "-" "Mozilla/4.0"
109.66.54.93 - - [23/Jun/2014:09:21:36 -0400] "GET /upload/Gangnam%20Style!.JPG HTTP/1.1" 404 507 "-" "Mozilla/4.0"
12.11.157.129 - - [23/Jun/2014:09:34:44 -0400] "GET /imgoingtokillyou.mp3 HTTP/1.1" 206 1965160 "http://emilabraham.com/" "Mozilla/5.0 (Windows NT 6.1) AppleWebKit/537.36 (KHTML, like Gecko) Chrome/35.0.1916.153 Safari/537.36"
198.228.201.158 - - [23/Jun/2014:09:44:02 -0400] "GET / HTTP/1.1" 200 513 "-" "Mozilla/5.0 (Linux; Android 4.4.2; SAMSUNG-SGH-I337 Build/KOT49H) AppleWebKit/537.36 (KHTML, like Gecko) Chrome/35.0.1916.141 Mobile Safari/537.36"
198.228.201.158 - - [23/Jun/2014:09:44:02 -0400] "GET /easteregg.css HTTP/1.1" 200 377 "http://emilabraham.com/" "Mozilla/5.0 (Linux; Android 4.4.2; SAMSUNG-SGH-I337 Build/KOT49H) AppleWebKit/537.36 (KHTML, like Gecko) Chrome/35.0.1916.141 Mobile Safari/537.36"
198.228.201.158 - - [23/Jun/2014:09:44:02 -0400] "GET /imgoingtokillyou.mp3 HTTP/1.1" 200 256296 "http://emilabraham.com/" "Mozilla/5.0 (Linux; Android 4.4.2; SAMSUNG-SGH-I337 Build/KOT49H) AppleWebKit/537.36 (KHTML, like Gecko) Chrome/35.0.1916.141 Mobile Safari/537.36"
198.228.201.158 - - [23/Jun/2014:09:44:02 -0400] "GET /scarra.gif HTTP/1.1" 200 1409503 "http://emilabraham.com/" "Mozilla/5.0 (Linux; Android 4.4.2; SAMSUNG-SGH-I337 Build/KOT49H) AppleWebKit/537.36 (KHTML, like Gecko) Chrome/35.0.1916.141 Mobile Safari/537.36"
198.228.201.158 - - [23/Jun/2014:09:44:08 -0400] "GET /favicon.ico HTTP/1.1" 404 466 "-" "Mozilla/5.0 (Linux; Android 4.4.2; SAMSUNG-SGH-I337 Build/KOT49H) AppleWebKit/537.36 (KHTML, like Gecko) Chrome/35.0.1916.141 Mobile Safari/537.36"
1.214.253.114 - - [23/Jun/2014:10:07:23 -0400] "POST / HTTP/1.1" 200 610 "-" "Mozilla/5.0"
83.136.30.154 - - [23/Jun/2014:10:25:51 -0400] "GET /upload/VeMNz3Xh.jpeg HTTP/1.1" 404 476 "http://yandex.ru/images/search?p=5&text=%D0%B2%D0%B8%D0%BA%D0%B8%D0%BD%D0%B3%20fun%20art&pos=179&uinfo=sw-1680-sh-1050-ww-1661-wh-935-pd-1-wp-16x10_1680x1050&rpt=simage&_=1403533310092&img_url=http%3A%2F%2Fi.imgur.com%2Fjvhki.jpg" "Mozilla/5.0 (Windows NT 5.1) AppleWebKit/537.36 (KHTML, like Gecko) Chrome/35.0.1916.153 Safari/537.36"
50.16.12.71 - - [23/Jun/2014:10:42:12 -0400] "HEAD / HTTP/1.1" 200 276 "-" "Cloud mapping experiment. Contact research@pdrlabs.net"
109.66.54.93 - - [23/Jun/2014:11:10:42 -0400] "GET /upload/Gangnam%20Style!.JPG HTTP/1.1" 404 507 "-" "Mozilla/4.0"
109.66.54.93 - - [23/Jun/2014:11:10:43 -0400] "GET /upload/Gangnam%20Style!.JPG HTTP/1.1" 404 507 "-" "Mozilla/4.0"
109.66.54.93 - - [23/Jun/2014:12:09:28 -0400] "GET /upload/Gangnam%20Style!.JPG HTTP/1.1" 404 507 "-" "Mozilla/4.0"
109.66.54.93 - - [23/Jun/2014:12:09:28 -0400] "GET /upload/Gangnam%20Style!.JPG HTTP/1.1" 404 507 "-" "Mozilla/4.0"
199.30.20.123 - - [23/Jun/2014:12:35:38 -0400] "GET /robots.txt HTTP/1.1" 404 466 "-" "msnbot-media/1.1 (+http://search.msn.com/msnbot.htm)"
199.30.20.123 - - [23/Jun/2014:12:35:38 -0400] "GET /upload/dicks-nuts-585x314.jpg HTTP/1.1" 404 483 "-" "msnbot-media/1.1 (+http://search.msn.com/msnbot.htm)"
205.251.233.161 - - [23/Jun/2014:12:49:49 -0400] "GET / HTTP/1.1" 200 513 "-" "Apache-HttpClient/4.3 (java 1.5)"
109.66.54.93 - - [23/Jun/2014:13:02:04 -0400] "GET /upload/Gangnam%20Style!.JPG HTTP/1.1" 404 507 "-" "Mozilla/4.0"
109.66.54.93 - - [23/Jun/2014:13:02:05 -0400] "GET /upload/Gangnam%20Style!.JPG HTTP/1.1" 404 507 "-" "Mozilla/4.0"
222.94.103.201 - - [23/Jun/2014:13:32:52 -0400] "GET http://hotel.qunar.com/render/hoteldiv.jsp?&__jscallback=XQScript_4 HTTP/1.1" 404 471 "http://hotel.qunar.com/" "Mozilla/5.0 (Windows NT 6.1; WOW64) AppleWebKit/537.36 (KHTML, like Gecko) Chrome/35.0.1916.114 Safari/537.36"
12.11.157.129 - - [23/Jun/2014:13:39:05 -0400] "GET / HTTP/1.1" 304 172 "-" "Mozilla/5.0 (Windows NT 6.1) AppleWebKit/537.36 (KHTML, like Gecko) Chrome/35.0.1916.153 Safari/537.36"
12.11.157.129 - - [23/Jun/2014:13:39:06 -0400] "GET /easteregg.css HTTP/1.1" 304 171 "http://emilabraham.com/" "Mozilla/5.0 (Windows NT 6.1) AppleWebKit/537.36 (KHTML, like Gecko) Chrome/35.0.1916.153 Safari/537.36"
12.11.157.129 - - [23/Jun/2014:13:39:06 -0400] "GET /imgoingtokillyou.mp3 HTTP/1.1" 304 152 "http://emilabraham.com/" "Mozilla/5.0 (Windows NT 6.1) AppleWebKit/537.36 (KHTML, like Gecko) Chrome/35.0.1916.153 Safari/537.36"
12.11.157.129 - - [23/Jun/2014:13:39:06 -0400] "GET /scarra.gif HTTP/1.1" 304 152 "http://emilabraham.com/" "Mozilla/5.0 (Windows NT 6.1) AppleWebKit/537.36 (KHTML, like Gecko) Chrome/35.0.1916.153 Safari/537.36"
109.66.54.93 - - [23/Jun/2014:14:17:49 -0400] "GET /upload/Gangnam%20Style!.JPG HTTP/1.1" 404 507 "-" "Mozilla/4.0"
109.66.54.93 - - [23/Jun/2014:14:17:50 -0400] "GET /upload/Gangnam%20Style!.JPG HTTP/1.1" 404 507 "-" "Mozilla/4.0"
109.66.54.93 - - [23/Jun/2014:15:58:09 -0400] "GET /upload/Gangnam%20Style!.JPG HTTP/1.1" 404 507 "-" "Mozilla/4.0"
109.66.54.93 - - [23/Jun/2014:15:58:10 -0400] "GET /upload/Gangnam%20Style!.JPG HTTP/1.1" 404 507 "-" "Mozilla/4.0"
205.251.233.161 - - [23/Jun/2014:16:04:10 -0400] "GET / HTTP/1.1" 200 513 "-" "Apache-HttpClient/4.3 (java 1.5)"
24.149.63.76 - - [23/Jun/2014:16:54:48 -0400] "GET / HTTP/1.1" 200 513 "-" "Mozilla/5.0 (Windows NT 6.3; WOW64) AppleWebKit/537.36 (KHTML, like Gecko) Chrome/35.0.1916.153 Safari/537.36"
24.149.63.76 - - [23/Jun/2014:16:54:48 -0400] "GET /easteregg.css HTTP/1.1" 200 377 "http://emilabraham.com/" "Mozilla/5.0 (Windows NT 6.3; WOW64) AppleWebKit/537.36 (KHTML, like Gecko) Chrome/35.0.1916.153 Safari/537.36"
24.149.63.76 - - [23/Jun/2014:16:54:48 -0400] "GET /scarra.gif HTTP/1.1" 200 1409503 "http://emilabraham.com/" "Mozilla/5.0 (Windows NT 6.3; WOW64) AppleWebKit/537.36 (KHTML, like Gecko) Chrome/35.0.1916.153 Safari/537.36"
24.149.63.76 - - [23/Jun/2014:16:54:50 -0400] "GET /favicon.ico HTTP/1.1" 404 466 "-" "Mozilla/5.0 (Windows NT 6.3; WOW64) AppleWebKit/537.36 (KHTML, like Gecko) Chrome/35.0.1916.153 Safari/537.36"
24.149.63.76 - - [23/Jun/2014:16:54:48 -0400] "GET /imgoingtokillyou.mp3 HTTP/1.1" 206 5031755 "http://emilabraham.com/" "Mozilla/5.0 (Windows NT 6.3; WOW64) AppleWebKit/537.36 (KHTML, like Gecko) Chrome/35.0.1916.153 Safari/537.36"
2a03:2880:2130:7ff4:face:b00c:0:1 - - [23/Jun/2014:16:56:05 -0400] "GET / HTTP/1.1" 206 558 "-" "facebookexternalhit/1.1 (+http://www.facebook.com/externalhit_uatext.php)"
173.169.102.20 - - [23/Jun/2014:16:56:09 -0400] "GET / HTTP/1.1" 200 513 "-" "Mozilla/5.0 (Windows NT 6.1; WOW64) AppleWebKit/537.36 (KHTML, like Gecko) Chrome/35.0.1916.153 Safari/537.36"
173.169.102.20 - - [23/Jun/2014:16:56:09 -0400] "GET /easteregg.css HTTP/1.1" 200 377 "http://emilabraham.com/" "Mozilla/5.0 (Windows NT 6.1; WOW64) AppleWebKit/537.36 (KHTML, like Gecko) Chrome/35.0.1916.153 Safari/537.36"
173.169.102.20 - - [23/Jun/2014:16:56:10 -0400] "GET /scarra.gif HTTP/1.1" 200 1409503 "http://emilabraham.com/" "Mozilla/5.0 (Windows NT 6.1; WOW64) AppleWebKit/537.36 (KHTML, like Gecko) Chrome/35.0.1916.153 Safari/537.36"
173.169.102.20 - - [23/Jun/2014:16:56:12 -0400] "GET /favicon.ico HTTP/1.1" 404 466 "-" "Mozilla/5.0 (Windows NT 6.1; WOW64) AppleWebKit/537.36 (KHTML, like Gecko) Chrome/35.0.1916.153 Safari/537.36"
70.192.13.7 - - [23/Jun/2014:16:56:50 -0400] "GET / HTTP/1.1" 200 513 "-" "Mozilla/5.0 (Linux; Android 4.4.2; SCH-I545 Build/KOT49H) AppleWebKit/537.36 (KHTML, like Gecko) Chrome/35.0.1916.141 Mobile Safari/537.36"
70.192.13.7 - - [23/Jun/2014:16:56:50 -0400] "GET /easteregg.css HTTP/1.1" 200 377 "http://emilabraham.com/" "Mozilla/5.0 (Linux; Android 4.4.2; SCH-I545 Build/KOT49H) AppleWebKit/537.36 (KHTML, like Gecko) Chrome/35.0.1916.141 Mobile Safari/537.36"
173.169.102.20 - - [23/Jun/2014:16:56:10 -0400] "GET /imgoingtokillyou.mp3 HTTP/1.1" 206 5031755 "http://emilabraham.com/" "Mozilla/5.0 (Windows NT 6.1; WOW64) AppleWebKit/537.36 (KHTML, like Gecko) Chrome/35.0.1916.153 Safari/537.36"
2600:1000:b018:d91f:a862:d507:e0fb:7b64 - - [23/Jun/2014:16:56:51 -0400] "GET /scarra.gif HTTP/1.1" 200 1409503 "http://emilabraham.com/" "Mozilla/5.0 (Linux; Android 4.4.2; SCH-I545 Build/KOT49H) AppleWebKit/537.36 (KHTML, like Gecko) Chrome/35.0.1916.141 Mobile Safari/537.36"
2600:1000:b018:d91f:a862:d507:e0fb:7b64 - - [23/Jun/2014:16:57:02 -0400] "GET /favicon.ico HTTP/1.1" 404 466 "-" "Mozilla/5.0 (Linux; Android 4.4.2; SCH-I545 Build/KOT49H) AppleWebKit/537.36 (KHTML, like Gecko) Chrome/35.0.1916.141 Mobile Safari/537.36"
24.97.30.115 - - [23/Jun/2014:16:58:01 -0400] "GET / HTTP/1.1" 200 513 "-" "Mozilla/5.0 (Linux; U; Android 4.3; en-us; SAMSUNG-SGH-I747 Build/JSS15J) AppleWebKit/534.30 (KHTML, like Gecko) Version/4.0 Mobile Safari/534.30"
24.97.30.115 - - [23/Jun/2014:16:58:02 -0400] "GET /easteregg.css HTTP/1.1" 200 377 "http://emilabraham.com/" "Mozilla/5.0 (Linux; U; Android 4.3; en-us; SAMSUNG-SGH-I747 Build/JSS15J) AppleWebKit/534.30 (KHTML, like Gecko) Version/4.0 Mobile Safari/534.30"
173.169.102.20 - - [23/Jun/2014:16:58:18 -0400] "GET /imgoingtokillyou.mp3 HTTP/1.1" 304 152 "http://emilabraham.com/" "Mozilla/5.0 (Windows NT 6.1; WOW64) AppleWebKit/537.36 (KHTML, like Gecko) Chrome/35.0.1916.153 Safari/537.36"
24.97.30.115 - - [23/Jun/2014:16:58:02 -0400] "GET /scarra.gif HTTP/1.1" 200 1409503 "http://emilabraham.com/" "Mozilla/5.0 (Linux; U; Android 4.3; en-us; SAMSUNG-SGH-I747 Build/JSS15J) AppleWebKit/534.30 (KHTML, like Gecko) Version/4.0 Mobile Safari/534.30"
24.97.30.115 - - [23/Jun/2014:16:58:26 -0400] "GET /favicon.ico HTTP/1.1" 404 466 "http://emilabraham.com/" "Mozilla/5.0 (Linux; U; Android 4.3; en-us; SAMSUNG-SGH-I747 Build/JSS15J) AppleWebKit/534.30 (KHTML, like Gecko) Version/4.0 Mobile Safari/534.30"
24.97.30.115 - - [23/Jun/2014:16:58:03 -0400] "GET /imgoingtokillyou.mp3 HTTP/1.1" 200 5031702 "-" "stagefright/1.2 (Linux;Android 4.3)"
70.192.13.7 - - [23/Jun/2014:16:56:50 -0400] "GET /imgoingtokillyou.mp3 HTTP/1.1" 200 68800 "http://emilabraham.com/" "Mozilla/5.0 (Linux; Android 4.4.2; SCH-I545 Build/KOT49H) AppleWebKit/537.36 (KHTML, like Gecko) Chrome/35.0.1916.141 Mobile Safari/537.36"
207.46.13.43 - - [23/Jun/2014:17:05:26 -0400] "GET /robots.txt HTTP/1.1" 404 492 "-" "Mozilla/5.0 (compatible; bingbot/2.0; +http://www.bing.com/bingbot.htm)"
207.46.13.43 - - [23/Jun/2014:17:05:29 -0400] "GET /index.html HTTP/1.1" 200 513 "-" "Mozilla/5.0 (compatible; bingbot/2.0; +http://www.bing.com/bingbot.htm)"
109.66.54.93 - - [23/Jun/2014:17:11:38 -0400] "GET /upload/Gangnam%20Style!.JPG HTTP/1.1" 404 507 "-" "Mozilla/4.0"
109.66.54.93 - - [23/Jun/2014:17:11:38 -0400] "GET /upload/Gangnam%20Style!.JPG HTTP/1.1" 404 507 "-" "Mozilla/4.0"
155.33.170.196 - - [23/Jun/2014:18:27:57 -0400] "GET / HTTP/1.1" 200 513 "-" "Mozilla/5.0 (X11; Linux i686) AppleWebKit/537.36 (KHTML, like Gecko) Chrome/34.0.1847.137 Safari/537.36"
155.33.170.196 - - [23/Jun/2014:18:27:57 -0400] "GET /easteregg.css HTTP/1.1" 200 377 "http://emilabraham.com/" "Mozilla/5.0 (X11; Linux i686) AppleWebKit/537.36 (KHTML, like Gecko) Chrome/34.0.1847.137 Safari/537.36"
155.33.170.196 - - [23/Jun/2014:18:27:57 -0400] "GET /scarra.gif HTTP/1.1" 200 1409503 "http://emilabraham.com/" "Mozilla/5.0 (X11; Linux i686) AppleWebKit/537.36 (KHTML, like Gecko) Chrome/34.0.1847.137 Safari/537.36"
155.33.170.196 - - [23/Jun/2014:18:27:57 -0400] "GET /imgoingtokillyou.mp3 HTTP/1.1" 206 3929872 "http://emilabraham.com/" "Mozilla/5.0 (X11; Linux i686) AppleWebKit/537.36 (KHTML, like Gecko) Chrome/34.0.1847.137 Safari/537.36"
155.33.170.196 - - [23/Jun/2014:18:38:28 -0400] "GET /imgoingtokillyou.mp3 HTTP/1.1" 206 284184 "http://emilabraham.com/" "Mozilla/5.0 (X11; Linux i686) AppleWebKit/537.36 (KHTML, like Gecko) Chrome/34.0.1847.137 Safari/537.36"
109.66.54.93 - - [23/Jun/2014:18:46:02 -0400] "GET /upload/Gangnam%20Style!.JPG HTTP/1.1" 404 507 "-" "Mozilla/4.0"
109.66.54.93 - - [23/Jun/2014:18:46:03 -0400] "GET /upload/Gangnam%20Style!.JPG HTTP/1.1" 404 507 "-" "Mozilla/4.0"
109.66.54.93 - - [23/Jun/2014:20:13:24 -0400] "GET /upload/Gangnam%20Style!.JPG HTTP/1.1" 404 507 "-" "Mozilla/4.0"
109.66.54.93 - - [23/Jun/2014:20:13:25 -0400] "GET /upload/Gangnam%20Style!.JPG HTTP/1.1" 404 507 "-" "Mozilla/4.0"
155.33.170.196 - - [23/Jun/2014:21:01:04 -0400] "GET / HTTP/1.1" 500 632 "-" "Mozilla/5.0 (X11; Linux i686) AppleWebKit/537.36 (KHTML, like Gecko) Chrome/34.0.1847.137 Safari/537.36"
155.33.170.196 - - [23/Jun/2014:21:14:07 -0400] "GET / HTTP/1.1" 500 632 "-" "Mozilla/5.0 (X11; Linux i686) AppleWebKit/537.36 (KHTML, like Gecko) Chrome/34.0.1847.137 Safari/537.36"
155.33.170.196 - - [23/Jun/2014:21:16:50 -0400] "GET / HTTP/1.1" 500 632 "-" "Mozilla/5.0 (X11; Linux i686) AppleWebKit/537.36 (KHTML, like Gecko) Chrome/34.0.1847.137 Safari/537.36"
109.66.54.93 - - [23/Jun/2014:21:18:17 -0400] "GET /upload/Gangnam%20Style!.JPG HTTP/1.1" 500 841 "-" "Mozilla/4.0"
109.66.54.93 - - [23/Jun/2014:21:18:17 -0400] "GET /upload/Gangnam%20Style!.JPG HTTP/1.1" 500 841 "-" "Mozilla/4.0"
155.33.170.196 - - [24/Jun/2014:01:21:30 +0000] "GET / HTTP/1.1" 200 1095 "-" "Mozilla/5.0 (X11; Linux i686) AppleWebKit/537.36 (KHTML, like Gecko) Chrome/34.0.1847.137 Safari/537.36"
54.224.88.181 - - [24/Jun/2014:02:26:48 +0000] "HEAD / HTTP/1.1" 200 184 "-" "Cloud mapping experiment. Contact research@pdrlabs.net"
2606:700:9:350::c6ba:c02c - - [24/Jun/2014:02:50:14 +0000] "GET / HTTP/1.1" 200 1981 "-" "-"
109.66.54.93 - - [24/Jun/2014:03:19:04 +0000] "GET /upload/Gangnam%20Style!.JPG HTTP/1.1" 404 2209 "-" "Mozilla/4.0"
109.66.54.93 - - [24/Jun/2014:03:19:05 +0000] "GET /upload/Gangnam%20Style!.JPG HTTP/1.1" 404 2209 "-" "Mozilla/4.0"
109.66.54.93 - - [24/Jun/2014:04:31:17 +0000] "GET /upload/Gangnam%20Style!.JPG HTTP/1.1" 404 2209 "-" "Mozilla/4.0"
109.66.54.93 - - [24/Jun/2014:04:31:18 +0000] "GET /upload/Gangnam%20Style!.JPG HTTP/1.1" 404 2209 "-" "Mozilla/4.0"
109.66.54.93 - - [24/Jun/2014:04:59:06 +0000] "GET /upload/Gangnam%20Style!.JPG HTTP/1.1" 404 2209 "-" "Mozilla/4.0"
109.66.54.93 - - [24/Jun/2014:04:59:10 +0000] "GET /upload/Gangnam%20Style!.JPG HTTP/1.1" 404 2209 "-" "Mozilla/4.0"
2604:6000:fc00:b000:c4dd:611a:5a42:e165 - - [24/Jun/2014:05:09:15 +0000] "GET / HTTP/1.1" 200 1095 "-" "Mozilla/5.0 (Linux; U; Android 4.3; en-us; SAMSUNG-SGH-I747 Build/JSS15J) AppleWebKit/534.30 (KHTML, like Gecko) Version/4.0 Mobile Safari/534.30"
2604:6000:fc00:b000:c4dd:611a:5a42:e165 - - [24/Jun/2014:05:09:15 +0000] "GET /favicon.ico HTTP/1.1" 404 1175 "http://emilabraham.com/" "Mozilla/5.0 (Linux; U; Android 4.3; en-us; SAMSUNG-SGH-I747 Build/JSS15J) AppleWebKit/534.30 (KHTML, like Gecko) Version/4.0 Mobile Safari/534.30"
2604:6000:fc00:b000:c4dd:611a:5a42:e165 - - [24/Jun/2014:05:09:26 +0000] "GET / HTTP/1.1" 200 1095 "-" "Mozilla/5.0 (Linux; U; Android 4.3; en-us; SAMSUNG-SGH-I747 Build/JSS15J) AppleWebKit/534.30 (KHTML, like Gecko) Version/4.0 Mobile Safari/534.30"
2604:6000:fc00:b000:c4dd:611a:5a42:e165 - - [24/Jun/2014:05:09:28 +0000] "GET / HTTP/1.1" 200 1095 "-" "Mozilla/5.0 (Linux; U; Android 4.3; en-us; SAMSUNG-SGH-I747 Build/JSS15J) AppleWebKit/534.30 (KHTML, like Gecko) Version/4.0 Mobile Safari/534.30"
180.109.43.103 - - [24/Jun/2014:08:03:26 +0000] "GET http://hotel.qunar.com/render/hoteldiv.jsp?&__jscallback=XQScript_4 HTTP/1.1" 404 1205 "http://hotel.qunar.com/" "Mozilla/5.0 (Windows NT 6.1; WOW64) AppleWebKit/537.36 (KHTML, like Gecko) Chrome/35.0.1916.114 Safari/537.36"
109.66.54.93 - - [24/Jun/2014:12:52:36 +0000] "GET /upload/Gangnam%20Style!.JPG HTTP/1.1" 404 2209 "-" "Mozilla/4.0"
109.66.54.93 - - [24/Jun/2014:12:52:36 +0000] "GET /upload/Gangnam%20Style!.JPG HTTP/1.1" 404 2209 "-" "Mozilla/4.0"
109.66.54.93 - - [24/Jun/2014:13:12:47 +0000] "GET /upload/Gangnam%20Style!.JPG HTTP/1.1" 404 2209 "-" "Mozilla/4.0"
109.66.54.93 - - [24/Jun/2014:13:12:48 +0000] "GET /upload/Gangnam%20Style!.JPG HTTP/1.1" 404 2209 "-" "Mozilla/4.0"
12.11.157.129 - - [24/Jun/2014:13:33:30 +0000] "GET / HTTP/1.1" 200 1095 "-" "Mozilla/5.0 (Windows NT 6.1) AppleWebKit/537.36 (KHTML, like Gecko) Chrome/35.0.1916.153 Safari/537.36"
12.11.157.129 - - [24/Jun/2014:13:34:20 +0000] "GET / HTTP/1.1" 200 1095 "-" "Mozilla/5.0 (Windows NT 6.1) AppleWebKit/537.36 (KHTML, like Gecko) Chrome/35.0.1916.153 Safari/537.36"
12.11.157.129 - - [24/Jun/2014:13:34:21 +0000] "GET / HTTP/1.1" 200 1095 "-" "Mozilla/5.0 (Windows NT 6.1) AppleWebKit/537.36 (KHTML, like Gecko) Chrome/35.0.1916.153 Safari/537.36"
12.11.157.129 - - [24/Jun/2014:13:35:47 +0000] "GET / HTTP/1.1" 200 1095 "-" "Mozilla/5.0 (Windows NT 6.1) AppleWebKit/537.36 (KHTML, like Gecko) Chrome/35.0.1916.153 Safari/537.36"
100.43.81.140 - - [24/Jun/2014:09:42:58 -0400] "GET /robots.txt HTTP/1.1" 404 492 "-" "Mozilla/5.0 (compatible; YandexBot/3.0; +http://yandex.com/bots)"
100.43.81.140 - - [24/Jun/2014:13:43:00 +0000] "GET /upload/Jos_NinaDoll.jpg HTTP/1.1" 404 1188 "-" "Mozilla/5.0 (compatible; YandexImages/3.0; +http://yandex.com/bots)"
109.66.54.93 - - [24/Jun/2014:13:50:08 +0000] "GET /upload/Gangnam%20Style!.JPG HTTP/1.1" 404 2209 "-" "Mozilla/4.0"
109.66.54.93 - - [24/Jun/2014:13:50:08 +0000] "GET /upload/Gangnam%20Style!.JPG HTTP/1.1" 404 2209 "-" "Mozilla/4.0"
12.11.157.129 - - [24/Jun/2014:13:52:03 +0000] "GET / HTTP/1.1" 200 1095 "-" "Mozilla/5.0 (Windows NT 6.1) AppleWebKit/537.36 (KHTML, like Gecko) Chrome/35.0.1916.153 Safari/537.36"
12.11.157.129 - - [24/Jun/2014:14:21:17 +0000] "GET / HTTP/1.1" 200 1095 "-" "Mozilla/5.0 (Windows NT 6.1) AppleWebKit/537.36 (KHTML, like Gecko) Chrome/35.0.1916.153 Safari/537.36"
12.11.157.129 - - [24/Jun/2014:14:37:04 +0000] "GET / HTTP/1.1" 200 1095 "-" "Mozilla/5.0 (Windows NT 6.1) AppleWebKit/537.36 (KHTML, like Gecko) Chrome/35.0.1916.153 Safari/537.36"
109.66.54.93 - - [24/Jun/2014:14:39:45 +0000] "GET /upload/Gangnam%20Style!.JPG HTTP/1.1" 404 2209 "-" "Mozilla/4.0"
109.66.54.93 - - [24/Jun/2014:14:39:49 +0000] "GET /upload/Gangnam%20Style!.JPG HTTP/1.1" 404 2209 "-" "Mozilla/4.0"
12.11.157.129 - - [24/Jun/2014:15:13:43 +0000] "GET / HTTP/1.1" 200 1095 "-" "Mozilla/5.0 (Windows NT 6.1) AppleWebKit/537.36 (KHTML, like Gecko) Chrome/35.0.1916.153 Safari/537.36"
12.11.157.129 - - [24/Jun/2014:15:13:53 +0000] "GET / HTTP/1.1" 200 1095 "http://www.google.com/url?sa=D&q=http://emilabraham.com/&usg=AFQjCNF8dD-WGfUfazP68a7ICFfOQ8mfbg" "Mozilla/5.0 (Windows NT 6.1) AppleWebKit/537.36 (KHTML, like Gecko) Chrome/35.0.1916.153 Safari/537.36"
54.80.66.122 - - [24/Jun/2014:15:58:37 +0000] "HEAD / HTTP/1.1" 200 184 "-" "Cloud mapping experiment. Contact research@pdrlabs.net"
109.66.54.93 - - [24/Jun/2014:16:15:20 +0000] "GET /upload/Gangnam%20Style!.JPG HTTP/1.1" 404 2209 "-" "Mozilla/4.0"
109.66.54.93 - - [24/Jun/2014:16:15:21 +0000] "GET /upload/Gangnam%20Style!.JPG HTTP/1.1" 404 2209 "-" "Mozilla/4.0"
109.66.54.93 - - [24/Jun/2014:17:58:00 +0000] "GET /upload/Gangnam%20Style!.JPG HTTP/1.1" 404 2209 "-" "Mozilla/4.0"
109.66.54.93 - - [24/Jun/2014:17:58:00 +0000] "GET /upload/Gangnam%20Style!.JPG HTTP/1.1" 404 2209 "-" "Mozilla/4.0"
100.43.81.140 - - [24/Jun/2014:18:47:09 +0000] "GET /robots.txt HTTP/1.1" 404 492 "-" "Mozilla/5.0 (compatible; YandexBot/3.0; +http://yandex.com/bots)"
100.43.81.140 - - [24/Jun/2014:18:47:12 +0000] "GET /upload/dicks-nuts-585x314.jpg HTTP/1.1" 404 1194 "-" "Mozilla/5.0 (compatible; YandexImages/3.0; +http://yandex.com/bots)"
100.43.81.140 - - [24/Jun/2014:19:17:40 +0000] "GET /upload/Anna3.jpg HTTP/1.1" 404 1182 "-" "Mozilla/5.0 (compatible; YandexImages/3.0; +http://yandex.com/bots)"
134.249.76.109 - - [24/Jun/2014:19:20:46 +0000] "GET /blog.html HTTP/1.1" 404 2159 "http://traveluar.net/" "Opera/7.11 (Windows NT 5.1; U) [en]"
134.249.76.109 - - [24/Jun/2014:19:20:47 +0000] "GET /blog.html HTTP/1.1" 404 2159 "http://traveluar.net/" "Opera/7.11 (Windows NT 5.1; U) [en]"
134.249.76.109 - - [24/Jun/2014:19:20:47 +0000] "GET /blog.html HTTP/1.1" 404 2159 "http://traveluar.net/" "Opera/7.11 (Windows NT 5.1; U) [en]"
109.66.54.93 - - [24/Jun/2014:19:28:09 +0000] "GET /upload/Gangnam%20Style!.JPG HTTP/1.1" 404 2209 "-" "Mozilla/4.0"
109.66.54.93 - - [24/Jun/2014:19:28:09 +0000] "GET /upload/Gangnam%20Style!.JPG HTTP/1.1" 404 2209 "-" "Mozilla/4.0"
109.66.54.93 - - [24/Jun/2014:20:28:16 +0000] "GET /upload/Gangnam%20Style!.JPG HTTP/1.1" 404 2209 "-" "Mozilla/4.0"
109.66.54.93 - - [24/Jun/2014:20:28:17 +0000] "GET /upload/Gangnam%20Style!.JPG HTTP/1.1" 404 2209 "-" "Mozilla/4.0"
109.66.54.93 - - [24/Jun/2014:21:09:13 +0000] "GET /upload/Gangnam%20Style!.JPG HTTP/1.1" 404 2209 "-" "Mozilla/4.0"
109.66.54.93 - - [24/Jun/2014:21:09:13 +0000] "GET /upload/Gangnam%20Style!.JPG HTTP/1.1" 404 2209 "-" "Mozilla/4.0"
173.244.215.194 - - [24/Jun/2014:21:52:58 +0000] "GET / HTTP/1.0" 200 1941 "-" "masscan/1.0 (https://github.com/robertdavidgraham/masscan)"
24.233.187.250 - - [24/Jun/2014:22:11:40 +0000] "GET / HTTP/1.1" 200 1095 "-" "Mozilla/5.0 (Windows NT 6.1; WOW64) AppleWebKit/537.36 (KHTML, like Gecko) Chrome/35.0.1916.153 Safari/537.36"
24.233.187.250 - - [24/Jun/2014:22:11:40 +0000] "GET /favicon.ico HTTP/1.1" 404 466 "-" "Mozilla/5.0 (Windows NT 6.1; WOW64) AppleWebKit/537.36 (KHTML, like Gecko) Chrome/35.0.1916.153 Safari/537.36"
109.66.54.93 - - [24/Jun/2014:22:23:31 +0000] "GET /upload/Gangnam%20Style!.JPG HTTP/1.1" 404 2209 "-" "Mozilla/4.0"
109.66.54.93 - - [24/Jun/2014:22:23:32 +0000] "GET /upload/Gangnam%20Style!.JPG HTTP/1.1" 404 2209 "-" "Mozilla/4.0"
93.171.216.163 - - [24/Jun/2014:22:25:22 +0000] "GET / HTTP/1.1" 200 1095 "http://google.com" "Mozilla/5.0 (X11; Ubuntu; Linux x86_64; rv:26.0) Gecko/20100101 Firefox/26.0"
155.33.170.196 - - [24/Jun/2014:23:13:05 +0000] "GET / HTTP/1.1" 200 1095 "-" "Mozilla/5.0 (X11; Linux i686) AppleWebKit/537.36 (KHTML, like Gecko) Chrome/34.0.1847.137 Safari/537.36"
155.33.170.196 - - [24/Jun/2014:23:13:23 +0000] "GET / HTTP/1.1" 200 1095 "-" "Mozilla/5.0 (X11; Linux i686) AppleWebKit/537.36 (KHTML, like Gecko) Chrome/34.0.1847.137 Safari/537.36"
155.33.170.196 - - [24/Jun/2014:23:17:56 +0000] "GET / HTTP/1.1" 200 1095 "-" "Mozilla/5.0 (X11; Linux i686) AppleWebKit/537.36 (KHTML, like Gecko) Chrome/34.0.1847.137 Safari/537.36"
155.33.170.196 - - [24/Jun/2014:23:17:57 +0000] "GET / HTTP/1.1" 200 1095 "-" "Mozilla/5.0 (X11; Linux i686) AppleWebKit/537.36 (KHTML, like Gecko) Chrome/34.0.1847.137 Safari/537.36"
109.66.54.93 - - [24/Jun/2014:23:25:29 +0000] "GET /upload/Gangnam%20Style!.JPG HTTP/1.1" 404 2209 "-" "Mozilla/4.0"
109.66.54.93 - - [24/Jun/2014:23:25:30 +0000] "GET /upload/Gangnam%20Style!.JPG HTTP/1.1" 404 2209 "-" "Mozilla/4.0"
155.33.170.196 - - [24/Jun/2014:23:29:59 +0000] "GET / HTTP/1.1" 200 1095 "-" "Mozilla/5.0 (X11; Linux i686) AppleWebKit/537.36 (KHTML, like Gecko) Chrome/34.0.1847.137 Safari/537.36"
155.33.170.196 - - [24/Jun/2014:19:30:00 -0400] "GET /favicon.ico HTTP/1.1" 404 469 "-" "Mozilla/5.0 (X11; Linux i686) AppleWebKit/537.36 (KHTML, like Gecko) Chrome/34.0.1847.137 Safari/537.36"
155.33.170.196 - - [24/Jun/2014:23:31:42 +0000] "GET / HTTP/1.1" 200 1095 "-" "Mozilla/5.0 (X11; Linux i686) AppleWebKit/537.36 (KHTML, like Gecko) Chrome/34.0.1847.137 Safari/537.36"
155.33.170.196 - - [24/Jun/2014:19:31:43 -0400] "GET /favicon.ico HTTP/1.1" 404 469 "-" "Mozilla/5.0 (X11; Linux i686) AppleWebKit/537.36 (KHTML, like Gecko) Chrome/34.0.1847.137 Safari/537.36"
155.33.170.196 - - [24/Jun/2014:23:31:57 +0000] "GET / HTTP/1.1" 200 1095 "-" "Mozilla/5.0 (X11; Linux i686) AppleWebKit/537.36 (KHTML, like Gecko) Chrome/34.0.1847.137 Safari/537.36"
155.33.170.196 - - [24/Jun/2014:23:32:03 +0000] "GET / HTTP/1.1" 200 1095 "-" "Mozilla/5.0 (X11; Linux i686) AppleWebKit/537.36 (KHTML, like Gecko) Chrome/34.0.1847.137 Safari/537.36"
155.33.170.196 - - [24/Jun/2014:23:33:37 +0000] "GET / HTTP/1.1" 200 1095 "-" "Mozilla/5.0 (X11; Linux i686) AppleWebKit/537.36 (KHTML, like Gecko) Chrome/34.0.1847.137 Safari/537.36"
155.33.170.196 - - [24/Jun/2014:23:33:42 +0000] "GET /static HTTP/1.1" 404 1172 "-" "Mozilla/5.0 (X11; Linux i686) AppleWebKit/537.36 (KHTML, like Gecko) Chrome/34.0.1847.137 Safari/537.36"
155.33.170.196 - - [24/Jun/2014:19:33:49 -0400] "GET /robots.txt HTTP/1.1" 404 466 "-" "Mozilla/5.0 (X11; Linux i686) AppleWebKit/537.36 (KHTML, like Gecko) Chrome/34.0.1847.137 Safari/537.36"
155.33.170.196 - - [24/Jun/2014:23:33:57 +0000] "GET /fuckthisshit HTTP/1.1" 404 1177 "-" "Mozilla/5.0 (X11; Linux i686) AppleWebKit/537.36 (KHTML, like Gecko) Chrome/34.0.1847.137 Safari/537.36"
155.33.170.196 - - [24/Jun/2014:23:34:01 +0000] "GET /fuckthisshit.txt HTTP/1.1" 404 1180 "-" "Mozilla/5.0 (X11; Linux i686) AppleWebKit/537.36 (KHTML, like Gecko) Chrome/34.0.1847.137 Safari/537.36"
155.33.170.196 - - [24/Jun/2014:23:34:07 +0000] "GET /robots.txt HTTP/1.1" 404 466 "-" "Mozilla/5.0 (X11; Linux i686) AppleWebKit/537.36 (KHTML, like Gecko) Chrome/34.0.1847.137 Safari/537.36"
155.33.170.196 - - [24/Jun/2014:19:38:44 -0400] "GET /robots.txt HTTP/1.1" 200 344 "-" "Mozilla/5.0 (X11; Linux i686) AppleWebKit/537.36 (KHTML, like Gecko) Chrome/34.0.1847.137 Safari/537.36"
155.33.170.196 - - [24/Jun/2014:23:40:41 +0000] "GET / HTTP/1.1" 200 1095 "-" "Mozilla/5.0 (X11; Linux i686) AppleWebKit/537.36 (KHTML, like Gecko) Chrome/34.0.1847.137 Safari/537.36"
155.33.170.196 - - [24/Jun/2014:23:52:22 +0000] "GET / HTTP/1.1" 200 1095 "-" "Mozilla/5.0 (X11; Linux i686) AppleWebKit/537.36 (KHTML, like Gecko) Chrome/34.0.1847.137 Safari/537.36"
155.33.170.196 - - [24/Jun/2014:23:55:39 +0000] "GET / HTTP/1.1" 200 1095 "-" "Mozilla/5.0 (X11; Linux i686) AppleWebKit/537.36 (KHTML, like Gecko) Chrome/34.0.1847.137 Safari/537.36"
109.66.54.93 - - [25/Jun/2014:00:25:19 +0000] "GET /upload/Gangnam%20Style!.JPG HTTP/1.1" 404 2209 "-" "Mozilla/4.0"
109.66.54.93 - - [25/Jun/2014:00:25:19 +0000] "GET /upload/Gangnam%20Style!.JPG HTTP/1.1" 404 2209 "-" "Mozilla/4.0"
155.33.170.196 - - [25/Jun/2014:00:27:54 +0000] "GET / HTTP/1.1" 200 1095 "-" "Mozilla/5.0 (X11; Linux i686) AppleWebKit/537.36 (KHTML, like Gecko) Chrome/34.0.1847.137 Safari/537.36"
162.253.66.76 - - [24/Jun/2014:20:44:47 -0400] "GET /rutorrent HTTP/1.1" 400 512 "-" "-"
2001:470:1d:96b::1000 - - [25/Jun/2014:01:06:45 +0000] "GET / HTTP/1.1" 200 1095 "-" "Mozilla/5.0 (Windows NT 6.3; WOW64; rv:30.0) Gecko/20100101 Firefox/30.0"
2001:470:1d:96b::1000 - - [24/Jun/2014:21:06:45 -0400] "GET /favicon.ico HTTP/1.1" 404 466 "-" "Mozilla/5.0 (Windows NT 6.3; WOW64; rv:30.0) Gecko/20100101 Firefox/30.0"
2001:470:1d:96b::1000 - - [24/Jun/2014:21:06:45 -0400] "GET /favicon.ico HTTP/1.1" 404 466 "-" "Mozilla/5.0 (Windows NT 6.3; WOW64; rv:30.0) Gecko/20100101 Firefox/30.0"
2600:3c03::f03c:91ff:fe69:92aa - - [25/Jun/2014:01:06:59 +0000] "GET / HTTP/1.1" 200 1981 "http://cortana.entropyvalley.net/EntropyBot" "Mozilla/5.0 (Compatible; Supybot 0.83.4.1+limnoria 2013-07-31T19:28:18+0200)"
155.33.170.196 - - [25/Jun/2014:01:07:49 +0000] "GET / HTTP/1.1" 200 1095 "-" "Mozilla/5.0 (X11; Linux i686) AppleWebKit/537.36 (KHTML, like Gecko) Chrome/34.0.1847.137 Safari/537.36"
155.33.170.196 - - [25/Jun/2014:01:10:13 +0000] "GET / HTTP/1.1" 200 1095 "-" "Mozilla/5.0 (X11; Ubuntu; Linux i686; rv:30.0) Gecko/20100101 Firefox/30.0"
155.33.170.196 - - [25/Jun/2014:01:10:13 +0000] "GET /favicon.ico HTTP/1.1" 404 466 "-" "Mozilla/5.0 (X11; Ubuntu; Linux i686; rv:30.0) Gecko/20100101 Firefox/30.0"
155.33.170.196 - - [25/Jun/2014:01:10:13 +0000] "GET /favicon.ico HTTP/1.1" 404 466 "-" "Mozilla/5.0 (X11; Ubuntu; Linux i686; rv:30.0) Gecko/20100101 Firefox/30.0"
2001:470:1d:96b::1000 - - [25/Jun/2014:01:18:41 +0000] "GET / HTTP/1.1" 200 1095 "-" "Mozilla/5.0 (Windows NT 6.3; WOW64; rv:30.0) Gecko/20100101 Firefox/30.0"
198.23.205.81 - - [25/Jun/2014:01:18:46 +0000] "GET /cgi-bin/php HTTP/1.1" 404 2162 "-" "-"
198.23.205.81 - - [25/Jun/2014:01:18:47 +0000] "GET /cgi-bin/php5 HTTP/1.1" 404 2165 "-" "-"
198.23.205.81 - - [25/Jun/2014:01:18:47 +0000] "GET /cgi-bin/php-cgi HTTP/1.1" 404 2174 "-" "-"
198.23.205.81 - - [25/Jun/2014:01:18:47 +0000] "GET /cgi-bin/php.cgi HTTP/1.1" 404 2174 "-" "-"
198.23.205.81 - - [25/Jun/2014:01:18:47 +0000] "GET /cgi-bin/php4 HTTP/1.1" 404 2165 "-" "-"
198.23.205.81 - - [25/Jun/2014:01:20:48 +0000] "GET /cgi-bin/php HTTP/1.1" 404 2162 "-" "-"
198.23.205.81 - - [25/Jun/2014:01:20:48 +0000] "GET /cgi-bin/php5 HTTP/1.1" 404 2165 "-" "-"
198.23.205.81 - - [25/Jun/2014:01:20:48 +0000] "GET /cgi-bin/php-cgi HTTP/1.1" 404 2174 "-" "-"
198.23.205.81 - - [25/Jun/2014:01:20:48 +0000] "GET /cgi-bin/php.cgi HTTP/1.1" 404 2174 "-" "-"
198.23.205.81 - - [25/Jun/2014:01:20:48 +0000] "GET /cgi-bin/php4 HTTP/1.1" 404 2165 "-" "-"
198.23.205.81 - - [25/Jun/2014:01:20:58 +0000] "GET /cgi-bin/php HTTP/1.1" 404 2162 "-" "-"
198.23.205.81 - - [25/Jun/2014:01:20:58 +0000] "GET /cgi-bin/php5 HTTP/1.1" 404 2165 "-" "-"
198.23.205.81 - - [25/Jun/2014:01:20:58 +0000] "GET /cgi-bin/php-cgi HTTP/1.1" 404 2174 "-" "-"
198.23.205.81 - - [25/Jun/2014:01:20:58 +0000] "GET /cgi-bin/php.cgi HTTP/1.1" 404 2174 "-" "-"
198.23.205.81 - - [25/Jun/2014:01:20:58 +0000] "GET /cgi-bin/php4 HTTP/1.1" 404 2165 "-" "-"
198.23.205.81 - - [25/Jun/2014:01:23:49 +0000] "GET /cgi-bin/php HTTP/1.1" 404 2162 "-" "-"
198.23.205.81 - - [25/Jun/2014:01:23:49 +0000] "GET /cgi-bin/php5 HTTP/1.1" 404 2165 "-" "-"
198.23.205.81 - - [25/Jun/2014:01:23:49 +0000] "GET /cgi-bin/php-cgi HTTP/1.1" 404 2174 "-" "-"
198.23.205.81 - - [25/Jun/2014:01:23:49 +0000] "GET /cgi-bin/php.cgi HTTP/1.1" 404 2174 "-" "-"
198.23.205.81 - - [25/Jun/2014:01:23:49 +0000] "GET /cgi-bin/php4 HTTP/1.1" 404 2165 "-" "-"
198.23.205.81 - - [25/Jun/2014:01:24:05 +0000] "GET /cgi-bin/php HTTP/1.1" 404 2162 "-" "-"
198.23.205.81 - - [25/Jun/2014:01:24:05 +0000] "GET /cgi-bin/php5 HTTP/1.1" 404 2165 "-" "-"
198.23.205.81 - - [25/Jun/2014:01:24:05 +0000] "GET /cgi-bin/php-cgi HTTP/1.1" 404 2174 "-" "-"
198.23.205.81 - - [25/Jun/2014:01:24:06 +0000] "GET /cgi-bin/php.cgi HTTP/1.1" 404 2174 "-" "-"
198.23.205.81 - - [25/Jun/2014:01:24:06 +0000] "GET /cgi-bin/php4 HTTP/1.1" 404 2165 "-" "-"
198.23.205.81 - - [25/Jun/2014:01:24:23 +0000] "GET /cgi-bin/php HTTP/1.1" 404 2162 "-" "-"
198.23.205.81 - - [25/Jun/2014:01:24:23 +0000] "GET /cgi-bin/php5 HTTP/1.1" 404 2165 "-" "-"
198.23.205.81 - - [25/Jun/2014:01:24:23 +0000] "GET /cgi-bin/php-cgi HTTP/1.1" 404 2174 "-" "-"
198.23.205.81 - - [25/Jun/2014:01:24:23 +0000] "GET /cgi-bin/php.cgi HTTP/1.1" 404 2174 "-" "-"
198.23.205.81 - - [25/Jun/2014:01:24:23 +0000] "GET /cgi-bin/php4 HTTP/1.1" 404 2165 "-" "-"
198.23.205.81 - - [25/Jun/2014:01:24:27 +0000] "GET /cgi-bin/php HTTP/1.1" 404 2162 "-" "-"
198.23.205.81 - - [25/Jun/2014:01:24:27 +0000] "GET /cgi-bin/php5 HTTP/1.1" 404 2165 "-" "-"
198.23.205.81 - - [25/Jun/2014:01:24:27 +0000] "GET /cgi-bin/php-cgi HTTP/1.1" 404 2174 "-" "-"
198.23.205.81 - - [25/Jun/2014:01:24:27 +0000] "GET /cgi-bin/php.cgi HTTP/1.1" 404 2174 "-" "-"
198.23.205.81 - - [25/Jun/2014:01:24:27 +0000] "GET /cgi-bin/php4 HTTP/1.1" 404 2165 "-" "-"
198.23.205.81 - - [25/Jun/2014:01:24:35 +0000] "GET /cgi-bin/php HTTP/1.1" 404 2162 "-" "-"
198.23.205.81 - - [25/Jun/2014:01:24:35 +0000] "GET /cgi-bin/php5 HTTP/1.1" 404 2165 "-" "-"
198.23.205.81 - - [25/Jun/2014:01:24:35 +0000] "GET /cgi-bin/php-cgi HTTP/1.1" 404 2174 "-" "-"
198.23.205.81 - - [25/Jun/2014:01:24:35 +0000] "GET /cgi-bin/php.cgi HTTP/1.1" 404 2174 "-" "-"
198.23.205.81 - - [25/Jun/2014:01:24:35 +0000] "GET /cgi-bin/php4 HTTP/1.1" 404 2165 "-" "-"
198.23.205.81 - - [25/Jun/2014:01:24:50 +0000] "GET /cgi-bin/php HTTP/1.1" 404 2162 "-" "-"
198.23.205.81 - - [25/Jun/2014:01:24:50 +0000] "GET /cgi-bin/php5 HTTP/1.1" 404 2165 "-" "-"
198.23.205.81 - - [25/Jun/2014:01:24:50 +0000] "GET /cgi-bin/php-cgi HTTP/1.1" 404 2174 "-" "-"
198.23.205.81 - - [25/Jun/2014:01:24:50 +0000] "GET /cgi-bin/php.cgi HTTP/1.1" 404 2174 "-" "-"
198.23.205.81 - - [25/Jun/2014:01:24:50 +0000] "GET /cgi-bin/php4 HTTP/1.1" 404 2165 "-" "-"
109.66.54.93 - - [25/Jun/2014:02:28:17 +0000] "GET /upload/Gangnam%20Style!.JPG HTTP/1.1" 404 2209 "-" "Mozilla/4.0"
109.66.54.93 - - [25/Jun/2014:02:28:18 +0000] "GET /upload/Gangnam%20Style!.JPG HTTP/1.1" 404 2209 "-" "Mozilla/4.0"
2606:700:9:350::c6ba:c02c - - [25/Jun/2014:02:39:39 +0000] "GET / HTTP/1.1" 200 1981 "-" "-"
140.118.236.30 - - [25/Jun/2014:02:49:06 +0000] "GET /phpTest/zologize/axa.php HTTP/1.1" 404 2201 "-" "-"
140.118.236.30 - - [25/Jun/2014:02:49:07 +0000] "GET /phpMyAdmin/scripts/setup.php HTTP/1.1" 404 2213 "-" "-"
140.118.236.30 - - [25/Jun/2014:02:49:07 +0000] "GET /pma/scripts/setup.php HTTP/1.1" 404 2192 "-" "-"
140.118.236.30 - - [25/Jun/2014:02:49:08 +0000] "GET /myadmin/scripts/setup.php HTTP/1.1" 404 2204 "-" "-"
68.194.128.63 - - [25/Jun/2014:02:54:53 +0000] "GET / HTTP/1.1" 200 1095 "-" "Mozilla/5.0 (Windows NT 6.3; WOW64) AppleWebKit/537.36 (KHTML, like Gecko) Chrome/35.0.1916.153 Safari/537.36"
68.194.128.63 - - [25/Jun/2014:02:54:54 +0000] "GET /favicon.ico HTTP/1.1" 404 466 "-" "Mozilla/5.0 (Windows NT 6.3; WOW64) AppleWebKit/537.36 (KHTML, like Gecko) Chrome/35.0.1916.153 Safari/537.36"
68.194.128.63 - - [25/Jun/2014:02:56:10 +0000] "GET / HTTP/1.1" 200 1095 "-" "Mozilla/5.0 (Windows NT 6.3; WOW64) AppleWebKit/537.36 (KHTML, like Gecko) Chrome/35.0.1916.153 Safari/537.36"
109.66.54.93 - - [25/Jun/2014:04:00:22 +0000] "GET /upload/Gangnam%20Style!.JPG HTTP/1.1" 404 2209 "-" "Mozilla/4.0"
109.66.54.93 - - [25/Jun/2014:04:00:23 +0000] "GET /upload/Gangnam%20Style!.JPG HTTP/1.1" 404 2209 "-" "Mozilla/4.0"
199.80.59.175 - - [25/Jun/2014:04:07:18 +0000] "GET / HTTP/1.1" 200 1981 "-" "Mozilla/4.0 (compatible; MSIE 5.5; Windows NT)"
24.149.63.76 - - [25/Jun/2014:04:40:57 +0000] "GET / HTTP/1.1" 200 1095 "-" "Mozilla/5.0 (Windows NT 6.3; WOW64) AppleWebKit/537.36 (KHTML, like Gecko) Chrome/35.0.1916.153 Safari/537.36"
24.149.63.76 - - [25/Jun/2014:04:40:57 +0000] "GET /favicon.ico HTTP/1.1" 404 466 "-" "Mozilla/5.0 (Windows NT 6.3; WOW64) AppleWebKit/537.36 (KHTML, like Gecko) Chrome/35.0.1916.153 Safari/537.36"
24.149.63.76 - - [25/Jun/2014:04:41:01 +0000] "GET / HTTP/1.1" 200 1095 "-" "Mozilla/5.0 (Windows NT 6.3; WOW64) AppleWebKit/537.36 (KHTML, like Gecko) Chrome/35.0.1916.153 Safari/537.36"
78.153.151.220 - - [25/Jun/2014:04:46:05 +0000] "GET / HTTP/1.1" 200 1981 "-" "-"
109.66.54.93 - - [25/Jun/2014:05:08:49 +0000] "GET /upload/Gangnam%20Style!.JPG HTTP/1.1" 404 2209 "-" "Mozilla/4.0"
109.66.54.93 - - [25/Jun/2014:05:08:49 +0000] "GET /upload/Gangnam%20Style!.JPG HTTP/1.1" 404 2209 "-" "Mozilla/4.0"
54.198.163.156 - - [25/Jun/2014:05:37:51 +0000] "HEAD / HTTP/1.1" 200 184 "-" "Cloud mapping experiment. Contact research@pdrlabs.net"
109.66.54.93 - - [25/Jun/2014:05:58:20 +0000] "GET /upload/Gangnam%20Style!.JPG HTTP/1.1" 404 2209 "-" "Mozilla/4.0"
109.66.54.93 - - [25/Jun/2014:05:58:21 +0000] "GET /upload/Gangnam%20Style!.JPG HTTP/1.1" 404 2209 "-" "Mozilla/4.0"
157.55.39.231 - - [25/Jun/2014:06:17:23 +0000] "GET /robots.txt HTTP/1.1" 200 300 "-" "Mozilla/5.0 (compatible; bingbot/2.0; +http://www.bing.com/bingbot.htm)"
157.55.39.12 - - [25/Jun/2014:06:17:32 +0000] "GET /forum.html HTTP/1.1" 404 1175 "-" "Mozilla/5.0 (compatible; bingbot/2.0; +http://www.bing.com/bingbot.htm)"
109.66.54.93 - - [25/Jun/2014:07:19:22 +0000] "GET /upload/Gangnam%20Style!.JPG HTTP/1.1" 404 2209 "-" "Mozilla/4.0"
109.66.54.93 - - [25/Jun/2014:07:19:23 +0000] "GET /upload/Gangnam%20Style!.JPG HTTP/1.1" 404 2209 "-" "Mozilla/4.0"
115.28.134.110 - - [25/Jun/2014:08:12:08 +0000] "GET http://hotel.qunar.com/render/hoteldiv.jsp?&__jscallback=XQScript_4 HTTP/1.1" 404 1205 "http://hotel.qunar.com/" "Mozilla/5.0 (Windows NT 6.1; WOW64) AppleWebKit/537.36 (KHTML, like Gecko) Chrome/35.0.1916.114 Safari/537.36"
109.66.54.93 - - [25/Jun/2014:08:48:46 +0000] "GET /upload/Gangnam%20Style!.JPG HTTP/1.1" 404 2209 "-" "Mozilla/4.0"
109.66.54.93 - - [25/Jun/2014:08:48:47 +0000] "GET /upload/Gangnam%20Style!.JPG HTTP/1.1" 404 2209 "-" "Mozilla/4.0"
54.76.247.75 - - [25/Jun/2014:08:59:41 +0000] "GET / HTTP/1.1" 200 1981 "-" "Mozilla/4.0 (compatible; MSIE 6.0; Windows NT 5.1; SV1; InfoPath.2)"
109.66.54.93 - - [25/Jun/2014:10:02:21 +0000] "GET /upload/Gangnam%20Style!.JPG HTTP/1.1" 404 2209 "-" "Mozilla/4.0"
109.66.54.93 - - [25/Jun/2014:10:02:21 +0000] "GET /upload/Gangnam%20Style!.JPG HTTP/1.1" 404 2209 "-" "Mozilla/4.0"
66.249.69.254 - - [25/Jun/2014:10:53:10 +0000] "GET /robots.txt HTTP/1.1" 200 344 "-" "Mozilla/5.0 (compatible; Googlebot/2.1; +http://www.google.com/bot.html)"
66.249.69.254 - - [25/Jun/2014:10:53:10 +0000] "GET / HTTP/1.1" 200 1095 "-" "Mozilla/5.0 (compatible; Googlebot/2.1; +http://www.google.com/bot.html)"
66.249.69.176 - - [25/Jun/2014:10:56:30 +0000] "GET /robots.txt HTTP/1.1" 200 344 "-" "Mozilla/5.0 (compatible; Googlebot/2.1; +http://www.google.com/bot.html)"
66.249.69.32 - - [25/Jun/2014:10:56:30 +0000] "GET /static/style.css HTTP/1.1" 404 469 "-" "Mozilla/5.0 (compatible; Googlebot/2.1; +http://www.google.com/bot.html)"
162.243.54.225 - - [25/Jun/2014:11:21:35 +0000] "GET /robots.txt HTTP/1.1" 200 344 "-" "Mozilla/5.0 (compatible; spbot/4.1.0; +http://OpenLinkProfiler.org/bot )"
162.243.54.225 - - [25/Jun/2014:11:21:40 +0000] "GET / HTTP/1.1" 200 1095 "-" "Mozilla/5.0 (compatible; spbot/4.1.0; +http://OpenLinkProfiler.org/bot )"
100.43.81.140 - - [25/Jun/2014:11:34:20 +0000] "GET /robots.txt HTTP/1.1" 200 300 "-" "Mozilla/5.0 (compatible; YandexBot/3.0; +http://yandex.com/bots)"
109.66.54.93 - - [25/Jun/2014:12:00:42 +0000] "GET /upload/Gangnam%20Style!.JPG HTTP/1.1" 404 2209 "-" "Mozilla/4.0"
109.66.54.93 - - [25/Jun/2014:12:00:42 +0000] "GET /upload/Gangnam%20Style!.JPG HTTP/1.1" 404 2209 "-" "Mozilla/4.0"
109.66.54.93 - - [25/Jun/2014:13:45:31 +0000] "GET /upload/Gangnam%20Style!.JPG HTTP/1.1" 404 2209 "-" "Mozilla/4.0"
109.66.54.93 - - [25/Jun/2014:13:45:31 +0000] "GET /upload/Gangnam%20Style!.JPG HTTP/1.1" 404 2209 "-" "Mozilla/4.0"
157.55.39.12 - - [25/Jun/2014:14:45:01 +0000] "GET /forum.html HTTP/1.1" 404 1175 "-" "Mozilla/5.0 (compatible; bingbot/2.0; +http://www.bing.com/bingbot.htm)"
109.66.54.93 - - [25/Jun/2014:14:51:30 +0000] "GET /upload/Gangnam%20Style!.JPG HTTP/1.1" 404 2209 "-" "Mozilla/4.0"
109.66.54.93 - - [25/Jun/2014:14:51:30 +0000] "GET /upload/Gangnam%20Style!.JPG HTTP/1.1" 404 2209 "-" "Mozilla/4.0"
202.53.8.82 - - [25/Jun/2014:14:59:37 +0000] "GET / HTTP/1.1" 200 1981 "-" "-"
100.43.81.140 - - [25/Jun/2014:15:50:28 +0000] "GET /about.html HTTP/1.1" 404 1175 "-" "Mozilla/5.0 (compatible; YandexBot/3.0; +http://yandex.com/bots)"
109.66.54.93 - - [25/Jun/2014:15:56:18 +0000] "GET /upload/Gangnam%20Style!.JPG HTTP/1.1" 404 2209 "-" "Mozilla/4.0"
109.66.54.93 - - [25/Jun/2014:15:56:18 +0000] "GET /upload/Gangnam%20Style!.JPG HTTP/1.1" 404 2209 "-" "Mozilla/4.0"
67.229.56.34 - - [25/Jun/2014:16:35:04 +0000] "GET /web-console/ServerInfo.jsp HTTP/1.1" 404 2207 "-" "-"
162.253.66.77 - - [25/Jun/2014:16:36:39 +0000] "GET /rutorrent HTTP/1.0" 404 2119 "-" "Chrome 14.2.0 Mozilla (Gecko)Accept: */*"
109.66.54.93 - - [25/Jun/2014:16:54:32 +0000] "GET /upload/Gangnam%20Style!.JPG HTTP/1.1" 404 2209 "-" "Mozilla/4.0"
109.66.54.93 - - [25/Jun/2014:16:54:32 +0000] "GET /upload/Gangnam%20Style!.JPG HTTP/1.1" 404 2209 "-" "Mozilla/4.0"
109.68.190.145 - - [25/Jun/2014:17:16:35 +0000] "GET / HTTP/1.0" 200 1941 "-" "masscan/1.0 (https://github.com/robertdavidgraham/masscan)"
109.66.54.93 - - [25/Jun/2014:17:57:31 +0000] "GET /upload/Gangnam%20Style!.JPG HTTP/1.1" 404 2209 "-" "Mozilla/4.0"
109.66.54.93 - - [25/Jun/2014:17:57:32 +0000] "GET /upload/Gangnam%20Style!.JPG HTTP/1.1" 404 2209 "-" "Mozilla/4.0"
54.198.163.156 - - [25/Jun/2014:18:38:56 +0000] "HEAD / HTTP/1.1" 200 184 "-" "Cloud mapping experiment. Contact research@pdrlabs.net"
66.249.83.175 - - [25/Jun/2014:19:11:11 +0000] "GET / HTTP/1.1" 200 1095 "-" "Mozilla/5.0 (Windows NT 6.1; rv:6.0) Gecko/20110814 Firefox/6.0 Google favicon"
66.249.83.175 - - [25/Jun/2014:19:11:11 +0000] "GET /favicon.ico HTTP/1.1" 404 466 "-" "Mozilla/5.0 (Windows NT 6.1; rv:6.0) Gecko/20110814 Firefox/6.0 Google favicon"
66.249.65.94 - - [25/Jun/2014:19:16:02 +0000] "GET /robots.txt HTTP/1.1" 200 344 "-" "Mozilla/5.0 (compatible; Googlebot/2.1; +http://www.google.com/bot.html)"
