66.249.65.81 - - [25/Jun/2014:19:16:02 +0000] "GET / HTTP/1.1" 200 1095 "-" "Mozilla/5.0 (compatible; Googlebot/2.1; +http://www.google.com/bot.html)"
66.249.65.193 - - [25/Jun/2014:19:23:06 +0000] "GET /robots.txt HTTP/1.1" 200 344 "-" "Mozilla/5.0 (compatible; Googlebot/2.1; +http://www.google.com/bot.html)"
66.249.65.180 - - [25/Jun/2014:19:23:06 +0000] "GET / HTTP/1.1" 200 1095 "-" "Mozilla/5.0 (compatible; Googlebot/2.1; +http://www.google.com/bot.html)"
109.66.54.93 - - [25/Jun/2014:19:25:47 +0000] "GET /upload/Gangnam%20Style!.JPG HTTP/1.1" 404 2209 "-" "Mozilla/4.0"
109.66.54.93 - - [25/Jun/2014:19:25:48 +0000] "GET /upload/Gangnam%20Style!.JPG HTTP/1.1" 404 2209 "-" "Mozilla/4.0"
199.30.20.18 - - [25/Jun/2014:20:18:09 +0000] "GET /robots.txt HTTP/1.1" 200 344 "-" "msnbot-media/1.1 (+http://search.msn.com/msnbot.htm)"
199.30.20.18 - - [25/Jun/2014:20:18:09 +0000] "GET /upload/Twin%20Tower%20Fountain.JPG HTTP/1.1" 404 1203 "-" "msnbot-media/1.1 (+http://search.msn.com/msnbot.htm)"
173.244.206.13 - - [25/Jun/2014:20:30:24 +0000] "GET / HTTP/1.0" 200 1941 "-" "masscan/1.0 (https://github.com/robertdavidgraham/masscan)"
109.66.54.93 - - [25/Jun/2014:20:38:53 +0000] "GET /upload/Gangnam%20Style!.JPG HTTP/1.1" 404 2209 "-" "Mozilla/4.0"
109.66.54.93 - - [25/Jun/2014:20:38:53 +0000] "GET /upload/Gangnam%20Style!.JPG HTTP/1.1" 404 2209 "-" "Mozilla/4.0"
177.19.134.226 - - [26/Jun/2014:01:05:09 +0000] "GET /wp HTTP/1.1" 404 2138 "http://emilabraham.com/wp" "Mozilla/5.0 (Windows NT 6.1; WOW64; rv:7.0.1) Gecko/20100101 Firefox/7.0.1"
2606:700:9:350::c6ba:c02c - - [26/Jun/2014:02:37:32 +0000] "GET / HTTP/1.1" 200 1981 "-" "-"
64.233.172.175 - - [26/Jun/2014:03:50:24 +0000] "GET / HTTP/1.1" 200 1095 "-" "Mozilla/5.0 (Windows NT 6.1; rv:6.0) Gecko/20110814 Firefox/6.0 Google favicon"
64.233.172.175 - - [26/Jun/2014:03:50:24 +0000] "GET /favicon.ico HTTP/1.1" 404 466 "-" "Mozilla/5.0 (Windows NT 6.1; rv:6.0) Gecko/20110814 Firefox/6.0 Google favicon"
175.144.126.208 - - [26/Jun/2014:03:50:46 +0000] "GET /upload/Gangnam%20Style!.JPG HTTP/1.1" 404 2209 "-" "Mozilla/4.0"
66.249.65.180 - - [26/Jun/2014:06:31:29 +0000] "GET / HTTP/1.1" 200 1095 "-" "Mozilla/5.0 (compatible; Googlebot/2.1; +http://www.google.com/bot.html)"
134.249.76.109 - - [26/Jun/2014:06:48:40 +0000] "GET /blog.html HTTP/1.1" 404 2159 "http://posevkultur.biz/" "Mozilla/4.0 (compatible; MSIE 5.0; Windows 2000) Opera 6.0 [en]"
193.43.252.252 - - [26/Jun/2014:07:07:44 +0000] "GET / HTTP/1.0" 200 1941 "http://getdownload.ws" "Mozilla/5.1 (compatible; DBot/7.0; +http://getdownload.ws)"
193.43.252.252 - - [26/Jun/2014:07:07:44 +0000] "GET / HTTP/1.0" 200 1941 "http://getdownload.ws" "Mozilla/5.1 (compatible; DBot/7.0; +http://getdownload.ws)"
193.43.252.252 - - [26/Jun/2014:07:07:45 +0000] "GET / HTTP/1.0" 200 1941 "http://getdownload.ws" "Mozilla/5.1 (compatible; DBot/7.0; +http://getdownload.ws)"
175.144.126.208 - - [26/Jun/2014:09:44:40 +0000] "GET /upload/Gangnam%20Style!.JPG HTTP/1.1" 404 2209 "-" "Mozilla/4.0"
175.144.126.208 - - [26/Jun/2014:09:44:41 +0000] "GET /upload/Gangnam%20Style!.JPG HTTP/1.1" 404 2209 "-" "Mozilla/4.0"
184.72.132.51 - - [26/Jun/2014:10:08:52 +0000] "HEAD / HTTP/1.1" 200 184 "-" "Cloud mapping experiment. Contact research@pdrlabs.net"
202.53.8.82 - - [26/Jun/2014:10:39:33 +0000] "GET /invoker/EJBInvokerServlet HTTP/1.1" 404 2204 "-" "-"
65.55.215.39 - - [26/Jun/2014:10:44:26 +0000] "GET /robots.txt HTTP/1.1" 200 344 "-" "msnbot-media/1.1 (+http://search.msn.com/msnbot.htm)"
65.55.215.39 - - [26/Jun/2014:10:44:26 +0000] "GET /upload/Anna2.jpg HTTP/1.1" 404 1182 "-" "msnbot-media/1.1 (+http://search.msn.com/msnbot.htm)"
65.55.215.42 - - [26/Jun/2014:11:03:54 +0000] "GET /upload/Gangnam%20Style!.JPG HTTP/1.1" 404 1193 "-" "msnbot-media/1.1 (+http://search.msn.com/msnbot.htm)"
175.144.126.208 - - [26/Jun/2014:11:16:59 +0000] "GET /upload/Gangnam%20Style!.JPG HTTP/1.1" 404 2209 "-" "Mozilla/4.0"
175.144.126.208 - - [26/Jun/2014:11:16:59 +0000] "GET /upload/Gangnam%20Style!.JPG HTTP/1.1" 404 2209 "-" "Mozilla/4.0"
66.249.69.192 - - [26/Jun/2014:12:39:22 +0000] "GET /robots.txt HTTP/1.1" 200 344 "-" "Mozilla/5.0 (compatible; Googlebot/2.1; +http://www.google.com/bot.html)"
66.249.69.32 - - [26/Jun/2014:12:39:22 +0000] "GET /JPage.html HTTP/1.1" 404 1173 "-" "Mozilla/5.0 (compatible; Googlebot/2.1; +http://www.google.com/bot.html)"
87.239.23.19 - - [26/Jun/2014:12:41:44 +0000] "GET /assets/index.html HTTP/1.1" 404 2187 "-" "-"
109.66.54.93 - - [26/Jun/2014:12:51:22 +0000] "GET /upload/Gangnam%20Style!.JPG HTTP/1.1" 404 2209 "-" "Mozilla/4.0"
109.66.54.93 - - [26/Jun/2014:12:51:22 +0000] "GET /upload/Gangnam%20Style!.JPG HTTP/1.1" 404 2209 "-" "Mozilla/4.0"
109.66.54.93 - - [26/Jun/2014:14:34:17 +0000] "GET /upload/Gangnam%20Style!.JPG HTTP/1.1" 404 2209 "-" "Mozilla/4.0"
109.66.54.93 - - [26/Jun/2014:14:34:17 +0000] "GET /upload/Gangnam%20Style!.JPG HTTP/1.1" 404 2209 "-" "Mozilla/4.0"
66.249.69.32 - - [26/Jun/2014:14:57:19 +0000] "GET / HTTP/1.1" 200 1095 "-" "Mozilla/5.0 (compatible; Googlebot/2.1; +http://www.google.com/bot.html)"
202.46.62.11 - - [26/Jun/2014:15:01:39 +0000] "GET / HTTP/1.1" 200 1981 "-" "Mozilla/4.0 (compatible; MSIE 7.0; Windows NT 6.0)"
119.63.193.132 - - [26/Jun/2014:15:02:43 +0000] "GET / HTTP/1.1" 200 1981 "-" "Mozilla/4.0 (compatible; MSIE 7.0; Windows NT 6.0)"
109.66.54.93 - - [26/Jun/2014:15:31:32 +0000] "GET /upload/Gangnam%20Style!.JPG HTTP/1.1" 404 2209 "-" "Mozilla/4.0"
109.66.54.93 - - [26/Jun/2014:15:31:32 +0000] "GET /upload/Gangnam%20Style!.JPG HTTP/1.1" 404 2209 "-" "Mozilla/4.0"
199.30.20.23 - - [26/Jun/2014:16:17:24 +0000] "GET /robots.txt HTTP/1.1" 200 344 "-" "msnbot-media/1.1 (+http://search.msn.com/msnbot.htm)"
199.30.20.23 - - [26/Jun/2014:16:17:24 +0000] "GET /upload/Twin%20Tower%20Fountain.JPG HTTP/1.1" 404 1203 "-" "msnbot-media/1.1 (+http://search.msn.com/msnbot.htm)"
109.66.54.93 - - [26/Jun/2014:16:17:42 +0000] "GET /upload/Gangnam%20Style!.JPG HTTP/1.1" 404 2209 "-" "Mozilla/4.0"
109.66.54.93 - - [26/Jun/2014:16:17:45 +0000] "GET /upload/Gangnam%20Style!.JPG HTTP/1.1" 404 2209 "-" "Mozilla/4.0"
202.46.55.51 - - [26/Jun/2014:17:08:07 +0000] "GET / HTTP/1.1" 200 1981 "-" "Mozilla/4.0 (compatible; MSIE 7.0; Windows NT 6.0)"
119.63.193.131 - - [26/Jun/2014:17:09:28 +0000] "GET / HTTP/1.1" 200 1981 "-" "Mozilla/4.0 (compatible; MSIE 7.0; Windows NT 6.0)"
109.66.54.93 - - [26/Jun/2014:17:30:53 +0000] "GET /upload/Gangnam%20Style!.JPG HTTP/1.1" 404 2209 "-" "Mozilla/4.0"
109.66.54.93 - - [26/Jun/2014:17:30:54 +0000] "GET /upload/Gangnam%20Style!.JPG HTTP/1.1" 404 2209 "-" "Mozilla/4.0"
173.244.206.19 - - [26/Jun/2014:17:35:19 +0000] "GET / HTTP/1.0" 200 1941 "-" "masscan/1.0 (https://github.com/robertdavidgraham/masscan)"
109.66.54.93 - - [26/Jun/2014:17:55:45 +0000] "GET /upload/Gangnam%20Style!.JPG HTTP/1.1" 404 2209 "-" "Mozilla/4.0"
109.66.54.93 - - [26/Jun/2014:17:55:45 +0000] "GET /upload/Gangnam%20Style!.JPG HTTP/1.1" 404 2209 "-" "Mozilla/4.0"
202.46.57.80 - - [26/Jun/2014:19:06:32 +0000] "GET / HTTP/1.1" 200 1981 "-" "Mozilla/4.0 (compatible; MSIE 7.0; Windows NT 6.0)"
119.63.193.194 - - [26/Jun/2014:19:07:49 +0000] "GET / HTTP/1.1" 200 1981 "-" "Mozilla/4.0 (compatible; MSIE 7.0; Windows NT 6.0)"
202.46.55.57 - - [26/Jun/2014:21:06:06 +0000] "GET / HTTP/1.1" 200 1981 "-" "Mozilla/4.0 (compatible; MSIE 7.0; Windows NT 6.0)"
119.63.193.196 - - [26/Jun/2014:21:07:21 +0000] "GET / HTTP/1.1" 200 1981 "-" "Mozilla/4.0 (compatible; MSIE 7.0; Windows NT 6.0)"
66.249.83.175 - - [26/Jun/2014:21:09:25 +0000] "GET / HTTP/1.1" 200 1095 "-" "Mozilla/5.0 (Windows NT 6.1; rv:6.0) Gecko/20110814 Firefox/6.0 Google favicon"
66.249.83.175 - - [26/Jun/2014:21:09:25 +0000] "GET /favicon.ico HTTP/1.1" 404 466 "-" "Mozilla/5.0 (Windows NT 6.1; rv:6.0) Gecko/20110814 Firefox/6.0 Google favicon"
54.242.217.142 - - [26/Jun/2014:23:35:22 +0000] "HEAD / HTTP/1.1" 200 184 "-" "Cloud mapping experiment. Contact research@pdrlabs.net"
66.249.69.32 - - [27/Jun/2014:00:41:10 +0000] "GET /blog/before-im-30/ HTTP/1.1" 404 1183 "-" "Mozilla/5.0 (compatible; Googlebot/2.1; +http://www.google.com/bot.html)"
202.46.51.48 - - [27/Jun/2014:01:04:52 +0000] "GET / HTTP/1.1" 200 1981 "-" "Mozilla/4.0 (compatible; MSIE 7.0; Windows NT 6.0)"
119.63.193.194 - - [27/Jun/2014:01:06:07 +0000] "GET / HTTP/1.1" 200 1981 "-" "Mozilla/4.0 (compatible; MSIE 7.0; Windows NT 6.0)"
66.249.69.32 - - [27/Jun/2014:01:56:54 +0000] "GET /gallery/wallpaper/ HTTP/1.1" 404 1181 "-" "Mozilla/5.0 (compatible; Googlebot/2.1; +http://www.google.com/bot.html)"
175.137.189.168 - - [27/Jun/2014:02:42:50 +0000] "GET /upload/Gangnam%20Style!.JPG HTTP/1.1" 404 2209 "-" "Mozilla/4.0"
175.137.189.168 - - [27/Jun/2014:02:42:51 +0000] "GET /upload/Gangnam%20Style!.JPG HTTP/1.1" 404 2209 "-" "Mozilla/4.0"
202.46.61.25 - - [27/Jun/2014:03:02:37 +0000] "GET / HTTP/1.1" 200 1981 "-" "Mozilla/4.0 (compatible; MSIE 7.0; Windows NT 6.0)"
119.63.193.194 - - [27/Jun/2014:03:03:43 +0000] "GET / HTTP/1.1" 200 1981 "-" "Mozilla/4.0 (compatible; MSIE 7.0; Windows NT 6.0)"
155.33.170.196 - - [27/Jun/2014:03:08:45 +0000] "GET / HTTP/1.1" 200 1095 "-" "Mozilla/5.0 (X11; Linux i686) AppleWebKit/537.36 (KHTML, like Gecko) Chrome/34.0.1847.137 Safari/537.36"
46.229.170.197 - - [27/Jun/2014:03:26:51 +0000] "GET / HTTP/1.1" 200 1981 "-" "Mozilla/5.0 (Windows NT 6.1; Win64; x64; rv:5.0) Gecko/20100101 Firefox/5.0"
202.46.62.26 - - [27/Jun/2014:05:07:25 +0000] "GET / HTTP/1.1" 200 1981 "-" "Mozilla/4.0 (compatible; MSIE 7.0; Windows NT 6.0)"
119.63.193.130 - - [27/Jun/2014:05:08:43 +0000] "GET / HTTP/1.1" 200 1981 "-" "Mozilla/4.0 (compatible; MSIE 7.0; Windows NT 6.0)"
66.249.69.192 - - [27/Jun/2014:07:00:04 +0000] "GET /blog/my-first-post/ HTTP/1.1" 404 1183 "-" "Mozilla/5.0 (compatible; Googlebot/2.1; +http://www.google.com/bot.html)"
202.46.56.43 - - [27/Jun/2014:07:07:19 +0000] "GET / HTTP/1.1" 200 1981 "-" "Mozilla/4.0 (compatible; MSIE 7.0; Windows NT 6.0)"
119.63.193.196 - - [27/Jun/2014:07:08:37 +0000] "GET / HTTP/1.1" 200 1981 "-" "Mozilla/4.0 (compatible; MSIE 7.0; Windows NT 6.0)"
66.249.69.192 - - [27/Jun/2014:07:11:53 +0000] "GET /blog/my-second-blog-post/ HTTP/1.1" 404 1185 "-" "Mozilla/5.0 (compatible; Googlebot/2.1; +http://www.google.com/bot.html)"
115.28.45.78 - - [27/Jun/2014:08:02:34 +0000] "GET http://hotel.qunar.com/render/hoteldiv.jsp?&__jscallback=XQScript_4 HTTP/1.1" 404 1205 "http://hotel.qunar.com/" "Mozilla/5.0 (Windows NT 6.1; WOW64) AppleWebKit/537.36 (KHTML, like Gecko) Chrome/35.0.1916.114 Safari/537.36"
37.139.52.23 - - [27/Jun/2014:08:34:04 +0000] "GET / HTTP/1.1" 200 1981 "http://cookingmeat.ru/" "Mozilla/4.0 (compatible; MSIE 6.0; Windows NT 5.1; SV1)"
37.139.52.23 - - [27/Jun/2014:08:34:05 +0000] "GET / HTTP/1.1" 200 1981 "http://cookingmeat.ru/" "Mozilla/4.0 (compatible; MSIE 6.0; Windows NT 5.1; SV1)"
37.139.52.23 - - [27/Jun/2014:08:34:05 +0000] "GET / HTTP/1.1" 200 1981 "http://cookingmeat.ru/" "Mozilla/4.0 (compatible; MSIE 6.0; Windows NT 5.1; SV1)"
202.46.62.30 - - [27/Jun/2014:09:05:26 +0000] "GET / HTTP/1.1" 200 1981 "-" "Mozilla/4.0 (compatible; MSIE 7.0; Windows NT 6.0)"
119.63.193.130 - - [27/Jun/2014:09:06:39 +0000] "GET / HTTP/1.1" 200 1981 "-" "Mozilla/4.0 (compatible; MSIE 7.0; Windows NT 6.0)"
79.180.48.22 - - [27/Jun/2014:10:06:58 +0000] "GET /upload/Gangnam%20Style!.JPG HTTP/1.1" 404 2209 "-" "Mozilla/4.0"
79.180.48.22 - - [27/Jun/2014:10:06:58 +0000] "GET /upload/Gangnam%20Style!.JPG HTTP/1.1" 404 2209 "-" "Mozilla/4.0"
202.46.61.30 - - [27/Jun/2014:11:04:31 +0000] "GET / HTTP/1.1" 200 1981 "-" "Mozilla/4.0 (compatible; MSIE 7.0; Windows NT 6.0)"
119.63.193.195 - - [27/Jun/2014:11:05:41 +0000] "GET / HTTP/1.1" 200 1981 "-" "Mozilla/4.0 (compatible; MSIE 7.0; Windows NT 6.0)"
79.180.48.22 - - [27/Jun/2014:11:42:05 +0000] "GET /upload/Gangnam%20Style!.JPG HTTP/1.1" 404 2209 "-" "Mozilla/4.0"
79.180.48.22 - - [27/Jun/2014:11:42:05 +0000] "GET /upload/Gangnam%20Style!.JPG HTTP/1.1" 404 2209 "-" "Mozilla/4.0"
54.227.195.79 - - [27/Jun/2014:11:58:38 +0000] "HEAD / HTTP/1.1" 200 184 "-" "Cloud mapping experiment. Contact research@pdrlabs.net"
109.68.191.26 - - [27/Jun/2014:12:09:46 +0000] "GET / HTTP/1.0" 200 1941 "-" "masscan/1.0 (https://github.com/robertdavidgraham/masscan)"
213.110.133.221 - - [27/Jun/2014:12:16:47 +0000] "GET /blog.html HTTP/1.1" 404 2159 "http://sugarkun.com/" "Mozilla/4.0 (compatible; Blog Search;)"
213.110.133.221 - - [27/Jun/2014:12:16:48 +0000] "GET /blog.html HTTP/1.1" 404 2159 "http://sugarkun.com/" "Mozilla/4.0 (compatible; Blog Search;)"
213.110.133.221 - - [27/Jun/2014:12:16:49 +0000] "GET /blog.html HTTP/1.1" 404 2159 "http://sugarkun.com/" "Mozilla/4.0 (compatible; Blog Search;)"
79.180.48.22 - - [27/Jun/2014:12:49:44 +0000] "GET /upload/Gangnam%20Style!.JPG HTTP/1.1" 404 2209 "-" "Mozilla/4.0"
79.180.48.22 - - [27/Jun/2014:12:49:44 +0000] "GET /upload/Gangnam%20Style!.JPG HTTP/1.1" 404 2209 "-" "Mozilla/4.0"
202.46.63.74 - - [27/Jun/2014:13:09:34 +0000] "GET / HTTP/1.1" 200 1981 "-" "Mozilla/4.0 (compatible; MSIE 7.0; Windows NT 6.0)"
119.63.193.195 - - [27/Jun/2014:13:10:58 +0000] "GET / HTTP/1.1" 200 1981 "-" "Mozilla/4.0 (compatible; MSIE 7.0; Windows NT 6.0)"
189.92.8.179 - - [27/Jun/2014:13:51:45 +0000] "GET /upload/Gangnam%20Style!.JPG HTTP/1.1" 404 2209 "-" "Mozilla/4.0"
66.249.76.207 - - [27/Jun/2014:14:00:32 +0000] "GET /robots.txt HTTP/1.1" 200 344 "-" "Mozilla/5.0 (compatible; Googlebot/2.1; +http://www.google.com/bot.html)"
66.249.76.207 - - [27/Jun/2014:14:00:32 +0000] "GET / HTTP/1.1" 200 1095 "-" "Mozilla/5.0 (iPhone; CPU iPhone OS 6_0 like Mac OS X) AppleWebKit/536.26 (KHTML, like Gecko) Version/6.0 Mobile/10A5376e Safari/8536.25 (compatible; Googlebot/2.1; +http://www.google.com/bot.html)"
79.180.48.22 - - [27/Jun/2014:14:17:09 +0000] "GET /upload/Gangnam%20Style!.JPG HTTP/1.1" 404 2209 "-" "Mozilla/4.0"
79.180.48.22 - - [27/Jun/2014:14:17:09 +0000] "GET /upload/Gangnam%20Style!.JPG HTTP/1.1" 404 2209 "-" "Mozilla/4.0"
202.46.57.80 - - [27/Jun/2014:15:01:13 +0000] "GET / HTTP/1.1" 200 1981 "-" "Mozilla/4.0 (compatible; MSIE 7.0; Windows NT 6.0)"
119.63.193.132 - - [27/Jun/2014:15:02:15 +0000] "GET / HTTP/1.1" 200 1981 "-" "Mozilla/4.0 (compatible; MSIE 7.0; Windows NT 6.0)"
183.136.216.88 - - [27/Jun/2014:15:33:32 +0000] "POST /cgi-bin/php5?%2D%64+%61%6C%6C%6F%77%5F%75%72%6C%5F%69%6E%63%6C%75%64%65%3D%6F%6E+%2D%64+%73%61%66%65%5F%6D%6F%64%65%3D%6F%66%66+%2D%64+%73%75%68%6F%73%69%6E%2E%73%69%6D%75%6C%61%74%69%6F%6E%3D%6F%6E+%2D%64+%64%69%73%61%62%6C%65%5F%66%75%6E%63%74%69%6F%6E%73%3D%22%22+%2D%64+%6F%70%65%6E%5F%62%61%73%65%64%69%72%3D%6E%6F%6E%65+%2D%64+%61%75%74%6F%5F%70%72%65%70%65%6E%64%5F%66%69%6C%65%3D%70%68%70%3A%2F%2F%69%6E%70%75%74+%2D%64+%63%67%69%2E%66%6F%72%63%65%5F%72%65%64%69%72%65%63%74%3D%30+%2D%64+%63%67%69%2E%72%65%64%69%72%65%63%74%5F%73%74%61%74%75%73%5F%65%6E%76%3D%30+%2D%6E HTTP/1.1" 404 2732 "-" "Mozilla/5.0 (compatible; MSIE 9.0; Windows NT 6.1; Trident/5.0)"
183.136.216.88 - - [27/Jun/2014:15:33:32 +0000] "POST /cgi-bin/php.cgi?%2D%64+%61%6C%6C%6F%77%5F%75%72%6C%5F%69%6E%63%6C%75%64%65%3D%6F%6E+%2D%64+%73%61%66%65%5F%6D%6F%64%65%3D%6F%66%66+%2D%64+%73%75%68%6F%73%69%6E%2E%73%69%6D%75%6C%61%74%69%6F%6E%3D%6F%6E+%2D%64+%64%69%73%61%62%6C%65%5F%66%75%6E%63%74%69%6F%6E%73%3D%22%22+%2D%64+%6F%70%65%6E%5F%62%61%73%65%64%69%72%3D%6E%6F%6E%65+%2D%64+%61%75%74%6F%5F%70%72%65%70%65%6E%64%5F%66%69%6C%65%3D%70%68%70%3A%2F%2F%69%6E%70%75%74+%2D%64+%63%67%69%2E%66%6F%72%63%65%5F%72%65%64%69%72%65%63%74%3D%30+%2D%64+%63%67%69%2E%72%65%64%69%72%65%63%74%5F%73%74%61%74%75%73%5F%65%6E%76%3D%30+%2D%6E HTTP/1.1" 404 2741 "-" "Mozilla/5.0 (compatible; MSIE 9.0; Windows NT 6.1; Trident/5.0)"
183.136.216.88 - - [27/Jun/2014:15:33:33 +0000] "POST /cgi-bin/php-cgi?%2D%64+%61%6C%6C%6F%77%5F%75%72%6C%5F%69%6E%63%6C%75%64%65%3D%6F%6E+%2D%64+%73%61%66%65%5F%6D%6F%64%65%3D%6F%66%66+%2D%64+%73%75%68%6F%73%69%6E%2E%73%69%6D%75%6C%61%74%69%6F%6E%3D%6F%6E+%2D%64+%64%69%73%61%62%6C%65%5F%66%75%6E%63%74%69%6F%6E%73%3D%22%22+%2D%64+%6F%70%65%6E%5F%62%61%73%65%64%69%72%3D%6E%6F%6E%65+%2D%64+%61%75%74%6F%5F%70%72%65%70%65%6E%64%5F%66%69%6C%65%3D%70%68%70%3A%2F%2F%69%6E%70%75%74+%2D%64+%63%67%69%2E%66%6F%72%63%65%5F%72%65%64%69%72%65%63%74%3D%30+%2D%64+%63%67%69%2E%72%65%64%69%72%65%63%74%5F%73%74%61%74%75%73%5F%65%6E%76%3D%30+%2D%6E HTTP/1.1" 404 2741 "-" "Mozilla/5.0 (compatible; MSIE 9.0; Windows NT 6.1; Trident/5.0)"
183.136.216.88 - - [27/Jun/2014:15:33:33 +0000] "POST /cgi-bin/php?%2D%64+%61%6C%6C%6F%77%5F%75%72%6C%5F%69%6E%63%6C%75%64%65%3D%6F%6E+%2D%64+%73%61%66%65%5F%6D%6F%64%65%3D%6F%66%66+%2D%64+%73%75%68%6F%73%69%6E%2E%73%69%6D%75%6C%61%74%69%6F%6E%3D%6F%6E+%2D%64+%64%69%73%61%62%6C%65%5F%66%75%6E%63%74%69%6F%6E%73%3D%22%22+%2D%64+%6F%70%65%6E%5F%62%61%73%65%64%69%72%3D%6E%6F%6E%65+%2D%64+%61%75%74%6F%5F%70%72%65%70%65%6E%64%5F%66%69%6C%65%3D%70%68%70%3A%2F%2F%69%6E%70%75%74+%2D%64+%63%67%69%2E%66%6F%72%63%65%5F%72%65%64%69%72%65%63%74%3D%30+%2D%64+%63%67%69%2E%72%65%64%69%72%65%63%74%5F%73%74%61%74%75%73%5F%65%6E%76%3D%30+%2D%6E HTTP/1.1" 404 2729 "-" "Mozilla/5.0 (compatible; MSIE 9.0; Windows NT 6.1; Trident/5.0)"
183.136.216.88 - - [27/Jun/2014:15:33:34 +0000] "POST /cgi-bin/php4?%2D%64+%61%6C%6C%6F%77%5F%75%72%6C%5F%69%6E%63%6C%75%64%65%3D%6F%6E+%2D%64+%73%61%66%65%5F%6D%6F%64%65%3D%6F%66%66+%2D%64+%73%75%68%6F%73%69%6E%2E%73%69%6D%75%6C%61%74%69%6F%6E%3D%6F%6E+%2D%64+%64%69%73%61%62%6C%65%5F%66%75%6E%63%74%69%6F%6E%73%3D%22%22+%2D%64+%6F%70%65%6E%5F%62%61%73%65%64%69%72%3D%6E%6F%6E%65+%2D%64+%61%75%74%6F%5F%70%72%65%70%65%6E%64%5F%66%69%6C%65%3D%70%68%70%3A%2F%2F%69%6E%70%75%74+%2D%64+%63%67%69%2E%66%6F%72%63%65%5F%72%65%64%69%72%65%63%74%3D%30+%2D%64+%63%67%69%2E%72%65%64%69%72%65%63%74%5F%73%74%61%74%75%73%5F%65%6E%76%3D%30+%2D%6E HTTP/1.1" 404 2732 "-" "Mozilla/5.0 (compatible; MSIE 9.0; Windows NT 6.1; Trident/5.0)"
155.33.170.196 - - [27/Jun/2014:15:45:28 +0000] "GET / HTTP/1.1" 200 1095 "-" "Mozilla/5.0 (X11; Linux i686) AppleWebKit/537.36 (KHTML, like Gecko) Chrome/34.0.1847.137 Safari/537.36"
155.33.170.196 - - [27/Jun/2014:15:45:45 +0000] "GET / HTTP/1.1" 200 1095 "-" "Mozilla/5.0 (X11; Linux i686) AppleWebKit/537.36 (KHTML, like Gecko) Chrome/34.0.1847.137 Safari/537.36"
66.249.76.43 - - [27/Jun/2014:15:48:12 +0000] "GET /robots.txt HTTP/1.1" 200 344 "-" "Mozilla/5.0 (compatible; Googlebot/2.1; +http://www.google.com/bot.html)"
66.249.76.43 - - [27/Jun/2014:15:48:12 +0000] "GET / HTTP/1.1" 200 1095 "-" "Mozilla/5.0 (compatible; Googlebot/2.1; +http://www.google.com/bot.html)"
79.180.48.22 - - [27/Jun/2014:15:59:24 +0000] "GET /upload/Gangnam%20Style!.JPG HTTP/1.1" 404 2209 "-" "Mozilla/4.0"
79.180.48.22 - - [27/Jun/2014:15:59:25 +0000] "GET /upload/Gangnam%20Style!.JPG HTTP/1.1" 404 2209 "-" "Mozilla/4.0"
130.185.109.243 - - [27/Jun/2014:12:30:54 -0400] "GET /robots.txt HTTP/1.1" 200 300 "-" "PagesInventory (robot http://www.pagesinventory.com)"
130.185.109.243 - - [27/Jun/2014:16:31:02 +0000] "GET / HTTP/1.1" 200 1095 "-" "PagesInventory (robot +http://www.pagesinventory.com)"
202.46.49.76 - - [27/Jun/2014:17:10:16 +0000] "GET / HTTP/1.1" 200 1981 "-" "Mozilla/4.0 (compatible; MSIE 7.0; Windows NT 6.0)"
119.63.193.194 - - [27/Jun/2014:17:11:42 +0000] "GET / HTTP/1.1" 200 1981 "-" "Mozilla/4.0 (compatible; MSIE 7.0; Windows NT 6.0)"
79.180.48.22 - - [27/Jun/2014:17:27:11 +0000] "GET /upload/Gangnam%20Style!.JPG HTTP/1.1" 404 2209 "-" "Mozilla/4.0"
79.180.48.22 - - [27/Jun/2014:17:27:12 +0000] "GET /upload/Gangnam%20Style!.JPG HTTP/1.1" 404 2209 "-" "Mozilla/4.0"
79.180.48.22 - - [27/Jun/2014:17:56:21 +0000] "GET /upload/Gangnam%20Style!.JPG HTTP/1.1" 404 2209 "-" "Mozilla/4.0"
79.180.48.22 - - [27/Jun/2014:17:56:22 +0000] "GET /upload/Gangnam%20Style!.JPG HTTP/1.1" 404 2209 "-" "Mozilla/4.0"
79.180.48.22 - - [27/Jun/2014:18:11:03 +0000] "GET /upload/Gangnam%20Style!.JPG HTTP/1.1" 404 2209 "-" "Mozilla/4.0"
79.180.48.22 - - [27/Jun/2014:18:11:04 +0000] "GET /upload/Gangnam%20Style!.JPG HTTP/1.1" 404 2209 "-" "Mozilla/4.0"
202.46.55.27 - - [27/Jun/2014:19:07:08 +0000] "GET / HTTP/1.1" 200 1981 "-" "Mozilla/4.0 (compatible; MSIE 7.0; Windows NT 6.0)"
119.63.193.196 - - [27/Jun/2014:19:08:25 +0000] "GET / HTTP/1.1" 200 1981 "-" "Mozilla/4.0 (compatible; MSIE 7.0; Windows NT 6.0)"
79.180.48.22 - - [27/Jun/2014:19:29:11 +0000] "GET /upload/Gangnam%20Style!.JPG HTTP/1.1" 404 2209 "-" "Mozilla/4.0"
79.180.48.22 - - [27/Jun/2014:19:29:11 +0000] "GET /upload/Gangnam%20Style!.JPG HTTP/1.1" 404 2209 "-" "Mozilla/4.0"
79.180.48.22 - - [27/Jun/2014:20:59:23 +0000] "GET /upload/Gangnam%20Style!.JPG HTTP/1.1" 404 2209 "-" "Mozilla/4.0"
79.180.48.22 - - [27/Jun/2014:20:59:23 +0000] "GET /upload/Gangnam%20Style!.JPG HTTP/1.1" 404 2209 "-" "Mozilla/4.0"
202.46.54.56 - - [27/Jun/2014:21:05:55 +0000] "GET / HTTP/1.1" 200 1981 "-" "Mozilla/4.0 (compatible; MSIE 7.0; Windows NT 6.0)"
119.63.193.196 - - [27/Jun/2014:21:07:09 +0000] "GET / HTTP/1.1" 200 1981 "-" "Mozilla/4.0 (compatible; MSIE 7.0; Windows NT 6.0)"
123.151.149.222 - - [27/Jun/2014:21:27:40 +0000] "GET http://www.baidu.com/ HTTP/1.1" 200 1981 "-" "-"
79.180.48.22 - - [27/Jun/2014:22:29:42 +0000] "GET /upload/Gangnam%20Style!.JPG HTTP/1.1" 404 2209 "-" "Mozilla/4.0"
79.180.48.22 - - [27/Jun/2014:22:29:42 +0000] "GET /upload/Gangnam%20Style!.JPG HTTP/1.1" 404 2209 "-" "Mozilla/4.0"
202.46.54.51 - - [27/Jun/2014:23:04:58 +0000] "GET / HTTP/1.1" 200 1981 "-" "Mozilla/4.0 (compatible; MSIE 7.0; Windows NT 6.0)"
119.63.193.194 - - [27/Jun/2014:23:06:09 +0000] "GET / HTTP/1.1" 200 1981 "-" "Mozilla/4.0 (compatible; MSIE 7.0; Windows NT 6.0)"
66.249.64.92 - - [27/Jun/2014:23:20:56 +0000] "GET /about.html HTTP/1.1" 404 1175 "-" "Mozilla/5.0 (compatible; Googlebot/2.1; +http://www.google.com/bot.html)"
79.180.48.22 - - [27/Jun/2014:23:52:55 +0000] "GET /upload/Gangnam%20Style!.JPG HTTP/1.1" 404 2209 "-" "Mozilla/4.0"
79.180.48.22 - - [27/Jun/2014:23:52:55 +0000] "GET /upload/Gangnam%20Style!.JPG HTTP/1.1" 404 2209 "-" "Mozilla/4.0"
54.242.171.249 - - [27/Jun/2014:23:59:44 +0000] "HEAD / HTTP/1.1" 200 184 "-" "Cloud mapping experiment. Contact research@pdrlabs.net"
202.46.53.37 - - [28/Jun/2014:01:07:35 +0000] "GET / HTTP/1.1" 200 1981 "-" "Mozilla/4.0 (compatible; MSIE 7.0; Windows NT 6.0)"
119.63.193.195 - - [28/Jun/2014:01:08:52 +0000] "GET / HTTP/1.1" 200 1981 "-" "Mozilla/4.0 (compatible; MSIE 7.0; Windows NT 6.0)"
79.180.48.22 - - [28/Jun/2014:01:14:52 +0000] "GET /upload/Gangnam%20Style!.JPG HTTP/1.1" 404 2209 "-" "Mozilla/4.0"
79.180.48.22 - - [28/Jun/2014:01:14:53 +0000] "GET /upload/Gangnam%20Style!.JPG HTTP/1.1" 404 2209 "-" "Mozilla/4.0"
118.100.243.131 - - [28/Jun/2014:01:15:51 +0000] "GET /upload/Gangnam%20Style!.JPG HTTP/1.1" 404 2209 "-" "Mozilla/4.0"
118.100.243.131 - - [28/Jun/2014:01:15:52 +0000] "GET /upload/Gangnam%20Style!.JPG HTTP/1.1" 404 2209 "-" "Mozilla/4.0"
116.213.70.52 - - [28/Jun/2014:01:16:08 +0000] "GET /manager/html HTTP/1.1" 404 1176 "-" "-"
79.180.48.22 - - [28/Jun/2014:02:39:14 +0000] "GET /upload/Gangnam%20Style!.JPG HTTP/1.1" 404 2209 "-" "Mozilla/4.0"
79.180.48.22 - - [28/Jun/2014:02:39:14 +0000] "GET /upload/Gangnam%20Style!.JPG HTTP/1.1" 404 2209 "-" "Mozilla/4.0"
202.46.53.39 - - [28/Jun/2014:03:03:38 +0000] "GET / HTTP/1.1" 200 1981 "-" "Mozilla/4.0 (compatible; MSIE 7.0; Windows NT 6.0)"
119.63.193.131 - - [28/Jun/2014:03:04:46 +0000] "GET / HTTP/1.1" 200 1981 "-" "Mozilla/4.0 (compatible; MSIE 7.0; Windows NT 6.0)"
79.180.48.22 - - [28/Jun/2014:04:06:48 +0000] "GET /upload/Gangnam%20Style!.JPG HTTP/1.1" 404 2209 "-" "Mozilla/4.0"
79.180.48.22 - - [28/Jun/2014:04:06:48 +0000] "GET /upload/Gangnam%20Style!.JPG HTTP/1.1" 404 2209 "-" "Mozilla/4.0"
202.46.63.74 - - [28/Jun/2014:05:08:10 +0000] "GET / HTTP/1.1" 200 1981 "-" "Mozilla/4.0 (compatible; MSIE 7.0; Windows NT 6.0)"
119.63.193.130 - - [28/Jun/2014:05:09:28 +0000] "GET / HTTP/1.1" 200 1981 "-" "Mozilla/4.0 (compatible; MSIE 7.0; Windows NT 6.0)"
79.180.48.22 - - [28/Jun/2014:05:41:35 +0000] "GET /upload/Gangnam%20Style!.JPG HTTP/1.1" 404 2209 "-" "Mozilla/4.0"
79.180.48.22 - - [28/Jun/2014:05:41:35 +0000] "GET /upload/Gangnam%20Style!.JPG HTTP/1.1" 404 2209 "-" "Mozilla/4.0"
79.180.48.22 - - [28/Jun/2014:07:03:45 +0000] "GET /upload/Gangnam%20Style!.JPG HTTP/1.1" 404 2209 "-" "Mozilla/4.0"
79.180.48.22 - - [28/Jun/2014:07:03:45 +0000] "GET /upload/Gangnam%20Style!.JPG HTTP/1.1" 404 2209 "-" "Mozilla/4.0"
202.46.55.193 - - [28/Jun/2014:07:07:09 +0000] "GET / HTTP/1.1" 200 1981 "-" "Mozilla/4.0 (compatible; MSIE 7.0; Windows NT 6.0)"
119.63.193.196 - - [28/Jun/2014:07:08:27 +0000] "GET / HTTP/1.1" 200 1981 "-" "Mozilla/4.0 (compatible; MSIE 7.0; Windows NT 6.0)"
220.255.1.118 - - [28/Jun/2014:07:59:11 +0000] "GET /phpTest/zologize/axa.php HTTP/1.1" 404 2201 "-" "-"
220.255.1.135 - - [28/Jun/2014:07:59:12 +0000] "GET /phpMyAdmin/scripts/setup.php HTTP/1.1" 404 2213 "-" "-"
220.255.1.147 - - [28/Jun/2014:07:59:12 +0000] "GET /pma/scripts/setup.php HTTP/1.1" 404 2192 "-" "-"
220.255.1.140 - - [28/Jun/2014:07:59:13 +0000] "GET /myadmin/scripts/setup.php HTTP/1.1" 404 2204 "-" "-"
79.180.48.22 - - [28/Jun/2014:08:15:55 +0000] "GET /upload/Gangnam%20Style!.JPG HTTP/1.1" 404 2209 "-" "Mozilla/4.0"
79.180.48.22 - - [28/Jun/2014:08:15:56 +0000] "GET /upload/Gangnam%20Style!.JPG HTTP/1.1" 404 2209 "-" "Mozilla/4.0"
79.180.48.22 - - [28/Jun/2014:08:45:44 +0000] "GET /upload/Gangnam%20Style!.JPG HTTP/1.1" 404 2209 "-" "Mozilla/4.0"
79.180.48.22 - - [28/Jun/2014:08:45:45 +0000] "GET /upload/Gangnam%20Style!.JPG HTTP/1.1" 404 2209 "-" "Mozilla/4.0"
202.46.52.32 - - [28/Jun/2014:09:05:47 +0000] "GET / HTTP/1.1" 200 1981 "-" "Mozilla/4.0 (compatible; MSIE 7.0; Windows NT 6.0)"
119.63.193.196 - - [28/Jun/2014:09:07:00 +0000] "GET / HTTP/1.1" 200 1981 "-" "Mozilla/4.0 (compatible; MSIE 7.0; Windows NT 6.0)"
79.180.48.22 - - [28/Jun/2014:09:12:56 +0000] "GET /upload/Gangnam%20Style!.JPG HTTP/1.1" 404 2209 "-" "Mozilla/4.0"
79.180.48.22 - - [28/Jun/2014:09:12:56 +0000] "GET /upload/Gangnam%20Style!.JPG HTTP/1.1" 404 2209 "-" "Mozilla/4.0"
183.136.216.100 - - [28/Jun/2014:09:21:42 +0000] "GET /manager/html HTTP/1.1" 404 2165 "-" "Mozilla/3.0 (compatible; Indy Library)"
79.180.48.22 - - [28/Jun/2014:09:42:51 +0000] "GET /upload/Gangnam%20Style!.JPG HTTP/1.1" 404 2209 "-" "Mozilla/4.0"
79.180.48.22 - - [28/Jun/2014:09:42:52 +0000] "GET /upload/Gangnam%20Style!.JPG HTTP/1.1" 404 2209 "-" "Mozilla/4.0"
207.46.13.73 - - [28/Jun/2014:10:09:19 +0000] "GET /robots.txt HTTP/1.1" 200 300 "-" "Mozilla/5.0 (compatible; bingbot/2.0; +http://www.bing.com/bingbot.htm)"
207.46.13.73 - - [28/Jun/2014:10:09:24 +0000] "GET /blog.html HTTP/1.1" 404 1174 "-" "Mozilla/5.0 (compatible; bingbot/2.0; +http://www.bing.com/bingbot.htm)"
176.123.2.6 - - [28/Jun/2014:10:31:47 +0000] "GET /wp-login.php HTTP/1.1" 404 1177 "-" "Mozilla/5.0 (Windows NT 6.0) AppleWebKit/537.1 (KHTML, like Gecko) Chrome/24.0.1309.0 Safari/537.17"
176.123.2.6 - - [28/Jun/2014:10:31:47 +0000] "GET /administrator/ HTTP/1.1" 404 1177 "-" "Mozilla/5.0 (Windows NT 6.0) AppleWebKit/537.1 (KHTML, like Gecko) Chrome/24.0.1309.0 Safari/537.17"
176.123.2.6 - - [28/Jun/2014:10:31:47 +0000] "GET /admin.php HTTP/1.1" 404 1174 "-" "Mozilla/5.0 (Windows NT 6.0) AppleWebKit/537.1 (KHTML, like Gecko) Chrome/24.0.1309.0 Safari/537.17"
79.180.48.22 - - [28/Jun/2014:10:56:30 +0000] "GET /upload/Gangnam%20Style!.JPG HTTP/1.1" 404 2209 "-" "Mozilla/4.0"
79.180.48.22 - - [28/Jun/2014:10:56:31 +0000] "GET /upload/Gangnam%20Style!.JPG HTTP/1.1" 404 2209 "-" "Mozilla/4.0"
173.201.191.42 - - [28/Jun/2014:10:56:39 +0000] "HEAD /checknfurl123 HTTP/1.1" 404 191 "-" "-"
173.201.191.42 - - [28/Jun/2014:10:56:39 +0000] "HEAD /.ssh/id_rsa HTTP/1.1" 404 191 "-" "-"
173.201.191.42 - - [28/Jun/2014:10:56:39 +0000] "HEAD /.ssh/id_dsa HTTP/1.1" 404 191 "-" "-"
173.201.191.42 - - [28/Jun/2014:10:56:39 +0000] "HEAD /.ssh/rsa HTTP/1.1" 404 191 "-" "-"
173.201.191.42 - - [28/Jun/2014:10:56:40 +0000] "HEAD /.ssh/dsa HTTP/1.1" 404 191 "-" "-"
173.201.191.42 - - [28/Jun/2014:10:56:40 +0000] "HEAD /.ssh/key HTTP/1.1" 404 191 "-" "-"
173.201.191.42 - - [28/Jun/2014:10:56:40 +0000] "HEAD /.ssh/priv HTTP/1.1" 404 191 "-" "-"
173.201.191.42 - - [28/Jun/2014:10:56:40 +0000] "HEAD /.ssh/id_rsa.old HTTP/1.1" 404 191 "-" "-"
173.201.191.42 - - [28/Jun/2014:10:56:40 +0000] "HEAD /.ssh/id_dsa.old HTTP/1.1" 404 191 "-" "-"
173.201.191.42 - - [28/Jun/2014:10:56:40 +0000] "HEAD /.ssh/identity HTTP/1.1" 404 191 "-" "-"
173.201.191.42 - - [28/Jun/2014:10:56:41 +0000] "HEAD /.ssh/authorized_keys HTTP/1.1" 404 191 "-" "-"
173.201.191.42 - - [28/Jun/2014:10:56:41 +0000] "HEAD /.ssh/authorized_keys2 HTTP/1.1" 404 191 "-" "-"
173.201.191.42 - - [28/Jun/2014:10:56:41 +0000] "HEAD /.ssh/known_hosts HTTP/1.1" 404 191 "-" "-"
173.201.191.42 - - [28/Jun/2014:10:56:41 +0000] "HEAD /.ssh/config HTTP/1.1" 404 191 "-" "-"
173.201.191.42 - - [28/Jun/2014:10:56:41 +0000] "HEAD /.ssh/config.old HTTP/1.1" 404 191 "-" "-"
173.201.191.42 - - [28/Jun/2014:10:56:42 +0000] "HEAD /.ssh/config~ HTTP/1.1" 404 191 "-" "-"
173.201.191.42 - - [28/Jun/2014:10:56:42 +0000] "HEAD /.ssh/id_rsa.pub HTTP/1.1" 404 191 "-" "-"
173.201.191.42 - - [28/Jun/2014:10:56:42 +0000] "HEAD /.ssh/id_dsa.pub HTTP/1.1" 404 191 "-" "-"
173.201.191.42 - - [28/Jun/2014:10:56:42 +0000] "HEAD /.ssh/id_rsa_2 HTTP/1.1" 404 191 "-" "-"
173.201.191.42 - - [28/Jun/2014:10:56:42 +0000] "HEAD /.ssh/id_rsa.2 HTTP/1.1" 404 191 "-" "-"
173.201.191.42 - - [28/Jun/2014:10:56:42 +0000] "HEAD /.ssh/id_dsa_2 HTTP/1.1" 404 191 "-" "-"
173.201.191.42 - - [28/Jun/2014:10:56:43 +0000] "HEAD /.ssh/id_dsa.2 HTTP/1.1" 404 191 "-" "-"
173.201.191.42 - - [28/Jun/2014:10:56:43 +0000] "HEAD /.ssh/id_ecdsa HTTP/1.1" 404 191 "-" "-"
173.201.191.42 - - [28/Jun/2014:10:56:43 +0000] "HEAD /.ssh/id_ecdsa.2 HTTP/1.1" 404 191 "-" "-"
173.201.191.42 - - [28/Jun/2014:10:56:43 +0000] "HEAD /.ssh/id_ecdsa_2 HTTP/1.1" 404 191 "-" "-"
173.201.191.42 - - [28/Jun/2014:10:56:43 +0000] "HEAD /.ssh/id_rsa2 HTTP/1.1" 404 191 "-" "-"
173.201.191.42 - - [28/Jun/2014:10:56:43 +0000] "HEAD /.ssh/id_dsa2 HTTP/1.1" 404 191 "-" "-"
173.201.191.42 - - [28/Jun/2014:10:56:44 +0000] "HEAD /.ssh/id_ecdsa2 HTTP/1.1" 404 191 "-" "-"
173.201.191.42 - - [28/Jun/2014:10:56:44 +0000] "HEAD /.ssh/id_ecdsa_old HTTP/1.1" 404 191 "-" "-"
173.201.191.42 - - [28/Jun/2014:10:56:44 +0000] "HEAD /.ssh/id_ecdsa.old HTTP/1.1" 404 191 "-" "-"
173.201.191.42 - - [28/Jun/2014:10:56:44 +0000] "HEAD /.ssh/id_rsa.bak HTTP/1.1" 404 191 "-" "-"
173.201.191.42 - - [28/Jun/2014:10:56:44 +0000] "HEAD /.ssh/id_dsa.bak HTTP/1.1" 404 191 "-" "-"
173.201.191.42 - - [28/Jun/2014:10:56:45 +0000] "HEAD /.bash_history HTTP/1.1" 404 191 "-" "-"
173.201.191.42 - - [28/Jun/2014:10:56:45 +0000] "HEAD /.history HTTP/1.1" 404 191 "-" "-"
173.201.191.42 - - [28/Jun/2014:10:56:45 +0000] "HEAD /.sh_history HTTP/1.1" 404 191 "-" "-"
173.201.191.42 - - [28/Jun/2014:10:56:45 +0000] "HEAD /.bitcoin/wallet.dat HTTP/1.1" 404 191 "-" "-"
173.201.191.42 - - [28/Jun/2014:10:56:45 +0000] "HEAD /.litecoin/wallet.dat HTTP/1.1" 404 191 "-" "-"
173.201.191.42 - - [28/Jun/2014:10:56:45 +0000] "HEAD /.psi/profiles/default/config.xml HTTP/1.1" 404 191 "-" "-"
173.201.191.42 - - [28/Jun/2014:10:56:46 +0000] "HEAD /.purple/accounts.xml HTTP/1.1" 404 191 "-" "-"
173.201.191.42 - - [28/Jun/2014:10:56:46 +0000] "HEAD /.mozilla/firefox/profiles.ini HTTP/1.1" 404 191 "-" "-"
173.201.191.42 - - [28/Jun/2014:10:56:46 +0000] "HEAD /id_ecdsa HTTP/1.1" 404 191 "-" "-"
173.201.191.42 - - [28/Jun/2014:10:56:46 +0000] "HEAD /id_ecdsa.2 HTTP/1.1" 404 191 "-" "-"
173.201.191.42 - - [28/Jun/2014:10:56:46 +0000] "HEAD /id_ecdsa_2 HTTP/1.1" 404 191 "-" "-"
173.201.191.42 - - [28/Jun/2014:10:56:47 +0000] "HEAD /id_ecdsa_old HTTP/1.1" 404 191 "-" "-"
173.201.191.42 - - [28/Jun/2014:10:56:47 +0000] "HEAD /id_ecdsa.old HTTP/1.1" 404 191 "-" "-"
173.201.191.42 - - [28/Jun/2014:10:56:47 +0000] "HEAD /config HTTP/1.1" 404 191 "-" "-"
173.201.191.42 - - [28/Jun/2014:10:56:47 +0000] "HEAD /id_rsa HTTP/1.1" 404 191 "-" "-"
173.201.191.42 - - [28/Jun/2014:10:56:47 +0000] "HEAD /id_dsa HTTP/1.1" 404 191 "-" "-"
173.201.191.42 - - [28/Jun/2014:10:56:47 +0000] "HEAD /rsa HTTP/1.1" 404 191 "-" "-"
173.201.191.42 - - [28/Jun/2014:10:56:48 +0000] "HEAD /dsa HTTP/1.1" 404 191 "-" "-"
173.201.191.42 - - [28/Jun/2014:10:56:48 +0000] "HEAD /key HTTP/1.1" 404 191 "-" "-"
173.201.191.42 - - [28/Jun/2014:10:56:48 +0000] "HEAD /key.priv HTTP/1.1" 404 191 "-" "-"
173.201.191.42 - - [28/Jun/2014:10:56:48 +0000] "HEAD /id_rsa.old HTTP/1.1" 404 191 "-" "-"
173.201.191.42 - - [28/Jun/2014:10:56:48 +0000] "HEAD /id_dsa.old HTTP/1.1" 404 191 "-" "-"
173.201.191.42 - - [28/Jun/2014:10:56:48 +0000] "HEAD /identity HTTP/1.1" 404 191 "-" "-"
173.201.191.42 - - [28/Jun/2014:10:56:49 +0000] "HEAD /authorized_keys HTTP/1.1" 404 191 "-" "-"
173.201.191.42 - - [28/Jun/2014:10:56:49 +0000] "HEAD /authorized_keys2 HTTP/1.1" 404 191 "-" "-"
173.201.191.42 - - [28/Jun/2014:10:56:49 +0000] "HEAD /known_hosts HTTP/1.1" 404 191 "-" "-"
173.201.191.42 - - [28/Jun/2014:10:56:49 +0000] "HEAD /id_rsa.pub HTTP/1.1" 404 191 "-" "-"
173.201.191.42 - - [28/Jun/2014:10:56:49 +0000] "HEAD /id_dsa.pub HTTP/1.1" 404 191 "-" "-"
173.201.191.42 - - [28/Jun/2014:10:56:50 +0000] "HEAD /.htpasswd HTTP/1.1" 404 191 "-" "-"
173.201.191.42 - - [28/Jun/2014:10:56:50 +0000] "HEAD /htpasswd HTTP/1.1" 404 191 "-" "-"
173.201.191.42 - - [28/Jun/2014:10:56:50 +0000] "HEAD /.htpasswd~ HTTP/1.1" 404 191 "-" "-"
173.201.191.42 - - [28/Jun/2014:10:56:50 +0000] "HEAD /passwd HTTP/1.1" 404 191 "-" "-"
173.201.191.42 - - [28/Jun/2014:10:56:50 +0000] "HEAD /.passwd HTTP/1.1" 404 191 "-" "-"
173.201.191.42 - - [28/Jun/2014:10:56:50 +0000] "HEAD /passwords HTTP/1.1" 404 191 "-" "-"
173.201.191.42 - - [28/Jun/2014:10:56:51 +0000] "HEAD /password HTTP/1.1" 404 191 "-" "-"
173.201.191.42 - - [28/Jun/2014:10:56:51 +0000] "HEAD /passwords.txt HTTP/1.1" 404 191 "-" "-"
173.201.191.42 - - [28/Jun/2014:10:56:51 +0000] "HEAD /pass HTTP/1.1" 404 191 "-" "-"
202.46.62.208 - - [28/Jun/2014:11:05:26 +0000] "GET / HTTP/1.1" 200 1981 "-" "Mozilla/4.0 (compatible; MSIE 7.0; Windows NT 6.0)"
119.63.193.130 - - [28/Jun/2014:11:06:38 +0000] "GET / HTTP/1.1" 200 1981 "-" "Mozilla/4.0 (compatible; MSIE 7.0; Windows NT 6.0)"
202.46.62.19 - - [28/Jun/2014:13:11:58 +0000] "GET / HTTP/1.1" 200 1981 "-" "Mozilla/4.0 (compatible; MSIE 7.0; Windows NT 6.0)"
119.63.193.130 - - [28/Jun/2014:13:13:26 +0000] "GET / HTTP/1.1" 200 1981 "-" "Mozilla/4.0 (compatible; MSIE 7.0; Windows NT 6.0)"
119.63.193.130 - - [28/Jun/2014:15:02:56 +0000] "GET / HTTP/1.1" 200 1981 "-" "Mozilla/4.0 (compatible; MSIE 7.0; Windows NT 6.0)"
222.186.42.74 - - [28/Jun/2014:15:06:01 +0000] "GET /manager/html HTTP/1.1" 404 2165 "-" "Mozilla/3.0 (compatible; Indy Library)"
184.72.132.51 - - [28/Jun/2014:15:38:01 +0000] "HEAD / HTTP/1.1" 200 184 "-" "Cloud mapping experiment. Contact research@pdrlabs.net"
79.180.48.22 - - [28/Jun/2014:16:25:28 +0000] "GET /upload/Gangnam%20Style!.JPG HTTP/1.1" 404 2209 "-" "Mozilla/4.0"
79.180.48.22 - - [28/Jun/2014:16:25:28 +0000] "GET /upload/Gangnam%20Style!.JPG HTTP/1.1" 404 2209 "-" "Mozilla/4.0"
93.174.93.218 - - [28/Jun/2014:16:42:32 +0000] "GET http://proxyjudge.info HTTP/1.1" 200 1095 "-" "Mozilla/5.0 (Windows; U; Windows NT 6.1; en-US; rv:1.9.2.28) Gecko/20120306 Firefox/3.6.28 (.NET CLR 3.5.30729)"
93.174.93.218 - - [28/Jun/2014:16:42:53 +0000] "-" 408 0 "-" "-"
93.174.93.218 - - [28/Jun/2014:16:43:14 +0000] "-" 408 0 "-" "-"
202.46.62.202 - - [28/Jun/2014:17:09:34 +0000] "GET / HTTP/1.1" 200 1981 "-" "Mozilla/4.0 (compatible; MSIE 7.0; Windows NT 6.0)"
119.63.193.130 - - [28/Jun/2014:17:10:57 +0000] "GET / HTTP/1.1" 200 1981 "-" "Mozilla/4.0 (compatible; MSIE 7.0; Windows NT 6.0)"
79.180.48.22 - - [28/Jun/2014:17:18:02 +0000] "GET /upload/Gangnam%20Style!.JPG HTTP/1.1" 404 2209 "-" "Mozilla/4.0"
79.180.48.22 - - [28/Jun/2014:17:18:02 +0000] "GET /upload/Gangnam%20Style!.JPG HTTP/1.1" 404 2209 "-" "Mozilla/4.0"
::1 - - [28/Jun/2014:17:42:45 +0000] "OPTIONS * HTTP/1.0" 200 126 "-" "Apache/2.2.22 (Debian) (internal dummy connection)"
::1 - - [28/Jun/2014:17:42:46 +0000] "OPTIONS * HTTP/1.0" 200 126 "-" "Apache/2.2.22 (Debian) (internal dummy connection)"
::1 - - [28/Jun/2014:13:42:47 -0400] "OPTIONS * HTTP/1.0" 200 126 "-" "Apache/2.2.22 (Debian) (internal dummy connection)"
::1 - - [28/Jun/2014:13:42:48 -0400] "OPTIONS * HTTP/1.0" 200 126 "-" "Apache/2.2.22 (Debian) (internal dummy connection)"
::1 - - [28/Jun/2014:13:42:49 -0400] "OPTIONS * HTTP/1.0" 200 126 "-" "Apache/2.2.22 (Debian) (internal dummy connection)"
79.180.48.22 - - [28/Jun/2014:17:59:16 +0000] "GET /upload/Gangnam%20Style!.JPG HTTP/1.1" 404 2209 "-" "Mozilla/4.0"
79.180.48.22 - - [28/Jun/2014:17:59:17 +0000] "GET /upload/Gangnam%20Style!.JPG HTTP/1.1" 404 2209 "-" "Mozilla/4.0"
180.76.6.156 - - [28/Jun/2014:18:12:12 +0000] "GET / HTTP/1.1" 200 1095 "-" "Mozilla/5.0 (compatible; Baiduspider/2.0; +http://www.baidu.com/search/spider.html)"
202.46.53.39 - - [28/Jun/2014:19:07:36 +0000] "GET / HTTP/1.1" 200 1981 "-" "Mozilla/4.0 (compatible; MSIE 7.0; Windows NT 6.0)"
119.63.193.132 - - [28/Jun/2014:19:08:54 +0000] "GET / HTTP/1.1" 200 1981 "-" "Mozilla/4.0 (compatible; MSIE 7.0; Windows NT 6.0)"
79.180.48.22 - - [28/Jun/2014:19:36:00 +0000] "GET /upload/Gangnam%20Style!.JPG HTTP/1.1" 404 2209 "-" "Mozilla/4.0"
79.180.48.22 - - [28/Jun/2014:19:36:01 +0000] "GET /upload/Gangnam%20Style!.JPG HTTP/1.1" 404 2209 "-" "Mozilla/4.0"
79.180.48.22 - - [28/Jun/2014:20:42:15 +0000] "GET /upload/Gangnam%20Style!.JPG HTTP/1.1" 404 2209 "-" "Mozilla/4.0"
79.180.48.22 - - [28/Jun/2014:20:42:16 +0000] "GET /upload/Gangnam%20Style!.JPG HTTP/1.1" 404 2209 "-" "Mozilla/4.0"
24.149.63.76 - - [28/Jun/2014:20:53:11 +0000] "GET / HTTP/1.1" 200 1095 "-" "Mozilla/5.0 (X11; Linux i686) AppleWebKit/537.36 (KHTML, like Gecko) Chrome/34.0.1847.137 Safari/537.36"
202.46.55.51 - - [28/Jun/2014:21:04:47 +0000] "GET / HTTP/1.1" 200 1981 "-" "Mozilla/4.0 (compatible; MSIE 7.0; Windows NT 6.0)"
119.63.193.195 - - [28/Jun/2014:21:05:56 +0000] "GET / HTTP/1.1" 200 1981 "-" "Mozilla/4.0 (compatible; MSIE 7.0; Windows NT 6.0)"
79.180.48.22 - - [28/Jun/2014:21:24:18 +0000] "GET /upload/Gangnam%20Style!.JPG HTTP/1.1" 404 2209 "-" "Mozilla/4.0"
79.180.48.22 - - [28/Jun/2014:21:24:19 +0000] "GET /upload/Gangnam%20Style!.JPG HTTP/1.1" 404 2209 "-" "Mozilla/4.0"
23.99.101.161 - - [28/Jun/2014:21:26:25 +0000] "GET / HTTP/1.1" 200 1981 "-" "-"
24.149.63.76 - - [28/Jun/2014:21:47:11 +0000] "GET / HTTP/1.1" 200 1095 "-" "Mozilla/5.0 (X11; Linux i686) AppleWebKit/537.36 (KHTML, like Gecko) Chrome/34.0.1847.137 Safari/537.36"
24.149.63.76 - - [28/Jun/2014:21:47:34 +0000] "GET / HTTP/1.1" 200 1095 "-" "Mozilla/5.0 (X11; Linux i686) AppleWebKit/537.36 (KHTML, like Gecko) Chrome/34.0.1847.137 Safari/537.36"
24.149.63.76 - - [28/Jun/2014:21:48:37 +0000] "GET / HTTP/1.1" 200 1095 "-" "Mozilla/5.0 (X11; Linux i686) AppleWebKit/537.36 (KHTML, like Gecko) Chrome/34.0.1847.137 Safari/537.36"
24.149.63.76 - - [28/Jun/2014:21:48:45 +0000] "GET / HTTP/1.1" 200 1095 "-" "Mozilla/5.0 (X11; Linux i686) AppleWebKit/537.36 (KHTML, like Gecko) Chrome/34.0.1847.137 Safari/537.36"
79.180.48.22 - - [28/Jun/2014:22:46:42 +0000] "GET /upload/Gangnam%20Style!.JPG HTTP/1.1" 404 2209 "-" "Mozilla/4.0"
79.180.48.22 - - [28/Jun/2014:22:46:43 +0000] "GET /upload/Gangnam%20Style!.JPG HTTP/1.1" 404 2209 "-" "Mozilla/4.0"
202.46.54.45 - - [28/Jun/2014:23:05:21 +0000] "GET / HTTP/1.1" 200 1981 "-" "Mozilla/4.0 (compatible; MSIE 7.0; Windows NT 6.0)"
119.63.193.195 - - [28/Jun/2014:23:06:31 +0000] "GET / HTTP/1.1" 200 1981 "-" "Mozilla/4.0 (compatible; MSIE 7.0; Windows NT 6.0)"
79.180.48.22 - - [29/Jun/2014:00:25:08 +0000] "GET /upload/Gangnam%20Style!.JPG HTTP/1.1" 404 2209 "-" "Mozilla/4.0"
79.180.48.22 - - [29/Jun/2014:00:25:09 +0000] "GET /upload/Gangnam%20Style!.JPG HTTP/1.1" 404 2209 "-" "Mozilla/4.0"
79.180.48.22 - - [29/Jun/2014:01:37:24 +0000] "GET /upload/Gangnam%20Style!.JPG HTTP/1.1" 404 2209 "-" "Mozilla/4.0"
79.180.48.22 - - [29/Jun/2014:01:37:25 +0000] "GET /upload/Gangnam%20Style!.JPG HTTP/1.1" 404 2209 "-" "Mozilla/4.0"
202.46.50.15 - - [29/Jun/2014:03:13:44 +0000] "GET / HTTP/1.1" 200 1981 "-" "Mozilla/4.0 (compatible; MSIE 7.0; Windows NT 6.0)"
119.63.193.196 - - [29/Jun/2014:03:15:20 +0000] "GET / HTTP/1.1" 200 1981 "-" "Mozilla/4.0 (compatible; MSIE 7.0; Windows NT 6.0)"
79.180.48.22 - - [29/Jun/2014:03:29:20 +0000] "GET /upload/Gangnam%20Style!.JPG HTTP/1.1" 404 2209 "-" "Mozilla/4.0"
79.180.48.22 - - [29/Jun/2014:03:29:20 +0000] "GET /upload/Gangnam%20Style!.JPG HTTP/1.1" 404 2209 "-" "Mozilla/4.0"
24.149.63.76 - - [29/Jun/2014:04:20:29 +0000] "GET / HTTP/1.1" 200 1095 "-" "Mozilla/5.0 (X11; Linux i686) AppleWebKit/537.36 (KHTML, like Gecko) Chrome/34.0.1847.137 Safari/537.36"
79.180.48.22 - - [29/Jun/2014:04:27:37 +0000] "GET /upload/Gangnam%20Style!.JPG HTTP/1.1" 404 2209 "-" "Mozilla/4.0"
79.180.48.22 - - [29/Jun/2014:04:27:38 +0000] "GET /upload/Gangnam%20Style!.JPG HTTP/1.1" 404 2209 "-" "Mozilla/4.0"
23.20.103.233 - - [29/Jun/2014:04:59:06 +0000] "HEAD / HTTP/1.1" 200 184 "-" "Cloud mapping experiment. Contact research@pdrlabs.net"
202.46.62.34 - - [29/Jun/2014:05:08:29 +0000] "GET / HTTP/1.1" 200 1981 "-" "Mozilla/4.0 (compatible; MSIE 7.0; Windows NT 6.0)"
119.63.193.132 - - [29/Jun/2014:05:09:49 +0000] "GET / HTTP/1.1" 200 1981 "-" "Mozilla/4.0 (compatible; MSIE 7.0; Windows NT 6.0)"
66.249.83.71 - - [29/Jun/2014:05:24:48 +0000] "GET / HTTP/1.1" 200 1095 "-" "Mozilla/5.0 (Windows NT 6.1; rv:6.0) Gecko/20110814 Firefox/6.0 Google favicon"
66.249.83.71 - - [29/Jun/2014:05:24:48 +0000] "GET /favicon.ico HTTP/1.1" 404 469 "-" "Mozilla/5.0 (Windows NT 6.1; rv:6.0) Gecko/20110814 Firefox/6.0 Google favicon"
79.180.48.22 - - [29/Jun/2014:05:26:26 +0000] "GET /upload/Gangnam%20Style!.JPG HTTP/1.1" 404 2209 "-" "Mozilla/4.0"
79.180.48.22 - - [29/Jun/2014:05:26:26 +0000] "GET /upload/Gangnam%20Style!.JPG HTTP/1.1" 404 2209 "-" "Mozilla/4.0"
79.180.48.22 - - [29/Jun/2014:06:17:36 +0000] "GET /upload/Gangnam%20Style!.JPG HTTP/1.1" 404 2209 "-" "Mozilla/4.0"
79.180.48.22 - - [29/Jun/2014:06:17:36 +0000] "GET /upload/Gangnam%20Style!.JPG HTTP/1.1" 404 2209 "-" "Mozilla/4.0"
115.29.177.30 - - [29/Jun/2014:07:06:42 +0000] "GET /w00tw00t.at.ISC.SANS.DFind:) HTTP/1.1" 400 512 "-" "-"
202.46.50.19 - - [29/Jun/2014:07:08:06 +0000] "GET / HTTP/1.1" 200 1981 "-" "Mozilla/4.0 (compatible; MSIE 7.0; Windows NT 6.0)"
119.63.193.196 - - [29/Jun/2014:07:09:25 +0000] "GET / HTTP/1.1" 200 1981 "-" "Mozilla/4.0 (compatible; MSIE 7.0; Windows NT 6.0)"
79.180.48.22 - - [29/Jun/2014:07:25:00 +0000] "GET /upload/Gangnam%20Style!.JPG HTTP/1.1" 404 2209 "-" "Mozilla/4.0"
79.180.48.22 - - [29/Jun/2014:07:25:00 +0000] "GET /upload/Gangnam%20Style!.JPG HTTP/1.1" 404 2209 "-" "Mozilla/4.0"
112.124.29.74 - - [29/Jun/2014:08:08:57 +0000] "GET http://hotel.qunar.com/render/hoteldiv.jsp?&__jscallback=XQScript_4 HTTP/1.1" 404 1205 "http://hotel.qunar.com/" "Mozilla/5.0 (Windows NT 6.1; WOW64) AppleWebKit/537.36 (KHTML, like Gecko) Chrome/35.0.1916.114 Safari/537.36"
202.46.60.16 - - [29/Jun/2014:09:05:29 +0000] "GET / HTTP/1.1" 200 1981 "-" "Mozilla/4.0 (compatible; MSIE 7.0; Windows NT 6.0)"
119.63.193.195 - - [29/Jun/2014:09:06:40 +0000] "GET / HTTP/1.1" 200 1981 "-" "Mozilla/4.0 (compatible; MSIE 7.0; Windows NT 6.0)"
79.180.48.22 - - [29/Jun/2014:09:08:00 +0000] "GET /upload/Gangnam%20Style!.JPG HTTP/1.1" 404 2209 "-" "Mozilla/4.0"
79.180.48.22 - - [29/Jun/2014:09:08:01 +0000] "GET /upload/Gangnam%20Style!.JPG HTTP/1.1" 404 2209 "-" "Mozilla/4.0"
79.180.48.22 - - [29/Jun/2014:09:38:29 +0000] "GET /upload/Gangnam%20Style!.JPG HTTP/1.1" 404 2209 "-" "Mozilla/4.0"
79.180.48.22 - - [29/Jun/2014:09:38:29 +0000] "GET /upload/Gangnam%20Style!.JPG HTTP/1.1" 404 2209 "-" "Mozilla/4.0"
79.180.48.22 - - [29/Jun/2014:10:13:00 +0000] "GET /upload/Gangnam%20Style!.JPG HTTP/1.1" 404 2209 "-" "Mozilla/4.0"
79.180.48.22 - - [29/Jun/2014:10:13:00 +0000] "GET /upload/Gangnam%20Style!.JPG HTTP/1.1" 404 2209 "-" "Mozilla/4.0"
::1 - - [29/Jun/2014:10:25:07 +0000] "OPTIONS * HTTP/1.0" 200 126 "-" "Apache/2.2.22 (Debian) (internal dummy connection)"
::1 - - [29/Jun/2014:06:25:09 -0400] "OPTIONS * HTTP/1.0" 200 126 "-" "Apache/2.2.22 (Debian) (internal dummy connection)"
::1 - - [29/Jun/2014:06:25:09 -0400] "OPTIONS * HTTP/1.0" 200 126 "-" "Apache/2.2.22 (Debian) (internal dummy connection)"
::1 - - [29/Jun/2014:06:25:09 -0400] "OPTIONS * HTTP/1.0" 200 126 "-" "Apache/2.2.22 (Debian) (internal dummy connection)"
::1 - - [29/Jun/2014:06:25:09 -0400] "OPTIONS * HTTP/1.0" 200 126 "-" "Apache/2.2.22 (Debian) (internal dummy connection)"
::1 - - [29/Jun/2014:06:25:09 -0400] "OPTIONS * HTTP/1.0" 200 126 "-" "Apache/2.2.22 (Debian) (internal dummy connection)"
::1 - - [29/Jun/2014:06:25:09 -0400] "OPTIONS * HTTP/1.0" 200 126 "-" "Apache/2.2.22 (Debian) (internal dummy connection)"
::1 - - [29/Jun/2014:06:25:09 -0400] "OPTIONS * HTTP/1.0" 200 126 "-" "Apache/2.2.22 (Debian) (internal dummy connection)"
::1 - - [29/Jun/2014:06:25:09 -0400] "OPTIONS * HTTP/1.0" 200 126 "-" "Apache/2.2.22 (Debian) (internal dummy connection)"
::1 - - [29/Jun/2014:06:25:09 -0400] "OPTIONS * HTTP/1.0" 200 126 "-" "Apache/2.2.22 (Debian) (internal dummy connection)"
::1 - - [29/Jun/2014:06:25:09 -0400] "OPTIONS * HTTP/1.0" 200 126 "-" "Apache/2.2.22 (Debian) (internal dummy connection)"
::1 - - [29/Jun/2014:06:25:09 -0400] "OPTIONS * HTTP/1.0" 200 126 "-" "Apache/2.2.22 (Debian) (internal dummy connection)"
202.46.57.85 - - [29/Jun/2014:11:03:51 +0000] "GET / HTTP/1.1" 200 1981 "-" "Mozilla/4.0 (compatible; MSIE 7.0; Windows NT 6.0)"
119.63.193.132 - - [29/Jun/2014:11:04:58 +0000] "GET / HTTP/1.1" 200 1981 "-" "Mozilla/4.0 (compatible; MSIE 7.0; Windows NT 6.0)"
202.46.48.25 - - [29/Jun/2014:13:11:18 +0000] "GET / HTTP/1.1" 200 1981 "-" "Mozilla/4.0 (compatible; MSIE 7.0; Windows NT 6.0)"
119.63.193.195 - - [29/Jun/2014:13:12:45 +0000] "GET / HTTP/1.1" 200 1981 "-" "Mozilla/4.0 (compatible; MSIE 7.0; Windows NT 6.0)"
107.155.72.21 - - [29/Jun/2014:13:43:59 +0000] "GET / HTTP/1.1" 200 1095 "-" "Mozilla/5.0 (X11; Linux x86_64) AppleWebKit/537.36 (KHTML, like Gecko) Chrome/31.0.1650.63 Safari/537.36"
202.46.50.18 - - [29/Jun/2014:15:02:31 +0000] "GET / HTTP/1.1" 200 1981 "-" "Mozilla/4.0 (compatible; MSIE 7.0; Windows NT 6.0)"
119.63.193.131 - - [29/Jun/2014:15:03:35 +0000] "GET / HTTP/1.1" 200 1981 "-" "Mozilla/4.0 (compatible; MSIE 7.0; Windows NT 6.0)"
202.46.62.205 - - [29/Jun/2014:17:09:34 +0000] "GET / HTTP/1.1" 200 1981 "-" "Mozilla/4.0 (compatible; MSIE 7.0; Windows NT 6.0)"
119.63.193.194 - - [29/Jun/2014:17:10:56 +0000] "GET / HTTP/1.1" 200 1981 "-" "Mozilla/4.0 (compatible; MSIE 7.0; Windows NT 6.0)"
122.226.223.69 - - [29/Jun/2014:17:24:39 +0000] "GET http://todd0738.gotoip4.com//hello.html HTTP/1.1" 404 2167 "-" "Mozilla/4.0 (compatible; MSIE 7.0; Windows NT 6.1; WOW64; Trident/6.0; SLCC2; .NET CLR 2.0.50727; .NET CLR 3.5.30729; .NET CLR 3.0.30729; Media Center PC 6.0; .NET4.0C; .NET4.0E)"
54.227.227.206 - - [29/Jun/2014:18:02:03 +0000] "HEAD / HTTP/1.1" 200 184 "-" "Cloud mapping experiment. Contact research@pdrlabs.net"
24.221.73.101 - - [29/Jun/2014:18:13:12 +0000] "GET / HTTP/1.1" 200 1095 "-" "Mozilla/5.0 (X11; Linux i686) AppleWebKit/537.36 (KHTML, like Gecko) Chrome/34.0.1847.137 Safari/537.36"
202.46.61.28 - - [29/Jun/2014:19:06:55 +0000] "GET / HTTP/1.1" 200 1981 "-" "Mozilla/4.0 (compatible; MSIE 7.0; Windows NT 6.0)"
119.63.193.130 - - [29/Jun/2014:19:08:12 +0000] "GET / HTTP/1.1" 200 1981 "-" "Mozilla/4.0 (compatible; MSIE 7.0; Windows NT 6.0)"
24.221.73.101 - - [29/Jun/2014:15:54:53 -0400] "-" 408 0 "-" "-"
202.46.58.31 - - [29/Jun/2014:21:06:37 +0000] "GET / HTTP/1.1" 200 1981 "-" "Mozilla/4.0 (compatible; MSIE 7.0; Windows NT 6.0)"
119.63.193.196 - - [29/Jun/2014:21:07:52 +0000] "GET / HTTP/1.1" 200 1981 "-" "Mozilla/4.0 (compatible; MSIE 7.0; Windows NT 6.0)"
66.85.140.110 - - [29/Jun/2014:21:25:25 +0000] "GET / HTTP/1.0" 200 1941 "-" "masscan/1.0 (https://github.com/robertdavidgraham/masscan)"
187.71.80.218 - - [29/Jun/2014:21:42:04 +0000] "GET /upload/Gangnam%20Style!.JPG HTTP/1.1" 404 2209 "-" "Mozilla/4.0"
187.71.80.218 - - [29/Jun/2014:21:42:08 +0000] "GET /upload/Gangnam%20Style!.JPG HTTP/1.1" 404 2209 "-" "Mozilla/4.0"
66.249.67.193 - - [29/Jun/2014:18:32:01 -0400] "GET /robots.txt HTTP/1.1" 200 344 "-" "Mozilla/5.0 (compatible; Googlebot/2.1; +http://www.google.com/bot.html)"
66.249.67.180 - - [29/Jun/2014:22:32:01 +0000] "GET / HTTP/1.1" 200 1095 "-" "Mozilla/5.0 (compatible; Googlebot/2.1; +http://www.google.com/bot.html)"
202.46.53.61 - - [29/Jun/2014:23:10:43 +0000] "GET / HTTP/1.1" 200 1981 "-" "Mozilla/4.0 (compatible; MSIE 7.0; Windows NT 6.0)"
119.63.193.195 - - [29/Jun/2014:23:12:10 +0000] "GET / HTTP/1.1" 200 1981 "-" "Mozilla/4.0 (compatible; MSIE 7.0; Windows NT 6.0)"
187.26.17.150 - - [29/Jun/2014:23:30:28 +0000] "GET /upload/Gangnam%20Style!.JPG HTTP/1.1" 404 2209 "-" "Mozilla/4.0"
187.26.17.150 - - [29/Jun/2014:23:30:28 +0000] "GET /upload/Gangnam%20Style!.JPG HTTP/1.1" 404 2209 "-" "Mozilla/4.0"
66.249.83.175 - - [29/Jun/2014:23:39:59 +0000] "GET / HTTP/1.1" 200 1095 "-" "Mozilla/5.0 (Windows NT 6.1; rv:6.0) Gecko/20110814 Firefox/6.0 Google favicon"
66.249.83.175 - - [29/Jun/2014:23:39:59 +0000] "GET /favicon.ico HTTP/1.1" 404 466 "-" "Mozilla/5.0 (Windows NT 6.1; rv:6.0) Gecko/20110814 Firefox/6.0 Google favicon"
187.70.38.217 - - [30/Jun/2014:00:27:25 +0000] "GET /upload/Gangnam%20Style!.JPG HTTP/1.1" 404 2209 "-" "Mozilla/4.0"
187.70.38.217 - - [30/Jun/2014:00:27:26 +0000] "GET /upload/Gangnam%20Style!.JPG HTTP/1.1" 404 2209 "-" "Mozilla/4.0"
202.46.57.85 - - [30/Jun/2014:01:08:24 +0000] "GET / HTTP/1.1" 200 1981 "-" "Mozilla/4.0 (compatible; MSIE 7.0; Windows NT 6.0)"
